Archive member included because of file (symbol)

/home/uidj7648/Workspace/toyota-1.19.3/package/opensource/eglibc/build/elf/rtld-libc.a(rtld-check_fds.os)
                              /home/uidj7648/Workspace/toyota-1.19.3/package/opensource/eglibc/build/elf/dl-allobjs.os (__libc_check_standard_fds)
/home/uidj7648/Workspace/toyota-1.19.3/package/opensource/eglibc/build/elf/rtld-libc.a(rtld-errno.os)
                              /home/uidj7648/Workspace/toyota-1.19.3/package/opensource/eglibc/build/elf/dl-allobjs.os (rtld_errno)
/home/uidj7648/Workspace/toyota-1.19.3/package/opensource/eglibc/build/elf/rtld-libc.a(rtld-profil.os)
                              /home/uidj7648/Workspace/toyota-1.19.3/package/opensource/eglibc/build/elf/dl-allobjs.os (__profil)
/home/uidj7648/Workspace/toyota-1.19.3/package/opensource/eglibc/build/elf/rtld-libc.a(rtld-prof-freq.os)
                              /home/uidj7648/Workspace/toyota-1.19.3/package/opensource/eglibc/build/elf/dl-allobjs.os (__profile_frequency)
/home/uidj7648/Workspace/toyota-1.19.3/package/opensource/eglibc/build/elf/rtld-libc.a(rtld-xstat64.os)
                              /home/uidj7648/Workspace/toyota-1.19.3/package/opensource/eglibc/build/elf/dl-allobjs.os (__GI___xstat64)
/home/uidj7648/Workspace/toyota-1.19.3/package/opensource/eglibc/build/elf/rtld-libc.a(rtld-fxstat64.os)
                              /home/uidj7648/Workspace/toyota-1.19.3/package/opensource/eglibc/build/elf/dl-allobjs.os (__GI___fxstat64)
/home/uidj7648/Workspace/toyota-1.19.3/package/opensource/eglibc/build/elf/rtld-libc.a(rtld-open.os)
                              /home/uidj7648/Workspace/toyota-1.19.3/package/opensource/eglibc/build/elf/dl-allobjs.os (__open)
/home/uidj7648/Workspace/toyota-1.19.3/package/opensource/eglibc/build/elf/rtld-libc.a(rtld-close.os)
                              /home/uidj7648/Workspace/toyota-1.19.3/package/opensource/eglibc/build/elf/dl-allobjs.os (__close)
/home/uidj7648/Workspace/toyota-1.19.3/package/opensource/eglibc/build/elf/rtld-libc.a(rtld-read.os)
                              /home/uidj7648/Workspace/toyota-1.19.3/package/opensource/eglibc/build/elf/dl-allobjs.os (__libc_read)
/home/uidj7648/Workspace/toyota-1.19.3/package/opensource/eglibc/build/elf/rtld-libc.a(rtld-write.os)
                              /home/uidj7648/Workspace/toyota-1.19.3/package/opensource/eglibc/build/elf/dl-allobjs.os (__libc_write)
/home/uidj7648/Workspace/toyota-1.19.3/package/opensource/eglibc/build/elf/rtld-libc.a(rtld-lseek.os)
                              /home/uidj7648/Workspace/toyota-1.19.3/package/opensource/eglibc/build/elf/dl-allobjs.os (__lseek)
/home/uidj7648/Workspace/toyota-1.19.3/package/opensource/eglibc/build/elf/rtld-libc.a(rtld-access.os)
                              /home/uidj7648/Workspace/toyota-1.19.3/package/opensource/eglibc/build/elf/dl-allobjs.os (__access)
/home/uidj7648/Workspace/toyota-1.19.3/package/opensource/eglibc/build/elf/rtld-libc.a(rtld-fcntl.os)
                              /home/uidj7648/Workspace/toyota-1.19.3/package/opensource/eglibc/build/elf/rtld-libc.a(rtld-check_fds.os) (__libc_fcntl)
/home/uidj7648/Workspace/toyota-1.19.3/package/opensource/eglibc/build/elf/rtld-libc.a(rtld-getcwd.os)
                              /home/uidj7648/Workspace/toyota-1.19.3/package/opensource/eglibc/build/elf/dl-allobjs.os (__getcwd)
/home/uidj7648/Workspace/toyota-1.19.3/package/opensource/eglibc/build/elf/rtld-libc.a(rtld-getpagesize.os)
                              /home/uidj7648/Workspace/toyota-1.19.3/package/opensource/eglibc/build/elf/dl-allobjs.os (getpagesize)
/home/uidj7648/Workspace/toyota-1.19.3/package/opensource/eglibc/build/elf/rtld-libc.a(rtld-mmap.os)
                              /home/uidj7648/Workspace/toyota-1.19.3/package/opensource/eglibc/build/elf/dl-allobjs.os (__mmap)
/home/uidj7648/Workspace/toyota-1.19.3/package/opensource/eglibc/build/elf/rtld-libc.a(rtld-munmap.os)
                              /home/uidj7648/Workspace/toyota-1.19.3/package/opensource/eglibc/build/elf/dl-allobjs.os (__munmap)
/home/uidj7648/Workspace/toyota-1.19.3/package/opensource/eglibc/build/elf/rtld-libc.a(rtld-mprotect.os)
                              /home/uidj7648/Workspace/toyota-1.19.3/package/opensource/eglibc/build/elf/dl-allobjs.os (__mprotect)
/home/uidj7648/Workspace/toyota-1.19.3/package/opensource/eglibc/build/elf/rtld-libc.a(rtld-uname.os)
                              /home/uidj7648/Workspace/toyota-1.19.3/package/opensource/eglibc/build/elf/dl-allobjs.os (__uname)
/home/uidj7648/Workspace/toyota-1.19.3/package/opensource/eglibc/build/elf/rtld-libc.a(rtld-_exit.os)
                              /home/uidj7648/Workspace/toyota-1.19.3/package/opensource/eglibc/build/elf/dl-allobjs.os (_exit)
/home/uidj7648/Workspace/toyota-1.19.3/package/opensource/eglibc/build/elf/rtld-libc.a(rtld-getpid.os)
[...]
Memory Configuration

Name             Origin             Length             Attributes
*default*        0x00000000         0xffffffff

Linker script and memory map

START GROUP
LOAD /home/uidj7648/Workspace/toyota-1.19.3/package/opensource/eglibc/build/elf/dl-allobjs.os
LOAD /home/uidj7648/Workspace/toyota-1.19.3/package/opensource/eglibc/build/elf/rtld-libc.a
LOAD /home/uidj7648/Workspace/toyota-1.19.3/release/fs/devel/usr/bin/../lib/gcc/arm-cas-linux-gnueabi/4.6.2/libgcc.a
END GROUP

.interp
 *(.interp)

.note.gnu.build-id
 *(.note.gnu.build-id)

.hash
 *(.hash)

.gnu.hash
 *(.gnu.hash)

.dynsym
 *(.dynsym)

.dynstr
 *(.dynstr)

.gnu.version
 *(.gnu.version)

.gnu.version_d
 *(.gnu.version_d)

.gnu.version_r
 *(.gnu.version_r)

.rel.init
 *(.rel.init)

.rela.init
 *(.rela.init)

.rel.text
 *(.rel.text)

.rela.text
 *(.rela.text)

.rel.fini
 *(.rel.fini)

.rela.fini
 *(.rela.fini)

.rel.rodata
 *(.rel.rodata)

.rela.rodata
 *(.rela.rodata)

.rel.data.rel.ro
 *(.rel.data.rel.ro)

.rela.data.rel.ro
 *(.rela.data.rel.ro)

.rel.data
 *(.rel.data)

.rela.data
 *(.rela.data)

.rel.tdata
 *(.rel.tdata)

.rela.tdata
 *(.rela.tdata)

.rel.tbss
 *(.rel.tbss)

.rela.tbss
 *(.rela.tbss)

.rel.ctors
 *(.rel.ctors)

.rela.ctors
 *(.rela.ctors)

.rel.dtors
 *(.rel.dtors)

.rela.dtors
 *(.rela.dtors)

.rel.got
 *(.rel.got)

.rela.got
 *(.rela.got)

.rel.bss
 *(.rel.bss)

.rela.bss
 *(.rela.bss)

.rel.iplt
 *(.rel.iplt)

.rela.iplt
 *(.rela.iplt)

.rel.plt
 *(.rel.plt)

.rela.plt
 *(.rela.plt)

.init
 *(.init)

.plt
 *(.plt)

.iplt
 *(.iplt)

.text           0x00000000    0x17c7c
 *(.text .stub)
 .text          0x00000000    0x14e78 /home/uidj7648/Workspace/toyota-1.19.3/package/opensource/eglibc/build/elf/dl-allobjs.os
                0x00000000                _start
                0x00000010                _dl_start_user
                0x000000b0                _dl_initial_error_catch_tsd
                0x00006814                _dl_dst_count
                0x000068e4                _dl_dst_substitute
                0x00006de0                _dl_init_paths
                0x000072f4                _dl_map_object
                0x00007c18                _dl_rtld_di_serinfo
                0x00007dcc                _dl_cache_libcmp
                0x00007ef8                _dl_load_cache_lookup
                0x000085c4                _dl_unload_cache
                0x00008f20                _dl_lookup_symbol_x
                0x00009f80                _dl_setup_hash
                0x0000a030                _dl_add_to_namespace_list
                0x0000a0e8                _dl_new_object
                0x0000a490                _dl_try_allocate_static_tls
                0x0000a570                _dl_allocate_static_tls
                0x0000a5ac                _dl_nothread_init_static_tls
                0x0000a634                _dl_protect_relro
                0x0000a6ac                _dl_reloc_bad_type
                0x0000a714                _dl_relocate_object
                0x0000bfac                _dl_map_object_deps
                0x0000d094                _dl_fixup
                0x0000d274                _dl_profile_fixup
                0x0000d7d4                _dl_call_pltexit
                0x0000d8d4                _dl_signal_error
                0x0000dab0                _dl_signal_cerror
                0x0000db68                _dl_catch_error
                0x0000dc40                _dl_receive_error
                0x0000ddc0                _dl_init_internal
                0x0000ddc0                _dl_init
                0x0000decc                _dl_sort_fini
                0x0000e0ac                _dl_fini
                0x0000e5d8                _dl_debug_state
                0x0000e5d8                __GI__dl_debug_state
                0x0000e5dc                _dl_debug_initialize
                0x0000eaa4                _dl_sysdep_read_whole_file
                0x0000eb28                _dl_debug_printf
                0x0000eb6c                _dl_debug_printf_c
                0x0000ebb0                _dl_dprintf
                0x0000ebe4                _dl_name_match_p
                0x0000ec44                _dl_higher_prime_number
                0x0000f074                _dl_check_map_versions
                0x0000f49c                _dl_check_all_versions
                0x0000f514                _dl_start_profile
                0x0000fbbc                _dl_mcount_internal
                0x0000fbbc                _dl_mcount
                0x0000ffdc                _dl_resolve_conflicts
                0x00010310                _dl_next_tls_modid
                0x00010430                _dl_determine_tlsoffset
                0x00010658                __GI__dl_tls_setup
                0x00010658                _dl_tls_setup
                0x00010718                _dl_get_tls_static_info
                0x00010738                _dl_allocate_tls_storage
                0x000107bc                __GI__dl_allocate_tls_init
                0x000107bc                _dl_allocate_tls_init
                0x000109ac                __GI__dl_allocate_tls
                0x000109ac                _dl_allocate_tls
                0x000109cc                _dl_deallocate_tls
                0x000109cc                __GI__dl_deallocate_tls
                0x00010a78                _dl_update_slotinfo
                0x00010d78                __tls_get_addr
                0x00010de4                _dl_tls_get_addr_soft
                0x00010e78                _dl_add_to_slotinfo
                0x00010f84                _dl_get_origin
                0x00011134                _dl_scope_free
                0x00011218                _dl_make_stack_executable
                0x00011218                __GI__dl_make_stack_executable
                0x000112c4                _dl_check_caller
                0x000116c8                _dl_open
                0x00011a70                _dl_addr_inside_object
                0x0001245c                _dl_close_worker
                0x0001337c                _dl_close
                0x00013440                _dl_runtime_resolve
                0x00013464                _dl_runtime_profile
                0x00013528                _dl_sysdep_start
                0x000138d8                _dl_sysdep_start_cleanup
                0x000138dc                _dl_show_auxv
                0x00013af8                _dl_important_hwcaps
                0x000142e8                _dl_discover_osversion
                0x000144e0                _dl_next_ld_env_entry
                0x00014538                unsetenv
                0x000145d0                __libc_memalign
                0x00014720                malloc
                0x0001472c                calloc
                0x0001477c                free
                0x000147b4                __sigjmp_save
                0x000147c8                __GI___assert_fail
                0x000147c8                __assert_fail
                0x0001482c                realloc
                0x000148b0                __strtoul_internal
                0x00014a48                _itoa
                0x00014af0                __strerror_r
                0x00014c10                __GI___assert_perror_fail
                0x00014c10                __assert_perror_fail
                0x00014c80                __strsep
                0x00014c80                strsep
                0x00014c80                __strsep_g
                0x00014d28                __GI___chk_fail
                0x00014d28                __chk_fail
                0x00014d40                __aeabi_read_tp
                0x00014d50                __brk
                0x00014d50                brk
                0x00014dd8                sbrk
                0x00014dd8                __sbrk
                0x00014e6c                __aeabi_unwind_cpp_pr0
                0x00014e70                __aeabi_unwind_cpp_pr1
                0x00014e74                __aeabi_unwind_cpp_pr2
 .text          0x00014e78      0x118 /home/uidj7648/Workspace/toyota-1.19.3/package/opensource/eglibc/build/elf/rtld-libc.a(rtld-check_fds.os)
                0x00014f64                __libc_check_standard_fds
 .text          0x00014f90        0x0 /home/uidj7648/Workspace/toyota-1.19.3/package/opensource/eglibc/build/elf/rtld-libc.a(rtld-errno.os)
 .text          0x00014f90      0x104 /home/uidj7648/Workspace/toyota-1.19.3/package/opensource/eglibc/build/elf/rtld-libc.a(rtld-profil.os)
                0x00014fdc                __profil
                0x00014fdc                profil
 .text          0x00015094       0x14 /home/uidj7648/Workspace/toyota-1.19.3/package/opensource/eglibc/build/elf/rtld-libc.a(rtld-prof-freq.os)
                0x00015094                __profile_frequency
 .text          0x000150a8       0x40 /home/uidj7648/Workspace/toyota-1.19.3/package/opensource/eglibc/build/elf/rtld-libc.a(rtld-xstat64.os)
                0x000150a8                ___xstat64
                0x000150a8                __xstat64
                0x000150a8                __GI___xstat64
 .text          0x000150e8       0x40 /home/uidj7648/Workspace/toyota-1.19.3/package/opensource/eglibc/build/elf/rtld-libc.a(rtld-fxstat64.os)
                0x000150e8                ___fxstat64
                0x000150e8                __GI___fxstat64
                0x000150e8                __fxstat64
 *fill*         0x00015128        0x8 00000000
 .text          0x00015130       0x40 /home/uidj7648/Workspace/toyota-1.19.3/package/opensource/eglibc/build/elf/rtld-libc.a(rtld-open.os)
                0x00015130                __open
                0x00015130                __libc_open
                0x00015130                open
 .text          0x00015170       0x40 /home/uidj7648/Workspace/toyota-1.19.3/package/opensource/eglibc/build/elf/rtld-libc.a(rtld-close.os)
                0x00015170                __libc_close
                0x00015170                __close
                0x00015170                close
 .text          0x000151b0       0x40 /home/uidj7648/Workspace/toyota-1.19.3/package/opensource/eglibc/build/elf/rtld-libc.a(rtld-read.os)
                0x000151b0                __read
                0x000151b0                __libc_read
                0x000151b0                read
 .text          0x000151f0       0x40 /home/uidj7648/Workspace/toyota-1.19.3/package/opensource/eglibc/build/elf/rtld-libc.a(rtld-write.os)
                0x000151f0                __write
                0x000151f0                write
                0x000151f0                __libc_write
 .text          0x00015230       0x40 /home/uidj7648/Workspace/toyota-1.19.3/package/opensource/eglibc/build/elf/rtld-libc.a(rtld-lseek.os)
                0x00015230                lseek
                0x00015230                __lseek
                0x00015230                __libc_lseek
 .text          0x00015270       0x40 /home/uidj7648/Workspace/toyota-1.19.3/package/opensource/eglibc/build/elf/rtld-libc.a(rtld-access.os)
                0x00015270                access
                0x00015270                __access
 .text          0x000152b0       0x58 /home/uidj7648/Workspace/toyota-1.19.3/package/opensource/eglibc/build/elf/rtld-libc.a(rtld-fcntl.os)
                0x000152b0                __libc_fcntl
                0x000152b0                __fcntl
                0x000152b0                fcntl
 .text          0x00015308       0x98 /home/uidj7648/Workspace/toyota-1.19.3/package/opensource/eglibc/build/elf/rtld-libc.a(rtld-getcwd.os)
                0x00015308                __getcwd
                0x00015308                getcwd
 .text          0x000153a0       0x48 /home/uidj7648/Workspace/toyota-1.19.3/package/opensource/eglibc/build/elf/rtld-libc.a(rtld-getpagesize.os)
                0x000153a0                getpagesize
                0x000153a0                __getpagesize
 *fill*         0x000153e8        0x8 00000000
 .text          0x000153f0       0x60 /home/uidj7648/Workspace/toyota-1.19.3/package/opensource/eglibc/build/elf/rtld-libc.a(rtld-mmap.os)
                0x000153f0                __mmap
                0x000153f0                mmap
 .text          0x00015450       0x40 /home/uidj7648/Workspace/toyota-1.19.3/package/opensource/eglibc/build/elf/rtld-libc.a(rtld-munmap.os)
                0x00015450                munmap
                0x00015450                __munmap
 .text          0x00015490       0x40 /home/uidj7648/Workspace/toyota-1.19.3/package/opensource/eglibc/build/elf/rtld-libc.a(rtld-mprotect.os)
                0x00015490                __mprotect
                0x00015490                mprotect
 .text          0x000154d0       0x40 /home/uidj7648/Workspace/toyota-1.19.3/package/opensource/eglibc/build/elf/rtld-libc.a(rtld-uname.os)
                0x000154d0                uname
                0x000154d0                __uname
 .text          0x00015510       0x58 /home/uidj7648/Workspace/toyota-1.19.3/package/opensource/eglibc/build/elf/rtld-libc.a(rtld-_exit.os)
                0x00015510                _Exit
                0x00015510                _exit
 .text          0x00015568       0x14 /home/uidj7648/Workspace/toyota-1.19.3/package/opensource/eglibc/build/elf/rtld-libc.a(rtld-getpid.os)
                0x00015568                __getpid
                0x00015568                getpid
 .text          0x0001557c        0x0 /home/uidj7648/Workspace/toyota-1.19.3/package/opensource/eglibc/build/elf/rtld-libc.a(rtld-environ.os)
 *fill*         0x0001557c        0x4 00000000
 .text          0x00015580       0x60 /home/uidj7648/Workspace/toyota-1.19.3/package/opensource/eglibc/build/elf/rtld-libc.a(rtld-setjmp.os)
                0x00015580                __sigsetjmp
                0x00015580                __GI___sigsetjmp
 .text          0x000155e0       0x70 /home/uidj7648/Workspace/toyota-1.19.3/package/opensource/eglibc/build/elf/rtld-libc.a(rtld-__longjmp.os)
                0x000155e0                __longjmp
 .text          0x00015650      0x1bc /home/uidj7648/Workspace/toyota-1.19.3/package/opensource/eglibc/build/elf/rtld-libc.a(rtld-sigaction.os)
                0x00015650                __libc_sigaction
                0x000157e0                sigaction
                0x000157e0                __sigaction
 *fill*         0x0001580c        0x4 00000000
 .text          0x00015810       0x50 /home/uidj7648/Workspace/toyota-1.19.3/package/opensource/eglibc/build/elf/rtld-libc.a(rtld-sigrestorer.os)
                0x00015820                __default_sa_restorer_v1
                0x00015830                __default_sa_restorer_v2
                0x00015840                __default_rt_sa_restorer_v1
                0x00015850                __default_rt_sa_restorer_v2
 .text          0x00015860      0x130 /home/uidj7648/Workspace/toyota-1.19.3/package/opensource/eglibc/build/elf/rtld-libc.a(rtld-strchr.os)
                0x00015860                index
                0x00015860                strchr
 .text          0x00015990       0x28 /home/uidj7648/Workspace/toyota-1.19.3/package/opensource/eglibc/build/elf/rtld-libc.a(rtld-strcmp.os)
                0x00015990                strcmp
 *fill*         0x000159b8        0x8 00000000
 .text          0x000159c0       0x60 /home/uidj7648/Workspace/toyota-1.19.3/package/opensource/eglibc/build/elf/rtld-libc.a(rtld-strlen.os)
                0x000159c0                strlen
 .text          0x00015a20       0xfc /home/uidj7648/Workspace/toyota-1.19.3/package/opensource/eglibc/build/elf/rtld-libc.a(rtld-strnlen.os)
                0x00015a20                __strnlen
                0x00015a20                strnlen
 .text          0x00015b1c      0x140 /home/uidj7648/Workspace/toyota-1.19.3/package/opensource/eglibc/build/elf/rtld-libc.a(rtld-memchr.os)
                0x00015b1c                memchr
                0x00015b1c                __memchr
 .text          0x00015c5c      0x404 /home/uidj7648/Workspace/toyota-1.19.3/package/opensource/eglibc/build/elf/rtld-libc.a(rtld-memcmp.os)
                0x00015c5c                bcmp
                0x00015c5c                memcmp
 .text          0x00016060      0x340 /home/uidj7648/Workspace/toyota-1.19.3/package/opensource/eglibc/build/elf/rtld-libc.a(rtld-memmove.os)
                0x00016060                memmove
 .text          0x000163a0       0x80 /home/uidj7648/Workspace/toyota-1.19.3/package/opensource/eglibc/build/elf/rtld-libc.a(rtld-memset.os)
                0x000163a0                memset
 .text          0x00016420       0xa8 /home/uidj7648/Workspace/toyota-1.19.3/package/opensource/eglibc/build/elf/rtld-libc.a(rtld-mempcpy.os)
                0x00016420                mempcpy
                0x00016420                __mempcpy
 .text          0x000164c8       0x24 /home/uidj7648/Workspace/toyota-1.19.3/package/opensource/eglibc/build/elf/rtld-libc.a(rtld-stpcpy.os)
                0x000164c8                stpcpy
                0x000164c8                __stpcpy
 *fill*         0x000164ec        0x4 00000000
 .text          0x000164f0      0x330 /home/uidj7648/Workspace/toyota-1.19.3/package/opensource/eglibc/build/elf/rtld-libc.a(rtld-memcpy.os)
                0x000164f0                memcpy
 .text          0x00016820      0x448 /home/uidj7648/Workspace/toyota-1.19.3/package/opensource/eglibc/build/elf/rtld-libc.a(rtld-wordcopy.os)
                0x00016820                _wordcopy_fwd_aligned
                0x00016948                _wordcopy_fwd_dest_aligned
                0x00016a48                _wordcopy_bwd_aligned
                0x00016b70                _wordcopy_bwd_dest_aligned
 .text          0x00016c68       0xe0 /home/uidj7648/Workspace/toyota-1.19.3/package/opensource/eglibc/build/elf/rtld-libc.a(rtld-rawmemchr.os)
                0x00016c68                __rawmemchr
                0x00016c68                rawmemchr
 *fill*         0x00016d48        0x8 00000000
 .text          0x00016d50       0x40 /home/uidj7648/Workspace/toyota-1.19.3/package/opensource/eglibc/build/elf/rtld-libc.a(rtld-setitimer.os)
                0x00016d50                setitimer
                0x00016d50                __setitimer
 .text          0x00016d90       0x20 /home/uidj7648/Workspace/toyota-1.19.3/package/opensource/eglibc/build/elf/rtld-libc.a(rtld-sysdep.os)
                0x00016d90                __syscall_error
 .text          0x00016db0      0x20c /home/uidj7648/Workspace/toyota-1.19.3/release/fs/devel/usr/bin/../lib/gcc/arm-cas-linux-gnueabi/4.6.2/libgcc.a(_udivsi3.o)
                0x00016db0                __udivsi3
                0x00016db0                __aeabi_uidiv
                0x00016f9c                __aeabi_uidivmod
 .text          0x00016fbc      0x240 /home/uidj7648/Workspace/toyota-1.19.3/release/fs/devel/usr/bin/../lib/gcc/arm-cas-linux-gnueabi/4.6.2/libgcc.a(_divsi3.o)
                0x00016fbc                __aeabi_idiv
                0x00016fbc                __divsi3
                0x000171dc                __aeabi_idivmod
 .text          0x000171fc       0x3c /home/uidj7648/Workspace/toyota-1.19.3/release/fs/devel/usr/bin/../lib/gcc/arm-cas-linux-gnueabi/4.6.2/libgcc.a(_aeabi_uldivmod.o)
                0x000171fc                __aeabi_uldivmod
 .text          0x00017238       0x10 /home/uidj7648/Workspace/toyota-1.19.3/release/fs/devel/usr/bin/../lib/gcc/arm-cas-linux-gnueabi/4.6.2/libgcc.a(_dvmd_lnx.o)
                0x00017238                __aeabi_ldiv0
                0x00017238                __aeabi_idiv0
 .text          0x00017248       0x78 /home/uidj7648/Workspace/toyota-1.19.3/release/fs/devel/usr/bin/../lib/gcc/arm-cas-linux-gnueabi/4.6.2/libgcc.a(bpabi.o)
                0x00017248                __gnu_ldivmod_helper
                0x00017284                __gnu_uldivmod_helper
 .text          0x000172c0      0x4b4 /home/uidj7648/Workspace/toyota-1.19.3/release/fs/devel/usr/bin/../lib/gcc/arm-cas-linux-gnueabi/4.6.2/libgcc.a(_divdi3.o)
                0x000172c0                __divdi3
 .text          0x00017774      0x45c /home/uidj7648/Workspace/toyota-1.19.3/release/fs/devel/usr/bin/../lib/gcc/arm-cas-linux-gnueabi/4.6.2/libgcc.a(_udivdi3.o)
                0x00017774                __udivdi3
 .text          0x00017bd0       0xac /home/uidj7648/Workspace/toyota-1.19.3/package/opensource/eglibc/build/elf/rtld-libc.a(rtld-raise.os)
                0x00017bd0                gsignal
                0x00017bd0                raise
 *(.gnu.warning)

.text.unlikely  0x00000000      0x5b8
 .text.unlikely
                0x00000000      0x5b8 /home/uidj7648/Workspace/toyota-1.19.3/package/opensource/eglibc/build/elf/dl-allobjs.os

.fini
 *(.fini)

.rodata         0x00000000      0x758
 *(.rodata)
 .rodata        0x00000000      0x758 /home/uidj7648/Workspace/toyota-1.19.3/package/opensource/eglibc/build/elf/dl-allobjs.os
                0x00000748                _itoa_lower_digits_internal

.rodata.str1.4  0x00000000     0x3440
 .rodata.str1.4
                0x00000000     0x3364 /home/uidj7648/Workspace/toyota-1.19.3/package/opensource/eglibc/build/elf/dl-allobjs.os
 .rodata.str1.4
                0x00003364       0x18 /home/uidj7648/Workspace/toyota-1.19.3/package/opensource/eglibc/build/elf/rtld-libc.a(rtld-check_fds.os)
 .rodata.str1.4
                0x0000337c       0x64 /home/uidj7648/Workspace/toyota-1.19.3/package/opensource/eglibc/build/elf/rtld-libc.a(rtld-getcwd.os)
 .rodata.str1.4
                0x000033e0       0x60 /home/uidj7648/Workspace/toyota-1.19.3/package/opensource/eglibc/build/elf/rtld-libc.a(rtld-getpagesize.os)

.rodata.cst4    0x00000000        0x4
 .rodata.cst4   0x00000000        0x4 /home/uidj7648/Workspace/toyota-1.19.3/package/opensource/eglibc/build/elf/dl-allobjs.os

.rodata1
 *(.rodata1)

.ARM.extab      0x00000000       0x48
 *(.ARM.extab)
 .ARM.extab     0x00000000        0xc /home/uidj7648/Workspace/toyota-1.19.3/package/opensource/eglibc/build/elf/dl-allobjs.os
 .ARM.extab     0x0000000c        0xc /home/uidj7648/Workspace/toyota-1.19.3/package/opensource/eglibc/build/elf/rtld-libc.a(rtld-fcntl.os)
 .ARM.extab     0x00000018       0x30 /home/uidj7648/Workspace/toyota-1.19.3/package/opensource/eglibc/build/elf/rtld-libc.a(rtld-sigrestorer.os)
 .ARM.extab     0x00000048        0x0 /home/uidj7648/Workspace/toyota-1.19.3/release/fs/devel/usr/bin/../lib/gcc/arm-cas-linux-gnueabi/4.6.2/libgcc.a(bpabi.o)
 .ARM.extab     0x00000048        0x0 /home/uidj7648/Workspace/toyota-1.19.3/release/fs/devel/usr/bin/../lib/gcc/arm-cas-linux-gnueabi/4.6.2/libgcc.a(_divdi3.o)
 .ARM.extab     0x00000048        0x0 /home/uidj7648/Workspace/toyota-1.19.3/release/fs/devel/usr/bin/../lib/gcc/arm-cas-linux-gnueabi/4.6.2/libgcc.a(_udivdi3.o)

.ARM.exidx      0x00000000       0x88
 *(.ARM.exidx)
 .ARM.exidx     0x00000000       0x40 /home/uidj7648/Workspace/toyota-1.19.3/package/opensource/eglibc/build/elf/dl-allobjs.os
 .ARM.exidx     0x00000040        0x8 /home/uidj7648/Workspace/toyota-1.19.3/package/opensource/eglibc/build/elf/rtld-libc.a(rtld-fcntl.os)
 .ARM.exidx     0x00000048       0x20 /home/uidj7648/Workspace/toyota-1.19.3/package/opensource/eglibc/build/elf/rtld-libc.a(rtld-sigrestorer.os)
 .ARM.exidx     0x00000068       0x10 /home/uidj7648/Workspace/toyota-1.19.3/release/fs/devel/usr/bin/../lib/gcc/arm-cas-linux-gnueabi/4.6.2/libgcc.a(bpabi.o)
 .ARM.exidx     0x00000078        0x8 /home/uidj7648/Workspace/toyota-1.19.3/release/fs/devel/usr/bin/../lib/gcc/arm-cas-linux-gnueabi/4.6.2/libgcc.a(_divdi3.o)
 .ARM.exidx     0x00000080        0x8 /home/uidj7648/Workspace/toyota-1.19.3/release/fs/devel/usr/bin/../lib/gcc/arm-cas-linux-gnueabi/4.6.2/libgcc.a(_udivdi3.o)

.eh_frame_hdr
 *(.eh_frame_hdr)

.eh_frame
 *(.eh_frame)

.gcc_except_table
 *(.gcc_except_table .gcc_except_table.*)

.eh_frame
 *(.eh_frame)

.gcc_except_table
 *(.gcc_except_table .gcc_except_table.*)

.tdata
 *(.tdata)

.tbss
 *(.tbss)

.preinit_array
 *(.preinit_array)

.jcr
 *(.jcr)

.dynamic
 *(.dynamic)

.got
 *(.got.plt)
 *(.igot.plt)
 *(.got)
 *(.igot)

.data           0x00000000      0x828
 *(.data)
 .data          0x00000000      0x828 /home/uidj7648/Workspace/toyota-1.19.3/package/opensource/eglibc/build/elf/dl-allobjs.os
                0x00000000                _rtld_global
                0x00000000                _rtld_local
 .data          0x00000828        0x0 /home/uidj7648/Workspace/toyota-1.19.3/package/opensource/eglibc/build/elf/rtld-libc.a(rtld-check_fds.os)
 .data          0x00000828        0x0 /home/uidj7648/Workspace/toyota-1.19.3/package/opensource/eglibc/build/elf/rtld-libc.a(rtld-errno.os)
 .data          0x00000828        0x0 /home/uidj7648/Workspace/toyota-1.19.3/package/opensource/eglibc/build/elf/rtld-libc.a(rtld-profil.os)
 .data          0x00000828        0x0 /home/uidj7648/Workspace/toyota-1.19.3/package/opensource/eglibc/build/elf/rtld-libc.a(rtld-prof-freq.os)
 .data          0x00000828        0x0 /home/uidj7648/Workspace/toyota-1.19.3/package/opensource/eglibc/build/elf/rtld-libc.a(rtld-xstat64.os)
 .data          0x00000828        0x0 /home/uidj7648/Workspace/toyota-1.19.3/package/opensource/eglibc/build/elf/rtld-libc.a(rtld-fxstat64.os)
 .data          0x00000828        0x0 /home/uidj7648/Workspace/toyota-1.19.3/package/opensource/eglibc/build/elf/rtld-libc.a(rtld-open.os)
 .data          0x00000828        0x0 /home/uidj7648/Workspace/toyota-1.19.3/package/opensource/eglibc/build/elf/rtld-libc.a(rtld-close.os)
 .data          0x00000828        0x0 /home/uidj7648/Workspace/toyota-1.19.3/package/opensource/eglibc/build/elf/rtld-libc.a(rtld-read.os)
 .data          0x00000828        0x0 /home/uidj7648/Workspace/toyota-1.19.3/package/opensource/eglibc/build/elf/rtld-libc.a(rtld-write.os)
 .data          0x00000828        0x0 /home/uidj7648/Workspace/toyota-1.19.3/package/opensource/eglibc/build/elf/rtld-libc.a(rtld-lseek.os)
 .data          0x00000828        0x0 /home/uidj7648/Workspace/toyota-1.19.3/package/opensource/eglibc/build/elf/rtld-libc.a(rtld-access.os)
 .data          0x00000828        0x0 /home/uidj7648/Workspace/toyota-1.19.3/package/opensource/eglibc/build/elf/rtld-libc.a(rtld-fcntl.os)
 .data          0x00000828        0x0 /home/uidj7648/Workspace/toyota-1.19.3/package/opensource/eglibc/build/elf/rtld-libc.a(rtld-getcwd.os)
 .data          0x00000828        0x0 /home/uidj7648/Workspace/toyota-1.19.3/package/opensource/eglibc/build/elf/rtld-libc.a(rtld-getpagesize.os)
 .data          0x00000828        0x0 /home/uidj7648/Workspace/toyota-1.19.3/package/opensource/eglibc/build/elf/rtld-libc.a(rtld-mmap.os)
 .data          0x00000828        0x0 /home/uidj7648/Workspace/toyota-1.19.3/package/opensource/eglibc/build/elf/rtld-libc.a(rtld-munmap.os)
 .data          0x00000828        0x0 /home/uidj7648/Workspace/toyota-1.19.3/package/opensource/eglibc/build/elf/rtld-libc.a(rtld-mprotect.os)
 .data          0x00000828        0x0 /home/uidj7648/Workspace/toyota-1.19.3/package/opensource/eglibc/build/elf/rtld-libc.a(rtld-uname.os)
 .data          0x00000828        0x0 /home/uidj7648/Workspace/toyota-1.19.3/package/opensource/eglibc/build/elf/rtld-libc.a(rtld-_exit.os)
 .data          0x00000828        0x0 /home/uidj7648/Workspace/toyota-1.19.3/package/opensource/eglibc/build/elf/rtld-libc.a(rtld-getpid.os)
 .data          0x00000828        0x0 /home/uidj7648/Workspace/toyota-1.19.3/package/opensource/eglibc/build/elf/rtld-libc.a(rtld-environ.os)
 .data          0x00000828        0x0 /home/uidj7648/Workspace/toyota-1.19.3/package/opensource/eglibc/build/elf/rtld-libc.a(rtld-setjmp.os)
 .data          0x00000828        0x0 /home/uidj7648/Workspace/toyota-1.19.3/package/opensource/eglibc/build/elf/rtld-libc.a(rtld-__longjmp.os)
 .data          0x00000828        0x0 /home/uidj7648/Workspace/toyota-1.19.3/package/opensource/eglibc/build/elf/rtld-libc.a(rtld-sigaction.os)
 .data          0x00000828        0x0 /home/uidj7648/Workspace/toyota-1.19.3/package/opensource/eglibc/build/elf/rtld-libc.a(rtld-sigrestorer.os)
 .data          0x00000828        0x0 /home/uidj7648/Workspace/toyota-1.19.3/package/opensource/eglibc/build/elf/rtld-libc.a(rtld-strchr.os)
 .data          0x00000828        0x0 /home/uidj7648/Workspace/toyota-1.19.3/package/opensource/eglibc/build/elf/rtld-libc.a(rtld-strcmp.os)
 .data          0x00000828        0x0 /home/uidj7648/Workspace/toyota-1.19.3/package/opensource/eglibc/build/elf/rtld-libc.a(rtld-strlen.os)
 .data          0x00000828        0x0 /home/uidj7648/Workspace/toyota-1.19.3/package/opensource/eglibc/build/elf/rtld-libc.a(rtld-strnlen.os)
 .data          0x00000828        0x0 /home/uidj7648/Workspace/toyota-1.19.3/package/opensource/eglibc/build/elf/rtld-libc.a(rtld-memchr.os)
 .data          0x00000828        0x0 /home/uidj7648/Workspace/toyota-1.19.3/package/opensource/eglibc/build/elf/rtld-libc.a(rtld-memcmp.os)
 .data          0x00000828        0x0 /home/uidj7648/Workspace/toyota-1.19.3/package/opensource/eglibc/build/elf/rtld-libc.a(rtld-memmove.os)
 .data          0x00000828        0x0 /home/uidj7648/Workspace/toyota-1.19.3/package/opensource/eglibc/build/elf/rtld-libc.a(rtld-memset.os)
 .data          0x00000828        0x0 /home/uidj7648/Workspace/toyota-1.19.3/package/opensource/eglibc/build/elf/rtld-libc.a(rtld-mempcpy.os)
 .data          0x00000828        0x0 /home/uidj7648/Workspace/toyota-1.19.3/package/opensource/eglibc/build/elf/rtld-libc.a(rtld-stpcpy.os)
 .data          0x00000828        0x0 /home/uidj7648/Workspace/toyota-1.19.3/package/opensource/eglibc/build/elf/rtld-libc.a(rtld-memcpy.os)
 .data          0x00000828        0x0 /home/uidj7648/Workspace/toyota-1.19.3/package/opensource/eglibc/build/elf/rtld-libc.a(rtld-wordcopy.os)
 .data          0x00000828        0x0 /home/uidj7648/Workspace/toyota-1.19.3/package/opensource/eglibc/build/elf/rtld-libc.a(rtld-rawmemchr.os)
 .data          0x00000828        0x0 /home/uidj7648/Workspace/toyota-1.19.3/package/opensource/eglibc/build/elf/rtld-libc.a(rtld-setitimer.os)
 .data          0x00000828        0x0 /home/uidj7648/Workspace/toyota-1.19.3/package/opensource/eglibc/build/elf/rtld-libc.a(rtld-sysdep.os)
 .data          0x00000828        0x0 /home/uidj7648/Workspace/toyota-1.19.3/release/fs/devel/usr/bin/../lib/gcc/arm-cas-linux-gnueabi/4.6.2/libgcc.a(_udivsi3.o)
 .data          0x00000828        0x0 /home/uidj7648/Workspace/toyota-1.19.3/release/fs/devel/usr/bin/../lib/gcc/arm-cas-linux-gnueabi/4.6.2/libgcc.a(_divsi3.o)
 .data          0x00000828        0x0 /home/uidj7648/Workspace/toyota-1.19.3/release/fs/devel/usr/bin/../lib/gcc/arm-cas-linux-gnueabi/4.6.2/libgcc.a(_aeabi_uldivmod.o)
 .data          0x00000828        0x0 /home/uidj7648/Workspace/toyota-1.19.3/release/fs/devel/usr/bin/../lib/gcc/arm-cas-linux-gnueabi/4.6.2/libgcc.a(_dvmd_lnx.o)
 .data          0x00000828        0x0 /home/uidj7648/Workspace/toyota-1.19.3/release/fs/devel/usr/bin/../lib/gcc/arm-cas-linux-gnueabi/4.6.2/libgcc.a(bpabi.o)
 .data          0x00000828        0x0 /home/uidj7648/Workspace/toyota-1.19.3/release/fs/devel/usr/bin/../lib/gcc/arm-cas-linux-gnueabi/4.6.2/libgcc.a(_divdi3.o)
 .data          0x00000828        0x0 /home/uidj7648/Workspace/toyota-1.19.3/release/fs/devel/usr/bin/../lib/gcc/arm-cas-linux-gnueabi/4.6.2/libgcc.a(_udivdi3.o)
 .data          0x00000828        0x0 /home/uidj7648/Workspace/toyota-1.19.3/package/opensource/eglibc/build/elf/rtld-libc.a(rtld-raise.os)

.data.rel.ro    0x00000000      0x1d8
 .data.rel.ro   0x00000000      0x1d8 /home/uidj7648/Workspace/toyota-1.19.3/package/opensource/eglibc/build/elf/dl-allobjs.os
                0x00000000                _dl_argc
                0x00000004                __pointer_chk_guard
                0x00000004                __pointer_chk_guard_local
                0x00000058                _rtld_global_ro
                0x00000058                _rtld_local_ro
                0x000001a0                __stack_chk_guard
                0x000001bc                __stack_prot
                0x000001c8                __libc_stack_end
                0x000001c8                __GI___libc_stack_end
                0x000001d0                _dl_random
                0x000001d4                __libc_enable_secure_internal
                0x000001d4                __libc_enable_secure

.data1
 *(.data1)

.bss            0x00000000       0xc4
 *(.dynbss)
 *(.bss)
 .bss           0x00000000       0xb0 /home/uidj7648/Workspace/toyota-1.19.3/package/opensource/eglibc/build/elf/dl-allobjs.os
                0x0000003c                _dl_argv_internal
                0x0000003c                _dl_argv
                0x0000009c                __libc_multiple_libcs
                0x000000ac                __curbrk
 .bss           0x000000b0        0x0 /home/uidj7648/Workspace/toyota-1.19.3/package/opensource/eglibc/build/elf/rtld-libc.a(rtld-check_fds.os)
 .bss           0x000000b0        0x0 /home/uidj7648/Workspace/toyota-1.19.3/package/opensource/eglibc/build/elf/rtld-libc.a(rtld-errno.os)
 .bss           0x000000b0       0x10 /home/uidj7648/Workspace/toyota-1.19.3/package/opensource/eglibc/build/elf/rtld-libc.a(rtld-profil.os)
 .bss           0x000000c0        0x0 /home/uidj7648/Workspace/toyota-1.19.3/package/opensource/eglibc/build/elf/rtld-libc.a(rtld-prof-freq.os)
 .bss           0x000000c0        0x0 /home/uidj7648/Workspace/toyota-1.19.3/package/opensource/eglibc/build/elf/rtld-libc.a(rtld-xstat64.os)
 .bss           0x000000c0        0x0 /home/uidj7648/Workspace/toyota-1.19.3/package/opensource/eglibc/build/elf/rtld-libc.a(rtld-fxstat64.os)
 .bss           0x000000c0        0x0 /home/uidj7648/Workspace/toyota-1.19.3/package/opensource/eglibc/build/elf/rtld-libc.a(rtld-open.os)
 .bss           0x000000c0        0x0 /home/uidj7648/Workspace/toyota-1.19.3/package/opensource/eglibc/build/elf/rtld-libc.a(rtld-close.os)
 .bss           0x000000c0        0x0 /home/uidj7648/Workspace/toyota-1.19.3/package/opensource/eglibc/build/elf/rtld-libc.a(rtld-read.os)
 .bss           0x000000c0        0x0 /home/uidj7648/Workspace/toyota-1.19.3/package/opensource/eglibc/build/elf/rtld-libc.a(rtld-write.os)
 .bss           0x000000c0        0x0 /home/uidj7648/Workspace/toyota-1.19.3/package/opensource/eglibc/build/elf/rtld-libc.a(rtld-lseek.os)
 .bss           0x000000c0        0x0 /home/uidj7648/Workspace/toyota-1.19.3/package/opensource/eglibc/build/elf/rtld-libc.a(rtld-access.os)
 .bss           0x000000c0        0x0 /home/uidj7648/Workspace/toyota-1.19.3/package/opensource/eglibc/build/elf/rtld-libc.a(rtld-fcntl.os)
 .bss           0x000000c0        0x0 /home/uidj7648/Workspace/toyota-1.19.3/package/opensource/eglibc/build/elf/rtld-libc.a(rtld-getcwd.os)
 .bss           0x000000c0        0x0 /home/uidj7648/Workspace/toyota-1.19.3/package/opensource/eglibc/build/elf/rtld-libc.a(rtld-getpagesize.os)
 .bss           0x000000c0        0x0 /home/uidj7648/Workspace/toyota-1.19.3/package/opensource/eglibc/build/elf/rtld-libc.a(rtld-mmap.os)
 .bss           0x000000c0        0x0 /home/uidj7648/Workspace/toyota-1.19.3/package/opensource/eglibc/build/elf/rtld-libc.a(rtld-munmap.os)
 .bss           0x000000c0        0x0 /home/uidj7648/Workspace/toyota-1.19.3/package/opensource/eglibc/build/elf/rtld-libc.a(rtld-mprotect.os)
 .bss           0x000000c0        0x0 /home/uidj7648/Workspace/toyota-1.19.3/package/opensource/eglibc/build/elf/rtld-libc.a(rtld-uname.os)
 .bss           0x000000c0        0x0 /home/uidj7648/Workspace/toyota-1.19.3/package/opensource/eglibc/build/elf/rtld-libc.a(rtld-_exit.os)
 .bss           0x000000c0        0x0 /home/uidj7648/Workspace/toyota-1.19.3/package/opensource/eglibc/build/elf/rtld-libc.a(rtld-getpid.os)
 .bss           0x000000c0        0x4 /home/uidj7648/Workspace/toyota-1.19.3/package/opensource/eglibc/build/elf/rtld-libc.a(rtld-environ.os)
                0x000000c0                _environ
                0x000000c0                __environ
                0x000000c0                environ
 .bss           0x000000c4        0x0 /home/uidj7648/Workspace/toyota-1.19.3/package/opensource/eglibc/build/elf/rtld-libc.a(rtld-setjmp.os)
 .bss           0x000000c4        0x0 /home/uidj7648/Workspace/toyota-1.19.3/package/opensource/eglibc/build/elf/rtld-libc.a(rtld-__longjmp.os)
 .bss           0x000000c4        0x0 /home/uidj7648/Workspace/toyota-1.19.3/package/opensource/eglibc/build/elf/rtld-libc.a(rtld-sigaction.os)
 .bss           0x000000c4        0x0 /home/uidj7648/Workspace/toyota-1.19.3/package/opensource/eglibc/build/elf/rtld-libc.a(rtld-sigrestorer.os)
 .bss           0x000000c4        0x0 /home/uidj7648/Workspace/toyota-1.19.3/package/opensource/eglibc/build/elf/rtld-libc.a(rtld-strchr.os)
 .bss           0x000000c4        0x0 /home/uidj7648/Workspace/toyota-1.19.3/package/opensource/eglibc/build/elf/rtld-libc.a(rtld-strcmp.os)
 .bss           0x000000c4        0x0 /home/uidj7648/Workspace/toyota-1.19.3/package/opensource/eglibc/build/elf/rtld-libc.a(rtld-strlen.os)
 .bss           0x000000c4        0x0 /home/uidj7648/Workspace/toyota-1.19.3/package/opensource/eglibc/build/elf/rtld-libc.a(rtld-strnlen.os)
 .bss           0x000000c4        0x0 /home/uidj7648/Workspace/toyota-1.19.3/package/opensource/eglibc/build/elf/rtld-libc.a(rtld-memchr.os)
 .bss           0x000000c4        0x0 /home/uidj7648/Workspace/toyota-1.19.3/package/opensource/eglibc/build/elf/rtld-libc.a(rtld-memcmp.os)
 .bss           0x000000c4        0x0 /home/uidj7648/Workspace/toyota-1.19.3/package/opensource/eglibc/build/elf/rtld-libc.a(rtld-memmove.os)
 .bss           0x000000c4        0x0 /home/uidj7648/Workspace/toyota-1.19.3/package/opensource/eglibc/build/elf/rtld-libc.a(rtld-memset.os)
 .bss           0x000000c4        0x0 /home/uidj7648/Workspace/toyota-1.19.3/package/opensource/eglibc/build/elf/rtld-libc.a(rtld-mempcpy.os)
 .bss           0x000000c4        0x0 /home/uidj7648/Workspace/toyota-1.19.3/package/opensource/eglibc/build/elf/rtld-libc.a(rtld-stpcpy.os)
 .bss           0x000000c4        0x0 /home/uidj7648/Workspace/toyota-1.19.3/package/opensource/eglibc/build/elf/rtld-libc.a(rtld-memcpy.os)
 .bss           0x000000c4        0x0 /home/uidj7648/Workspace/toyota-1.19.3/package/opensource/eglibc/build/elf/rtld-libc.a(rtld-wordcopy.os)
 .bss           0x000000c4        0x0 /home/uidj7648/Workspace/toyota-1.19.3/package/opensource/eglibc/build/elf/rtld-libc.a(rtld-rawmemchr.os)
 .bss           0x000000c4        0x0 /home/uidj7648/Workspace/toyota-1.19.3/package/opensource/eglibc/build/elf/rtld-libc.a(rtld-setitimer.os)
 .bss           0x000000c4        0x0 /home/uidj7648/Workspace/toyota-1.19.3/package/opensource/eglibc/build/elf/rtld-libc.a(rtld-sysdep.os)
 .bss           0x000000c4        0x0 /home/uidj7648/Workspace/toyota-1.19.3/release/fs/devel/usr/bin/../lib/gcc/arm-cas-linux-gnueabi/4.6.2/libgcc.a(_udivsi3.o)
 .bss           0x000000c4        0x0 /home/uidj7648/Workspace/toyota-1.19.3/release/fs/devel/usr/bin/../lib/gcc/arm-cas-linux-gnueabi/4.6.2/libgcc.a(_divsi3.o)
 .bss           0x000000c4        0x0 /home/uidj7648/Workspace/toyota-1.19.3/release/fs/devel/usr/bin/../lib/gcc/arm-cas-linux-gnueabi/4.6.2/libgcc.a(_aeabi_uldivmod.o)
 .bss           0x000000c4        0x0 /home/uidj7648/Workspace/toyota-1.19.3/release/fs/devel/usr/bin/../lib/gcc/arm-cas-linux-gnueabi/4.6.2/libgcc.a(_dvmd_lnx.o)
 .bss           0x000000c4        0x0 /home/uidj7648/Workspace/toyota-1.19.3/release/fs/devel/usr/bin/../lib/gcc/arm-cas-linux-gnueabi/4.6.2/libgcc.a(bpabi.o)
 .bss           0x000000c4        0x0 /home/uidj7648/Workspace/toyota-1.19.3/release/fs/devel/usr/bin/../lib/gcc/arm-cas-linux-gnueabi/4.6.2/libgcc.a(_divdi3.o)
 .bss           0x000000c4        0x0 /home/uidj7648/Workspace/toyota-1.19.3/release/fs/devel/usr/bin/../lib/gcc/arm-cas-linux-gnueabi/4.6.2/libgcc.a(_udivdi3.o)
 .bss           0x000000c4        0x0 /home/uidj7648/Workspace/toyota-1.19.3/package/opensource/eglibc/build/elf/rtld-libc.a(rtld-raise.os)
 *(COMMON)
 COMMON         0x000000c4        0x0 /home/uidj7648/Workspace/toyota-1.19.3/package/opensource/eglibc/build/elf/dl-allobjs.os
 COMMON         0x000000c4        0x0 /home/uidj7648/Workspace/toyota-1.19.3/package/opensource/eglibc/build/elf/rtld-libc.a(rtld-errno.os)
 COMMON         0x000000c4        0x0 /home/uidj7648/Workspace/toyota-1.19.3/package/opensource/eglibc/build/elf/rtld-libc.a(rtld-sigaction.os)

.stab
 *(.stab)

.stabstr
 *(.stabstr)

.stab.excl
 *(.stab.excl)

.stab.exclstr
 *(.stab.exclstr)

.stab.index
 *(.stab.index)

.stab.indexstr
 *(.stab.indexstr)

.comment        0x00000000      0x3de
 *(.comment)
 .comment       0x00000000      0x20a /home/uidj7648/Workspace/toyota-1.19.3/package/opensource/eglibc/build/elf/dl-allobjs.os
 .comment       0x0000020a       0x12 /home/uidj7648/Workspace/toyota-1.19.3/package/opensource/eglibc/build/elf/rtld-libc.a(rtld-check_fds.os)
 .comment       0x0000021c       0x12 /home/uidj7648/Workspace/toyota-1.19.3/package/opensource/eglibc/build/elf/rtld-libc.a(rtld-errno.os)
 .comment       0x0000022e       0x12 /home/uidj7648/Workspace/toyota-1.19.3/package/opensource/eglibc/build/elf/rtld-libc.a(rtld-profil.os)
 .comment       0x00000240       0x12 /home/uidj7648/Workspace/toyota-1.19.3/package/opensource/eglibc/build/elf/rtld-libc.a(rtld-prof-freq.os)
 .comment       0x00000252       0x12 /home/uidj7648/Workspace/toyota-1.19.3/package/opensource/eglibc/build/elf/rtld-libc.a(rtld-xstat64.os)
 .comment       0x00000264       0x12 /home/uidj7648/Workspace/toyota-1.19.3/package/opensource/eglibc/build/elf/rtld-libc.a(rtld-fxstat64.os)
 .comment       0x00000276       0x12 /home/uidj7648/Workspace/toyota-1.19.3/package/opensource/eglibc/build/elf/rtld-libc.a(rtld-fcntl.os)
 .comment       0x00000288       0x12 /home/uidj7648/Workspace/toyota-1.19.3/package/opensource/eglibc/build/elf/rtld-libc.a(rtld-getcwd.os)
 .comment       0x0000029a       0x12 /home/uidj7648/Workspace/toyota-1.19.3/package/opensource/eglibc/build/elf/rtld-libc.a(rtld-getpagesize.os)
 .comment       0x000002ac       0x12 /home/uidj7648/Workspace/toyota-1.19.3/package/opensource/eglibc/build/elf/rtld-libc.a(rtld-_exit.os)
 .comment       0x000002be       0x12 /home/uidj7648/Workspace/toyota-1.19.3/package/opensource/eglibc/build/elf/rtld-libc.a(rtld-getpid.os)
 .comment       0x000002d0       0x12 /home/uidj7648/Workspace/toyota-1.19.3/package/opensource/eglibc/build/elf/rtld-libc.a(rtld-environ.os)
 .comment       0x000002e2       0x12 /home/uidj7648/Workspace/toyota-1.19.3/package/opensource/eglibc/build/elf/rtld-libc.a(rtld-sigaction.os)
 .comment       0x000002f4       0x12 /home/uidj7648/Workspace/toyota-1.19.3/package/opensource/eglibc/build/elf/rtld-libc.a(rtld-strchr.os)
 .comment       0x00000306       0x12 /home/uidj7648/Workspace/toyota-1.19.3/package/opensource/eglibc/build/elf/rtld-libc.a(rtld-strcmp.os)
 .comment       0x00000318       0x12 /home/uidj7648/Workspace/toyota-1.19.3/package/opensource/eglibc/build/elf/rtld-libc.a(rtld-strnlen.os)
 .comment       0x0000032a       0x12 /home/uidj7648/Workspace/toyota-1.19.3/package/opensource/eglibc/build/elf/rtld-libc.a(rtld-memchr.os)
 .comment       0x0000033c       0x12 /home/uidj7648/Workspace/toyota-1.19.3/package/opensource/eglibc/build/elf/rtld-libc.a(rtld-memcmp.os)
 .comment       0x0000034e       0x12 /home/uidj7648/Workspace/toyota-1.19.3/package/opensource/eglibc/build/elf/rtld-libc.a(rtld-mempcpy.os)
 .comment       0x00000360       0x12 /home/uidj7648/Workspace/toyota-1.19.3/package/opensource/eglibc/build/elf/rtld-libc.a(rtld-stpcpy.os)
 .comment       0x00000372       0x12 /home/uidj7648/Workspace/toyota-1.19.3/package/opensource/eglibc/build/elf/rtld-libc.a(rtld-wordcopy.os)
 .comment       0x00000384       0x12 /home/uidj7648/Workspace/toyota-1.19.3/package/opensource/eglibc/build/elf/rtld-libc.a(rtld-rawmemchr.os)
 .comment       0x00000396       0x12 /home/uidj7648/Workspace/toyota-1.19.3/release/fs/devel/usr/bin/../lib/gcc/arm-cas-linux-gnueabi/4.6.2/libgcc.a(bpabi.o)
 .comment       0x000003a8       0x12 /home/uidj7648/Workspace/toyota-1.19.3/release/fs/devel/usr/bin/../lib/gcc/arm-cas-linux-gnueabi/4.6.2/libgcc.a(_divdi3.o)
 .comment       0x000003ba       0x12 /home/uidj7648/Workspace/toyota-1.19.3/release/fs/devel/usr/bin/../lib/gcc/arm-cas-linux-gnueabi/4.6.2/libgcc.a(_udivdi3.o)
 .comment       0x000003cc       0x12 /home/uidj7648/Workspace/toyota-1.19.3/package/opensource/eglibc/build/elf/rtld-libc.a(rtld-raise.os)

.note.GNU-stack
                0x00000000        0x0
 .note.GNU-stack
                0x00000000        0x0 /home/uidj7648/Workspace/toyota-1.19.3/package/opensource/eglibc/build/elf/dl-allobjs.os
 .note.GNU-stack
                0x00000000        0x0 /home/uidj7648/Workspace/toyota-1.19.3/package/opensource/eglibc/build/elf/rtld-libc.a(rtld-check_fds.os)
 .note.GNU-stack
                0x00000000        0x0 /home/uidj7648/Workspace/toyota-1.19.3/package/opensource/eglibc/build/elf/rtld-libc.a(rtld-errno.os)
 .note.GNU-stack
                0x00000000        0x0 /home/uidj7648/Workspace/toyota-1.19.3/package/opensource/eglibc/build/elf/rtld-libc.a(rtld-profil.os)
 .note.GNU-stack
                0x00000000        0x0 /home/uidj7648/Workspace/toyota-1.19.3/package/opensource/eglibc/build/elf/rtld-libc.a(rtld-prof-freq.os)
 .note.GNU-stack
                0x00000000        0x0 /home/uidj7648/Workspace/toyota-1.19.3/package/opensource/eglibc/build/elf/rtld-libc.a(rtld-xstat64.os)
 .note.GNU-stack
                0x00000000        0x0 /home/uidj7648/Workspace/toyota-1.19.3/package/opensource/eglibc/build/elf/rtld-libc.a(rtld-fxstat64.os)
 .note.GNU-stack
                0x00000000        0x0 /home/uidj7648/Workspace/toyota-1.19.3/package/opensource/eglibc/build/elf/rtld-libc.a(rtld-open.os)
 .note.GNU-stack
                0x00000000        0x0 /home/uidj7648/Workspace/toyota-1.19.3/package/opensource/eglibc/build/elf/rtld-libc.a(rtld-close.os)
 .note.GNU-stack
                0x00000000        0x0 /home/uidj7648/Workspace/toyota-1.19.3/package/opensource/eglibc/build/elf/rtld-libc.a(rtld-read.os)
 .note.GNU-stack
                0x00000000        0x0 /home/uidj7648/Workspace/toyota-1.19.3/package/opensource/eglibc/build/elf/rtld-libc.a(rtld-write.os)
 .note.GNU-stack
                0x00000000        0x0 /home/uidj7648/Workspace/toyota-1.19.3/package/opensource/eglibc/build/elf/rtld-libc.a(rtld-lseek.os)
 .note.GNU-stack
                0x00000000        0x0 /home/uidj7648/Workspace/toyota-1.19.3/package/opensource/eglibc/build/elf/rtld-libc.a(rtld-access.os)
 .note.GNU-stack
                0x00000000        0x0 /home/uidj7648/Workspace/toyota-1.19.3/package/opensource/eglibc/build/elf/rtld-libc.a(rtld-fcntl.os)
 .note.GNU-stack
                0x00000000        0x0 /home/uidj7648/Workspace/toyota-1.19.3/package/opensource/eglibc/build/elf/rtld-libc.a(rtld-getcwd.os)
 .note.GNU-stack
                0x00000000        0x0 /home/uidj7648/Workspace/toyota-1.19.3/package/opensource/eglibc/build/elf/rtld-libc.a(rtld-getpagesize.os)
 .note.GNU-stack
                0x00000000        0x0 /home/uidj7648/Workspace/toyota-1.19.3/package/opensource/eglibc/build/elf/rtld-libc.a(rtld-mmap.os)
 .note.GNU-stack
                0x00000000        0x0 /home/uidj7648/Workspace/toyota-1.19.3/package/opensource/eglibc/build/elf/rtld-libc.a(rtld-munmap.os)
 .note.GNU-stack
                0x00000000        0x0 /home/uidj7648/Workspace/toyota-1.19.3/package/opensource/eglibc/build/elf/rtld-libc.a(rtld-mprotect.os)
 .note.GNU-stack
                0x00000000        0x0 /home/uidj7648/Workspace/toyota-1.19.3/package/opensource/eglibc/build/elf/rtld-libc.a(rtld-uname.os)
 .note.GNU-stack
                0x00000000        0x0 /home/uidj7648/Workspace/toyota-1.19.3/package/opensource/eglibc/build/elf/rtld-libc.a(rtld-_exit.os)
 .note.GNU-stack
                0x00000000        0x0 /home/uidj7648/Workspace/toyota-1.19.3/package/opensource/eglibc/build/elf/rtld-libc.a(rtld-getpid.os)
 .note.GNU-stack
                0x00000000        0x0 /home/uidj7648/Workspace/toyota-1.19.3/package/opensource/eglibc/build/elf/rtld-libc.a(rtld-environ.os)
 .note.GNU-stack
                0x00000000        0x0 /home/uidj7648/Workspace/toyota-1.19.3/package/opensource/eglibc/build/elf/rtld-libc.a(rtld-setjmp.os)
 .note.GNU-stack
                0x00000000        0x0 /home/uidj7648/Workspace/toyota-1.19.3/package/opensource/eglibc/build/elf/rtld-libc.a(rtld-__longjmp.os)
 .note.GNU-stack
                0x00000000        0x0 /home/uidj7648/Workspace/toyota-1.19.3/package/opensource/eglibc/build/elf/rtld-libc.a(rtld-sigaction.os)
 .note.GNU-stack
                0x00000000        0x0 /home/uidj7648/Workspace/toyota-1.19.3/package/opensource/eglibc/build/elf/rtld-libc.a(rtld-sigrestorer.os)
 .note.GNU-stack
                0x00000000        0x0 /home/uidj7648/Workspace/toyota-1.19.3/package/opensource/eglibc/build/elf/rtld-libc.a(rtld-strchr.os)
 .note.GNU-stack
                0x00000000        0x0 /home/uidj7648/Workspace/toyota-1.19.3/package/opensource/eglibc/build/elf/rtld-libc.a(rtld-strcmp.os)
 .note.GNU-stack
                0x00000000        0x0 /home/uidj7648/Workspace/toyota-1.19.3/package/opensource/eglibc/build/elf/rtld-libc.a(rtld-strlen.os)
 .note.GNU-stack
                0x00000000        0x0 /home/uidj7648/Workspace/toyota-1.19.3/package/opensource/eglibc/build/elf/rtld-libc.a(rtld-strnlen.os)
 .note.GNU-stack
                0x00000000        0x0 /home/uidj7648/Workspace/toyota-1.19.3/package/opensource/eglibc/build/elf/rtld-libc.a(rtld-memchr.os)
 .note.GNU-stack
                0x00000000        0x0 /home/uidj7648/Workspace/toyota-1.19.3/package/opensource/eglibc/build/elf/rtld-libc.a(rtld-memcmp.os)
 .note.GNU-stack
                0x00000000        0x0 /home/uidj7648/Workspace/toyota-1.19.3/package/opensource/eglibc/build/elf/rtld-libc.a(rtld-memmove.os)
 .note.GNU-stack
                0x00000000        0x0 /home/uidj7648/Workspace/toyota-1.19.3/package/opensource/eglibc/build/elf/rtld-libc.a(rtld-memset.os)
 .note.GNU-stack
                0x00000000        0x0 /home/uidj7648/Workspace/toyota-1.19.3/package/opensource/eglibc/build/elf/rtld-libc.a(rtld-mempcpy.os)
 .note.GNU-stack
                0x00000000        0x0 /home/uidj7648/Workspace/toyota-1.19.3/package/opensource/eglibc/build/elf/rtld-libc.a(rtld-stpcpy.os)
 .note.GNU-stack
                0x00000000        0x0 /home/uidj7648/Workspace/toyota-1.19.3/package/opensource/eglibc/build/elf/rtld-libc.a(rtld-memcpy.os)
 .note.GNU-stack
                0x00000000        0x0 /home/uidj7648/Workspace/toyota-1.19.3/package/opensource/eglibc/build/elf/rtld-libc.a(rtld-wordcopy.os)
 .note.GNU-stack
                0x00000000        0x0 /home/uidj7648/Workspace/toyota-1.19.3/package/opensource/eglibc/build/elf/rtld-libc.a(rtld-rawmemchr.os)
 .note.GNU-stack
                0x00000000        0x0 /home/uidj7648/Workspace/toyota-1.19.3/package/opensource/eglibc/build/elf/rtld-libc.a(rtld-setitimer.os)
 .note.GNU-stack
                0x00000000        0x0 /home/uidj7648/Workspace/toyota-1.19.3/package/opensource/eglibc/build/elf/rtld-libc.a(rtld-sysdep.os)
 .note.GNU-stack
                0x00000000        0x0 /home/uidj7648/Workspace/toyota-1.19.3/release/fs/devel/usr/bin/../lib/gcc/arm-cas-linux-gnueabi/4.6.2/libgcc.a(_udivsi3.o)
 .note.GNU-stack
                0x00000000        0x0 /home/uidj7648/Workspace/toyota-1.19.3/release/fs/devel/usr/bin/../lib/gcc/arm-cas-linux-gnueabi/4.6.2/libgcc.a(_divsi3.o)
 .note.GNU-stack
                0x00000000        0x0 /home/uidj7648/Workspace/toyota-1.19.3/release/fs/devel/usr/bin/../lib/gcc/arm-cas-linux-gnueabi/4.6.2/libgcc.a(_aeabi_uldivmod.o)
 .note.GNU-stack
                0x00000000        0x0 /home/uidj7648/Workspace/toyota-1.19.3/release/fs/devel/usr/bin/../lib/gcc/arm-cas-linux-gnueabi/4.6.2/libgcc.a(_dvmd_lnx.o)
 .note.GNU-stack
                0x00000000        0x0 /home/uidj7648/Workspace/toyota-1.19.3/release/fs/devel/usr/bin/../lib/gcc/arm-cas-linux-gnueabi/4.6.2/libgcc.a(bpabi.o)
 .note.GNU-stack
                0x00000000        0x0 /home/uidj7648/Workspace/toyota-1.19.3/release/fs/devel/usr/bin/../lib/gcc/arm-cas-linux-gnueabi/4.6.2/libgcc.a(_divdi3.o)
 .note.GNU-stack
                0x00000000        0x0 /home/uidj7648/Workspace/toyota-1.19.3/release/fs/devel/usr/bin/../lib/gcc/arm-cas-linux-gnueabi/4.6.2/libgcc.a(_udivdi3.o)
 .note.GNU-stack
                0x00000000        0x0 /home/uidj7648/Workspace/toyota-1.19.3/package/opensource/eglibc/build/elf/rtld-libc.a(rtld-raise.os)

.ARM.attributes
                0x00000000       0x41
 .ARM.attributes
                0x00000000       0x41 /home/uidj7648/Workspace/toyota-1.19.3/package/opensource/eglibc/build/elf/dl-allobjs.os
 .ARM.attributes
                0x00000041       0x41 /home/uidj7648/Workspace/toyota-1.19.3/package/opensource/eglibc/build/elf/rtld-libc.a(rtld-check_fds.os)
 .ARM.attributes
                0x00000082       0x41 /home/uidj7648/Workspace/toyota-1.19.3/package/opensource/eglibc/build/elf/rtld-libc.a(rtld-errno.os)
 .ARM.attributes
                0x000000c3       0x41 /home/uidj7648/Workspace/toyota-1.19.3/package/opensource/eglibc/build/elf/rtld-libc.a(rtld-profil.os)
 .ARM.attributes
                0x00000104       0x41 /home/uidj7648/Workspace/toyota-1.19.3/package/opensource/eglibc/build/elf/rtld-libc.a(rtld-prof-freq.os)
 .ARM.attributes
                0x00000145       0x41 /home/uidj7648/Workspace/toyota-1.19.3/package/opensource/eglibc/build/elf/rtld-libc.a(rtld-xstat64.os)
 .ARM.attributes
                0x00000186       0x41 /home/uidj7648/Workspace/toyota-1.19.3/package/opensource/eglibc/build/elf/rtld-libc.a(rtld-fxstat64.os)
 .ARM.attributes
                0x000001c7       0x31 /home/uidj7648/Workspace/toyota-1.19.3/package/opensource/eglibc/build/elf/rtld-libc.a(rtld-open.os)
 .ARM.attributes
                0x000001f8       0x31 /home/uidj7648/Workspace/toyota-1.19.3/package/opensource/eglibc/build/elf/rtld-libc.a(rtld-close.os)
 .ARM.attributes
                0x00000229       0x31 /home/uidj7648/Workspace/toyota-1.19.3/package/opensource/eglibc/build/elf/rtld-libc.a(rtld-read.os)
 .ARM.attributes
                0x0000025a       0x31 /home/uidj7648/Workspace/toyota-1.19.3/package/opensource/eglibc/build/elf/rtld-libc.a(rtld-write.os)
 .ARM.attributes
                0x0000028b       0x31 /home/uidj7648/Workspace/toyota-1.19.3/package/opensource/eglibc/build/elf/rtld-libc.a(rtld-lseek.os)
 .ARM.attributes
                0x000002bc       0x31 /home/uidj7648/Workspace/toyota-1.19.3/package/opensource/eglibc/build/elf/rtld-libc.a(rtld-access.os)
 .ARM.attributes
                0x000002ed       0x41 /home/uidj7648/Workspace/toyota-1.19.3/package/opensource/eglibc/build/elf/rtld-libc.a(rtld-fcntl.os)
 .ARM.attributes
                0x0000032e       0x41 /home/uidj7648/Workspace/toyota-1.19.3/package/opensource/eglibc/build/elf/rtld-libc.a(rtld-getcwd.os)
 .ARM.attributes
                0x0000036f       0x41 /home/uidj7648/Workspace/toyota-1.19.3/package/opensource/eglibc/build/elf/rtld-libc.a(rtld-getpagesize.os)
 .ARM.attributes
                0x000003b0       0x31 /home/uidj7648/Workspace/toyota-1.19.3/package/opensource/eglibc/build/elf/rtld-libc.a(rtld-mmap.os)
 .ARM.attributes
                0x000003e1       0x31 /home/uidj7648/Workspace/toyota-1.19.3/package/opensource/eglibc/build/elf/rtld-libc.a(rtld-munmap.os)
 .ARM.attributes
                0x00000412       0x31 /home/uidj7648/Workspace/toyota-1.19.3/package/opensource/eglibc/build/elf/rtld-libc.a(rtld-mprotect.os)
 .ARM.attributes
                0x00000443       0x31 /home/uidj7648/Workspace/toyota-1.19.3/package/opensource/eglibc/build/elf/rtld-libc.a(rtld-uname.os)
 .ARM.attributes
                0x00000474       0x41 /home/uidj7648/Workspace/toyota-1.19.3/package/opensource/eglibc/build/elf/rtld-libc.a(rtld-_exit.os)
 .ARM.attributes
                0x000004b5       0x41 /home/uidj7648/Workspace/toyota-1.19.3/package/opensource/eglibc/build/elf/rtld-libc.a(rtld-getpid.os)
 .ARM.attributes
                0x000004f6       0x41 /home/uidj7648/Workspace/toyota-1.19.3/package/opensource/eglibc/build/elf/rtld-libc.a(rtld-environ.os)
 .ARM.attributes
                0x00000537       0x31 /home/uidj7648/Workspace/toyota-1.19.3/package/opensource/eglibc/build/elf/rtld-libc.a(rtld-setjmp.os)
 .ARM.attributes
                0x00000568       0x31 /home/uidj7648/Workspace/toyota-1.19.3/package/opensource/eglibc/build/elf/rtld-libc.a(rtld-__longjmp.os)
 .ARM.attributes
                0x00000599       0x41 /home/uidj7648/Workspace/toyota-1.19.3/package/opensource/eglibc/build/elf/rtld-libc.a(rtld-sigaction.os)
 .ARM.attributes
                0x000005da       0x31 /home/uidj7648/Workspace/toyota-1.19.3/package/opensource/eglibc/build/elf/rtld-libc.a(rtld-sigrestorer.os)
 .ARM.attributes
                0x0000060b       0x41 /home/uidj7648/Workspace/toyota-1.19.3/package/opensource/eglibc/build/elf/rtld-libc.a(rtld-strchr.os)
 .ARM.attributes
                0x0000064c       0x41 /home/uidj7648/Workspace/toyota-1.19.3/package/opensource/eglibc/build/elf/rtld-libc.a(rtld-strcmp.os)
 .ARM.attributes
                0x0000068d       0x31 /home/uidj7648/Workspace/toyota-1.19.3/package/opensource/eglibc/build/elf/rtld-libc.a(rtld-strlen.os)
 .ARM.attributes
                0x000006be       0x41 /home/uidj7648/Workspace/toyota-1.19.3/package/opensource/eglibc/build/elf/rtld-libc.a(rtld-strnlen.os)
 .ARM.attributes
                0x000006ff       0x41 /home/uidj7648/Workspace/toyota-1.19.3/package/opensource/eglibc/build/elf/rtld-libc.a(rtld-memchr.os)
 .ARM.attributes
                0x00000740       0x41 /home/uidj7648/Workspace/toyota-1.19.3/package/opensource/eglibc/build/elf/rtld-libc.a(rtld-memcmp.os)
 .ARM.attributes
                0x00000781       0x31 /home/uidj7648/Workspace/toyota-1.19.3/package/opensource/eglibc/build/elf/rtld-libc.a(rtld-memmove.os)
 .ARM.attributes
                0x000007b2       0x31 /home/uidj7648/Workspace/toyota-1.19.3/package/opensource/eglibc/build/elf/rtld-libc.a(rtld-memset.os)
 .ARM.attributes
                0x000007e3       0x41 /home/uidj7648/Workspace/toyota-1.19.3/package/opensource/eglibc/build/elf/rtld-libc.a(rtld-mempcpy.os)
 .ARM.attributes
                0x00000824       0x41 /home/uidj7648/Workspace/toyota-1.19.3/package/opensource/eglibc/build/elf/rtld-libc.a(rtld-stpcpy.os)
 .ARM.attributes
                0x00000865       0x31 /home/uidj7648/Workspace/toyota-1.19.3/package/opensource/eglibc/build/elf/rtld-libc.a(rtld-memcpy.os)
 .ARM.attributes
                0x00000896       0x41 /home/uidj7648/Workspace/toyota-1.19.3/package/opensource/eglibc/build/elf/rtld-libc.a(rtld-wordcopy.os)
 .ARM.attributes
                0x000008d7       0x41 /home/uidj7648/Workspace/toyota-1.19.3/package/opensource/eglibc/build/elf/rtld-libc.a(rtld-rawmemchr.os)
 .ARM.attributes
                0x00000918       0x31 /home/uidj7648/Workspace/toyota-1.19.3/package/opensource/eglibc/build/elf/rtld-libc.a(rtld-setitimer.os)
 .ARM.attributes
                0x00000949       0x31 /home/uidj7648/Workspace/toyota-1.19.3/package/opensource/eglibc/build/elf/rtld-libc.a(rtld-sysdep.os)
 .ARM.attributes
                0x0000097a       0x2f /home/uidj7648/Workspace/toyota-1.19.3/release/fs/devel/usr/bin/../lib/gcc/arm-cas-linux-gnueabi/4.6.2/libgcc.a(_udivsi3.o)
 .ARM.attributes
                0x000009a9       0x2f /home/uidj7648/Workspace/toyota-1.19.3/release/fs/devel/usr/bin/../lib/gcc/arm-cas-linux-gnueabi/4.6.2/libgcc.a(_divsi3.o)
 .ARM.attributes
                0x000009d8       0x2f /home/uidj7648/Workspace/toyota-1.19.3/release/fs/devel/usr/bin/../lib/gcc/arm-cas-linux-gnueabi/4.6.2/libgcc.a(_aeabi_uldivmod.o)
 .ARM.attributes
                0x00000a07       0x2f /home/uidj7648/Workspace/toyota-1.19.3/release/fs/devel/usr/bin/../lib/gcc/arm-cas-linux-gnueabi/4.6.2/libgcc.a(_dvmd_lnx.o)
 .ARM.attributes
                0x00000a36       0x41 /home/uidj7648/Workspace/toyota-1.19.3/release/fs/devel/usr/bin/../lib/gcc/arm-cas-linux-gnueabi/4.6.2/libgcc.a(bpabi.o)
 .ARM.attributes
                0x00000a77       0x41 /home/uidj7648/Workspace/toyota-1.19.3/release/fs/devel/usr/bin/../lib/gcc/arm-cas-linux-gnueabi/4.6.2/libgcc.a(_divdi3.o)
 .ARM.attributes
                0x00000ab8       0x41 /home/uidj7648/Workspace/toyota-1.19.3/release/fs/devel/usr/bin/../lib/gcc/arm-cas-linux-gnueabi/4.6.2/libgcc.a(_udivdi3.o)
 .ARM.attributes
                0x00000af9       0x41 /home/uidj7648/Workspace/toyota-1.19.3/package/opensource/eglibc/build/elf/rtld-libc.a(rtld-raise.os)

.debug
 *(.debug)

.line
 *(.line)

.debug_srcinfo
 *(.debug_srcinfo)

.debug_sfnames
 *(.debug_sfnames)

.debug_aranges  0x00000000      0x750
 *(.debug_aranges)
 .debug_aranges
                0x00000000      0x3d0 /home/uidj7648/Workspace/toyota-1.19.3/package/opensource/eglibc/build/elf/dl-allobjs.os
 .debug_aranges
                0x000003d0       0x20 /home/uidj7648/Workspace/toyota-1.19.3/package/opensource/eglibc/build/elf/rtld-libc.a(rtld-check_fds.os)
 .debug_aranges
                0x000003f0       0x20 /home/uidj7648/Workspace/toyota-1.19.3/package/opensource/eglibc/build/elf/rtld-libc.a(rtld-profil.os)
 .debug_aranges
                0x00000410       0x20 /home/uidj7648/Workspace/toyota-1.19.3/package/opensource/eglibc/build/elf/rtld-libc.a(rtld-prof-freq.os)
 .debug_aranges
                0x00000430       0x20 /home/uidj7648/Workspace/toyota-1.19.3/package/opensource/eglibc/build/elf/rtld-libc.a(rtld-xstat64.os)
 .debug_aranges
                0x00000450       0x20 /home/uidj7648/Workspace/toyota-1.19.3/package/opensource/eglibc/build/elf/rtld-libc.a(rtld-fxstat64.os)
 .debug_aranges
                0x00000470       0x20 /home/uidj7648/Workspace/toyota-1.19.3/package/opensource/eglibc/build/elf/rtld-libc.a(rtld-fcntl.os)
 .debug_aranges
                0x00000490       0x20 /home/uidj7648/Workspace/toyota-1.19.3/package/opensource/eglibc/build/elf/rtld-libc.a(rtld-getcwd.os)
 .debug_aranges
                0x000004b0       0x20 /home/uidj7648/Workspace/toyota-1.19.3/package/opensource/eglibc/build/elf/rtld-libc.a(rtld-getpagesize.os)
 .debug_aranges
                0x000004d0       0x20 /home/uidj7648/Workspace/toyota-1.19.3/package/opensource/eglibc/build/elf/rtld-libc.a(rtld-_exit.os)
 .debug_aranges
                0x000004f0       0x20 /home/uidj7648/Workspace/toyota-1.19.3/package/opensource/eglibc/build/elf/rtld-libc.a(rtld-getpid.os)
 .debug_aranges
                0x00000510       0x20 /home/uidj7648/Workspace/toyota-1.19.3/package/opensource/eglibc/build/elf/rtld-libc.a(rtld-sigaction.os)
 .debug_aranges
                0x00000530       0x20 /home/uidj7648/Workspace/toyota-1.19.3/package/opensource/eglibc/build/elf/rtld-libc.a(rtld-strchr.os)
 .debug_aranges
                0x00000550       0x20 /home/uidj7648/Workspace/toyota-1.19.3/package/opensource/eglibc/build/elf/rtld-libc.a(rtld-strcmp.os)
 .debug_aranges
                0x00000570       0x20 /home/uidj7648/Workspace/toyota-1.19.3/package/opensource/eglibc/build/elf/rtld-libc.a(rtld-strnlen.os)
 .debug_aranges
                0x00000590       0x20 /home/uidj7648/Workspace/toyota-1.19.3/package/opensource/eglibc/build/elf/rtld-libc.a(rtld-memchr.os)
 .debug_aranges
                0x000005b0       0x20 /home/uidj7648/Workspace/toyota-1.19.3/package/opensource/eglibc/build/elf/rtld-libc.a(rtld-memcmp.os)
 .debug_aranges
                0x000005d0       0x20 /home/uidj7648/Workspace/toyota-1.19.3/package/opensource/eglibc/build/elf/rtld-libc.a(rtld-mempcpy.os)
 .debug_aranges
                0x000005f0       0x20 /home/uidj7648/Workspace/toyota-1.19.3/package/opensource/eglibc/build/elf/rtld-libc.a(rtld-stpcpy.os)
 .debug_aranges
                0x00000610       0x20 /home/uidj7648/Workspace/toyota-1.19.3/package/opensource/eglibc/build/elf/rtld-libc.a(rtld-wordcopy.os)
 .debug_aranges
                0x00000630       0x20 /home/uidj7648/Workspace/toyota-1.19.3/package/opensource/eglibc/build/elf/rtld-libc.a(rtld-rawmemchr.os)
 .debug_aranges
                0x00000650       0x20 /home/uidj7648/Workspace/toyota-1.19.3/release/fs/devel/usr/bin/../lib/gcc/arm-cas-linux-gnueabi/4.6.2/libgcc.a(_udivsi3.o)
 .debug_aranges
                0x00000670       0x20 /home/uidj7648/Workspace/toyota-1.19.3/release/fs/devel/usr/bin/../lib/gcc/arm-cas-linux-gnueabi/4.6.2/libgcc.a(_divsi3.o)
 .debug_aranges
                0x00000690       0x20 /home/uidj7648/Workspace/toyota-1.19.3/release/fs/devel/usr/bin/../lib/gcc/arm-cas-linux-gnueabi/4.6.2/libgcc.a(_aeabi_uldivmod.o)
 .debug_aranges
                0x000006b0       0x20 /home/uidj7648/Workspace/toyota-1.19.3/release/fs/devel/usr/bin/../lib/gcc/arm-cas-linux-gnueabi/4.6.2/libgcc.a(_dvmd_lnx.o)
 .debug_aranges
                0x000006d0       0x20 /home/uidj7648/Workspace/toyota-1.19.3/release/fs/devel/usr/bin/../lib/gcc/arm-cas-linux-gnueabi/4.6.2/libgcc.a(bpabi.o)
 .debug_aranges
                0x000006f0       0x20 /home/uidj7648/Workspace/toyota-1.19.3/release/fs/devel/usr/bin/../lib/gcc/arm-cas-linux-gnueabi/4.6.2/libgcc.a(_divdi3.o)
 .debug_aranges
                0x00000710       0x20 /home/uidj7648/Workspace/toyota-1.19.3/release/fs/devel/usr/bin/../lib/gcc/arm-cas-linux-gnueabi/4.6.2/libgcc.a(_udivdi3.o)
 .debug_aranges
                0x00000730       0x20 /home/uidj7648/Workspace/toyota-1.19.3/package/opensource/eglibc/build/elf/rtld-libc.a(rtld-raise.os)

.debug_pubnames
 *(.debug_pubnames)

.debug_info     0x00000000    0x4c869
 *(.debug_info)
 .debug_info    0x00000000    0x42652 /home/uidj7648/Workspace/toyota-1.19.3/package/opensource/eglibc/build/elf/dl-allobjs.os
 .debug_info    0x00042652      0x405 /home/uidj7648/Workspace/toyota-1.19.3/package/opensource/eglibc/build/elf/rtld-libc.a(rtld-check_fds.os)
 .debug_info    0x00042a57       0x8c /home/uidj7648/Workspace/toyota-1.19.3/package/opensource/eglibc/build/elf/rtld-libc.a(rtld-errno.os)
 .debug_info    0x00042ae3      0x7be /home/uidj7648/Workspace/toyota-1.19.3/package/opensource/eglibc/build/elf/rtld-libc.a(rtld-profil.os)
 .debug_info    0x000432a1     0x1ae2 /home/uidj7648/Workspace/toyota-1.19.3/package/opensource/eglibc/build/elf/rtld-libc.a(rtld-prof-freq.os)
 .debug_info    0x00044d83      0x30e /home/uidj7648/Workspace/toyota-1.19.3/package/opensource/eglibc/build/elf/rtld-libc.a(rtld-xstat64.os)
 .debug_info    0x00045091      0x302 /home/uidj7648/Workspace/toyota-1.19.3/package/opensource/eglibc/build/elf/rtld-libc.a(rtld-fxstat64.os)
 .debug_info    0x00045393      0x285 /home/uidj7648/Workspace/toyota-1.19.3/package/opensource/eglibc/build/elf/rtld-libc.a(rtld-fcntl.os)
 .debug_info    0x00045618      0x1a8 /home/uidj7648/Workspace/toyota-1.19.3/package/opensource/eglibc/build/elf/rtld-libc.a(rtld-getcwd.os)
 .debug_info    0x000457c0     0x1b0d /home/uidj7648/Workspace/toyota-1.19.3/package/opensource/eglibc/build/elf/rtld-libc.a(rtld-getpagesize.os)
 .debug_info    0x000472cd      0x151 /home/uidj7648/Workspace/toyota-1.19.3/package/opensource/eglibc/build/elf/rtld-libc.a(rtld-_exit.os)
 .debug_info    0x0004741e       0xe0 /home/uidj7648/Workspace/toyota-1.19.3/package/opensource/eglibc/build/elf/rtld-libc.a(rtld-getpid.os)
 .debug_info    0x000474fe       0xde /home/uidj7648/Workspace/toyota-1.19.3/package/opensource/eglibc/build/elf/rtld-libc.a(rtld-environ.os)
 .debug_info    0x000475dc     0x2073 /home/uidj7648/Workspace/toyota-1.19.3/package/opensource/eglibc/build/elf/rtld-libc.a(rtld-sigaction.os)
 .debug_info    0x0004964f      0x13e /home/uidj7648/Workspace/toyota-1.19.3/package/opensource/eglibc/build/elf/rtld-libc.a(rtld-strchr.os)
 .debug_info    0x0004978d       0xf0 /home/uidj7648/Workspace/toyota-1.19.3/package/opensource/eglibc/build/elf/rtld-libc.a(rtld-strcmp.os)
 .debug_info    0x0004987d      0x141 /home/uidj7648/Workspace/toyota-1.19.3/package/opensource/eglibc/build/elf/rtld-libc.a(rtld-strnlen.os)
 .debug_info    0x000499be      0x14c /home/uidj7648/Workspace/toyota-1.19.3/package/opensource/eglibc/build/elf/rtld-libc.a(rtld-memchr.os)
 .debug_info    0x00049b0a      0x6d8 /home/uidj7648/Workspace/toyota-1.19.3/package/opensource/eglibc/build/elf/rtld-libc.a(rtld-memcmp.os)
 .debug_info    0x0004a1e2      0x157 /home/uidj7648/Workspace/toyota-1.19.3/package/opensource/eglibc/build/elf/rtld-libc.a(rtld-mempcpy.os)
 .debug_info    0x0004a339       0xd1 /home/uidj7648/Workspace/toyota-1.19.3/package/opensource/eglibc/build/elf/rtld-libc.a(rtld-stpcpy.os)
 .debug_info    0x0004a40a      0x39b /home/uidj7648/Workspace/toyota-1.19.3/package/opensource/eglibc/build/elf/rtld-libc.a(rtld-wordcopy.os)
 .debug_info    0x0004a7a5      0x136 /home/uidj7648/Workspace/toyota-1.19.3/package/opensource/eglibc/build/elf/rtld-libc.a(rtld-rawmemchr.os)
 .debug_info    0x0004a8db       0xc0 /home/uidj7648/Workspace/toyota-1.19.3/release/fs/devel/usr/bin/../lib/gcc/arm-cas-linux-gnueabi/4.6.2/libgcc.a(_udivsi3.o)
 .debug_info    0x0004a99b       0xc0 /home/uidj7648/Workspace/toyota-1.19.3/release/fs/devel/usr/bin/../lib/gcc/arm-cas-linux-gnueabi/4.6.2/libgcc.a(_divsi3.o)
 .debug_info    0x0004aa5b       0xba /home/uidj7648/Workspace/toyota-1.19.3/release/fs/devel/usr/bin/../lib/gcc/arm-cas-linux-gnueabi/4.6.2/libgcc.a(_aeabi_uldivmod.o)
 .debug_info    0x0004ab15       0xc0 /home/uidj7648/Workspace/toyota-1.19.3/release/fs/devel/usr/bin/../lib/gcc/arm-cas-linux-gnueabi/4.6.2/libgcc.a(_dvmd_lnx.o)
 .debug_info    0x0004abd5       0xf0 /home/uidj7648/Workspace/toyota-1.19.3/release/fs/devel/usr/bin/../lib/gcc/arm-cas-linux-gnueabi/4.6.2/libgcc.a(bpabi.o)
 .debug_info    0x0004acc5      0x5d9 /home/uidj7648/Workspace/toyota-1.19.3/release/fs/devel/usr/bin/../lib/gcc/arm-cas-linux-gnueabi/4.6.2/libgcc.a(_divdi3.o)
 .debug_info    0x0004b29e      0x59c /home/uidj7648/Workspace/toyota-1.19.3/release/fs/devel/usr/bin/../lib/gcc/arm-cas-linux-gnueabi/4.6.2/libgcc.a(_udivdi3.o)
 .debug_info    0x0004b83a     0x102f /home/uidj7648/Workspace/toyota-1.19.3/package/opensource/eglibc/build/elf/rtld-libc.a(rtld-raise.os)

.debug_abbrev   0x00000000     0x7311
 *(.debug_abbrev)
 .debug_abbrev  0x00000000     0x5703 /home/uidj7648/Workspace/toyota-1.19.3/package/opensource/eglibc/build/elf/dl-allobjs.os
 .debug_abbrev  0x00005703      0x13c /home/uidj7648/Workspace/toyota-1.19.3/package/opensource/eglibc/build/elf/rtld-libc.a(rtld-check_fds.os)
 .debug_abbrev  0x0000583f       0x3b /home/uidj7648/Workspace/toyota-1.19.3/package/opensource/eglibc/build/elf/rtld-libc.a(rtld-errno.os)
 .debug_abbrev  0x0000587a      0x1d2 /home/uidj7648/Workspace/toyota-1.19.3/package/opensource/eglibc/build/elf/rtld-libc.a(rtld-profil.os)
 .debug_abbrev  0x00005a4c      0x1f0 /home/uidj7648/Workspace/toyota-1.19.3/package/opensource/eglibc/build/elf/rtld-libc.a(rtld-prof-freq.os)
 .debug_abbrev  0x00005c3c       0xdb /home/uidj7648/Workspace/toyota-1.19.3/package/opensource/eglibc/build/elf/rtld-libc.a(rtld-xstat64.os)
 .debug_abbrev  0x00005d17       0xd4 /home/uidj7648/Workspace/toyota-1.19.3/package/opensource/eglibc/build/elf/rtld-libc.a(rtld-fxstat64.os)
 .debug_abbrev  0x00005deb      0x154 /home/uidj7648/Workspace/toyota-1.19.3/package/opensource/eglibc/build/elf/rtld-libc.a(rtld-fcntl.os)
 .debug_abbrev  0x00005f3f       0xf6 /home/uidj7648/Workspace/toyota-1.19.3/package/opensource/eglibc/build/elf/rtld-libc.a(rtld-getcwd.os)
 .debug_abbrev  0x00006035      0x1ff /home/uidj7648/Workspace/toyota-1.19.3/package/opensource/eglibc/build/elf/rtld-libc.a(rtld-getpagesize.os)
 .debug_abbrev  0x00006234       0xa7 /home/uidj7648/Workspace/toyota-1.19.3/package/opensource/eglibc/build/elf/rtld-libc.a(rtld-_exit.os)
 .debug_abbrev  0x000062db       0x82 /home/uidj7648/Workspace/toyota-1.19.3/package/opensource/eglibc/build/elf/rtld-libc.a(rtld-getpid.os)
 .debug_abbrev  0x0000635d       0x66 /home/uidj7648/Workspace/toyota-1.19.3/package/opensource/eglibc/build/elf/rtld-libc.a(rtld-environ.os)
 .debug_abbrev  0x000063c3      0x2bf /home/uidj7648/Workspace/toyota-1.19.3/package/opensource/eglibc/build/elf/rtld-libc.a(rtld-sigaction.os)
 .debug_abbrev  0x00006682       0xa5 /home/uidj7648/Workspace/toyota-1.19.3/package/opensource/eglibc/build/elf/rtld-libc.a(rtld-strchr.os)
 .debug_abbrev  0x00006727       0x80 /home/uidj7648/Workspace/toyota-1.19.3/package/opensource/eglibc/build/elf/rtld-libc.a(rtld-strcmp.os)
 .debug_abbrev  0x000067a7       0xb0 /home/uidj7648/Workspace/toyota-1.19.3/package/opensource/eglibc/build/elf/rtld-libc.a(rtld-strnlen.os)
 .debug_abbrev  0x00006857       0xdc /home/uidj7648/Workspace/toyota-1.19.3/package/opensource/eglibc/build/elf/rtld-libc.a(rtld-memchr.os)
 .debug_abbrev  0x00006933      0x15a /home/uidj7648/Workspace/toyota-1.19.3/package/opensource/eglibc/build/elf/rtld-libc.a(rtld-memcmp.os)
 .debug_abbrev  0x00006a8d       0xba /home/uidj7648/Workspace/toyota-1.19.3/package/opensource/eglibc/build/elf/rtld-libc.a(rtld-mempcpy.os)
 .debug_abbrev  0x00006b47       0x8b /home/uidj7648/Workspace/toyota-1.19.3/package/opensource/eglibc/build/elf/rtld-libc.a(rtld-stpcpy.os)
 .debug_abbrev  0x00006bd2      0x10c /home/uidj7648/Workspace/toyota-1.19.3/package/opensource/eglibc/build/elf/rtld-libc.a(rtld-wordcopy.os)
 .debug_abbrev  0x00006cde       0xb1 /home/uidj7648/Workspace/toyota-1.19.3/package/opensource/eglibc/build/elf/rtld-libc.a(rtld-rawmemchr.os)
 .debug_abbrev  0x00006d8f       0x14 /home/uidj7648/Workspace/toyota-1.19.3/release/fs/devel/usr/bin/../lib/gcc/arm-cas-linux-gnueabi/4.6.2/libgcc.a(_udivsi3.o)
 .debug_abbrev  0x00006da3       0x14 /home/uidj7648/Workspace/toyota-1.19.3/release/fs/devel/usr/bin/../lib/gcc/arm-cas-linux-gnueabi/4.6.2/libgcc.a(_divsi3.o)
 .debug_abbrev  0x00006db7       0x14 /home/uidj7648/Workspace/toyota-1.19.3/release/fs/devel/usr/bin/../lib/gcc/arm-cas-linux-gnueabi/4.6.2/libgcc.a(_aeabi_uldivmod.o)
 .debug_abbrev  0x00006dcb       0x14 /home/uidj7648/Workspace/toyota-1.19.3/release/fs/devel/usr/bin/../lib/gcc/arm-cas-linux-gnueabi/4.6.2/libgcc.a(_dvmd_lnx.o)
 .debug_abbrev  0x00006ddf       0x6e /home/uidj7648/Workspace/toyota-1.19.3/release/fs/devel/usr/bin/../lib/gcc/arm-cas-linux-gnueabi/4.6.2/libgcc.a(bpabi.o)
 .debug_abbrev  0x00006e4d      0x157 /home/uidj7648/Workspace/toyota-1.19.3/release/fs/devel/usr/bin/../lib/gcc/arm-cas-linux-gnueabi/4.6.2/libgcc.a(_divdi3.o)
 .debug_abbrev  0x00006fa4      0x151 /home/uidj7648/Workspace/toyota-1.19.3/release/fs/devel/usr/bin/../lib/gcc/arm-cas-linux-gnueabi/4.6.2/libgcc.a(_udivdi3.o)
 .debug_abbrev  0x000070f5      0x21c /home/uidj7648/Workspace/toyota-1.19.3/package/opensource/eglibc/build/elf/rtld-libc.a(rtld-raise.os)

.debug_line     0x00000000     0xb7ed
 *(.debug_line)
 .debug_line    0x00000000     0x9759 /home/uidj7648/Workspace/toyota-1.19.3/package/opensource/eglibc/build/elf/dl-allobjs.os
 .debug_line    0x00009759      0x10c /home/uidj7648/Workspace/toyota-1.19.3/package/opensource/eglibc/build/elf/rtld-libc.a(rtld-check_fds.os)
 .debug_line    0x00009865       0x28 /home/uidj7648/Workspace/toyota-1.19.3/package/opensource/eglibc/build/elf/rtld-libc.a(rtld-errno.os)
 .debug_line    0x0000988d      0x2a3 /home/uidj7648/Workspace/toyota-1.19.3/package/opensource/eglibc/build/elf/rtld-libc.a(rtld-profil.os)
 .debug_line    0x00009b30      0x206 /home/uidj7648/Workspace/toyota-1.19.3/package/opensource/eglibc/build/elf/rtld-libc.a(rtld-prof-freq.os)
 .debug_line    0x00009d36       0xc8 /home/uidj7648/Workspace/toyota-1.19.3/package/opensource/eglibc/build/elf/rtld-libc.a(rtld-xstat64.os)
 .debug_line    0x00009dfe       0xc9 /home/uidj7648/Workspace/toyota-1.19.3/package/opensource/eglibc/build/elf/rtld-libc.a(rtld-fxstat64.os)
 .debug_line    0x00009ec7      0x193 /home/uidj7648/Workspace/toyota-1.19.3/package/opensource/eglibc/build/elf/rtld-libc.a(rtld-fcntl.os)
 .debug_line    0x0000a05a      0x116 /home/uidj7648/Workspace/toyota-1.19.3/package/opensource/eglibc/build/elf/rtld-libc.a(rtld-getcwd.os)
 .debug_line    0x0000a170      0x20b /home/uidj7648/Workspace/toyota-1.19.3/package/opensource/eglibc/build/elf/rtld-libc.a(rtld-getpagesize.os)
 .debug_line    0x0000a37b       0x74 /home/uidj7648/Workspace/toyota-1.19.3/package/opensource/eglibc/build/elf/rtld-libc.a(rtld-_exit.os)
 .debug_line    0x0000a3ef       0x82 /home/uidj7648/Workspace/toyota-1.19.3/package/opensource/eglibc/build/elf/rtld-libc.a(rtld-getpid.os)
 .debug_line    0x0000a471       0x3f /home/uidj7648/Workspace/toyota-1.19.3/package/opensource/eglibc/build/elf/rtld-libc.a(rtld-environ.os)
 .debug_line    0x0000a4b0      0x360 /home/uidj7648/Workspace/toyota-1.19.3/package/opensource/eglibc/build/elf/rtld-libc.a(rtld-sigaction.os)
 .debug_line    0x0000a810       0x91 /home/uidj7648/Workspace/toyota-1.19.3/package/opensource/eglibc/build/elf/rtld-libc.a(rtld-strchr.os)
 .debug_line    0x0000a8a1       0x3f /home/uidj7648/Workspace/toyota-1.19.3/package/opensource/eglibc/build/elf/rtld-libc.a(rtld-strcmp.os)
 .debug_line    0x0000a8e0      0x10c /home/uidj7648/Workspace/toyota-1.19.3/package/opensource/eglibc/build/elf/rtld-libc.a(rtld-strnlen.os)
 .debug_line    0x0000a9ec      0x11a /home/uidj7648/Workspace/toyota-1.19.3/package/opensource/eglibc/build/elf/rtld-libc.a(rtld-memchr.os)
 .debug_line    0x0000ab06      0x247 /home/uidj7648/Workspace/toyota-1.19.3/package/opensource/eglibc/build/elf/rtld-libc.a(rtld-memcmp.os)
 .debug_line    0x0000ad4d      0x10b /home/uidj7648/Workspace/toyota-1.19.3/package/opensource/eglibc/build/elf/rtld-libc.a(rtld-mempcpy.os)
 .debug_line    0x0000ae58       0x46 /home/uidj7648/Workspace/toyota-1.19.3/package/opensource/eglibc/build/elf/rtld-libc.a(rtld-stpcpy.os)
 .debug_line    0x0000ae9e      0x1f4 /home/uidj7648/Workspace/toyota-1.19.3/package/opensource/eglibc/build/elf/rtld-libc.a(rtld-wordcopy.os)
 .debug_line    0x0000b092       0x74 /home/uidj7648/Workspace/toyota-1.19.3/package/opensource/eglibc/build/elf/rtld-libc.a(rtld-rawmemchr.os)
 .debug_line    0x0000b106       0x83 /home/uidj7648/Workspace/toyota-1.19.3/release/fs/devel/usr/bin/../lib/gcc/arm-cas-linux-gnueabi/4.6.2/libgcc.a(_udivsi3.o)
 .debug_line    0x0000b189       0x8f /home/uidj7648/Workspace/toyota-1.19.3/release/fs/devel/usr/bin/../lib/gcc/arm-cas-linux-gnueabi/4.6.2/libgcc.a(_divsi3.o)
 .debug_line    0x0000b218       0x63 /home/uidj7648/Workspace/toyota-1.19.3/release/fs/devel/usr/bin/../lib/gcc/arm-cas-linux-gnueabi/4.6.2/libgcc.a(_aeabi_uldivmod.o)
 .debug_line    0x0000b27b       0x66 /home/uidj7648/Workspace/toyota-1.19.3/release/fs/devel/usr/bin/../lib/gcc/arm-cas-linux-gnueabi/4.6.2/libgcc.a(_dvmd_lnx.o)
 .debug_line    0x0000b2e1       0x62 /home/uidj7648/Workspace/toyota-1.19.3/release/fs/devel/usr/bin/../lib/gcc/arm-cas-linux-gnueabi/4.6.2/libgcc.a(bpabi.o)
 .debug_line    0x0000b343       0xdb /home/uidj7648/Workspace/toyota-1.19.3/release/fs/devel/usr/bin/../lib/gcc/arm-cas-linux-gnueabi/4.6.2/libgcc.a(_divdi3.o)
 .debug_line    0x0000b41e       0xcf /home/uidj7648/Workspace/toyota-1.19.3/release/fs/devel/usr/bin/../lib/gcc/arm-cas-linux-gnueabi/4.6.2/libgcc.a(_udivdi3.o)
 .debug_line    0x0000b4ed      0x300 /home/uidj7648/Workspace/toyota-1.19.3/package/opensource/eglibc/build/elf/rtld-libc.a(rtld-raise.os)

.debug_frame    0x00000000     0x1d18
 *(.debug_frame)
 .debug_frame   0x00000000     0x1348 /home/uidj7648/Workspace/toyota-1.19.3/package/opensource/eglibc/build/elf/dl-allobjs.os
 .debug_frame   0x00001348       0x4c /home/uidj7648/Workspace/toyota-1.19.3/package/opensource/eglibc/build/elf/rtld-libc.a(rtld-check_fds.os)
 .debug_frame   0x00001394       0x40 /home/uidj7648/Workspace/toyota-1.19.3/package/opensource/eglibc/build/elf/rtld-libc.a(rtld-profil.os)
 .debug_frame   0x000013d4       0x20 /home/uidj7648/Workspace/toyota-1.19.3/package/opensource/eglibc/build/elf/rtld-libc.a(rtld-prof-freq.os)
 .debug_frame   0x000013f4       0x28 /home/uidj7648/Workspace/toyota-1.19.3/package/opensource/eglibc/build/elf/rtld-libc.a(rtld-xstat64.os)
 .debug_frame   0x0000141c       0x28 /home/uidj7648/Workspace/toyota-1.19.3/package/opensource/eglibc/build/elf/rtld-libc.a(rtld-fxstat64.os)
 .debug_frame   0x00001444       0x28 /home/uidj7648/Workspace/toyota-1.19.3/package/opensource/eglibc/build/elf/rtld-libc.a(rtld-open.os)
 .debug_frame   0x0000146c       0x28 /home/uidj7648/Workspace/toyota-1.19.3/package/opensource/eglibc/build/elf/rtld-libc.a(rtld-close.os)
 .debug_frame   0x00001494       0x28 /home/uidj7648/Workspace/toyota-1.19.3/package/opensource/eglibc/build/elf/rtld-libc.a(rtld-read.os)
 .debug_frame   0x000014bc       0x28 /home/uidj7648/Workspace/toyota-1.19.3/package/opensource/eglibc/build/elf/rtld-libc.a(rtld-write.os)
 .debug_frame   0x000014e4       0x28 /home/uidj7648/Workspace/toyota-1.19.3/package/opensource/eglibc/build/elf/rtld-libc.a(rtld-lseek.os)
 .debug_frame   0x0000150c       0x28 /home/uidj7648/Workspace/toyota-1.19.3/package/opensource/eglibc/build/elf/rtld-libc.a(rtld-access.os)
 .debug_frame   0x00001534       0x34 /home/uidj7648/Workspace/toyota-1.19.3/package/opensource/eglibc/build/elf/rtld-libc.a(rtld-fcntl.os)
 .debug_frame   0x00001568       0x28 /home/uidj7648/Workspace/toyota-1.19.3/package/opensource/eglibc/build/elf/rtld-libc.a(rtld-getcwd.os)
 .debug_frame   0x00001590       0x28 /home/uidj7648/Workspace/toyota-1.19.3/package/opensource/eglibc/build/elf/rtld-libc.a(rtld-getpagesize.os)
 .debug_frame   0x000015b8       0x3c /home/uidj7648/Workspace/toyota-1.19.3/package/opensource/eglibc/build/elf/rtld-libc.a(rtld-mmap.os)
 .debug_frame   0x000015f4       0x28 /home/uidj7648/Workspace/toyota-1.19.3/package/opensource/eglibc/build/elf/rtld-libc.a(rtld-munmap.os)
 .debug_frame   0x0000161c       0x28 /home/uidj7648/Workspace/toyota-1.19.3/package/opensource/eglibc/build/elf/rtld-libc.a(rtld-mprotect.os)
 .debug_frame   0x00001644       0x28 /home/uidj7648/Workspace/toyota-1.19.3/package/opensource/eglibc/build/elf/rtld-libc.a(rtld-uname.os)
 .debug_frame   0x0000166c       0x28 /home/uidj7648/Workspace/toyota-1.19.3/package/opensource/eglibc/build/elf/rtld-libc.a(rtld-_exit.os)
 .debug_frame   0x00001694       0x28 /home/uidj7648/Workspace/toyota-1.19.3/package/opensource/eglibc/build/elf/rtld-libc.a(rtld-getpid.os)
 .debug_frame   0x000016bc       0x20 /home/uidj7648/Workspace/toyota-1.19.3/package/opensource/eglibc/build/elf/rtld-libc.a(rtld-setjmp.os)
 .debug_frame   0x000016dc       0x2c /home/uidj7648/Workspace/toyota-1.19.3/package/opensource/eglibc/build/elf/rtld-libc.a(rtld-__longjmp.os)
 .debug_frame   0x00001708       0x44 /home/uidj7648/Workspace/toyota-1.19.3/package/opensource/eglibc/build/elf/rtld-libc.a(rtld-sigaction.os)
 .debug_frame   0x0000174c      0x150 /home/uidj7648/Workspace/toyota-1.19.3/package/opensource/eglibc/build/elf/rtld-libc.a(rtld-sigrestorer.os)
 .debug_frame   0x0000189c       0x30 /home/uidj7648/Workspace/toyota-1.19.3/package/opensource/eglibc/build/elf/rtld-libc.a(rtld-strchr.os)
 .debug_frame   0x000018cc       0x20 /home/uidj7648/Workspace/toyota-1.19.3/package/opensource/eglibc/build/elf/rtld-libc.a(rtld-strcmp.os)
 .debug_frame   0x000018ec       0x20 /home/uidj7648/Workspace/toyota-1.19.3/package/opensource/eglibc/build/elf/rtld-libc.a(rtld-strlen.os)
 .debug_frame   0x0000190c       0x2c /home/uidj7648/Workspace/toyota-1.19.3/package/opensource/eglibc/build/elf/rtld-libc.a(rtld-strnlen.os)
 .debug_frame   0x00001938       0x2c /home/uidj7648/Workspace/toyota-1.19.3/package/opensource/eglibc/build/elf/rtld-libc.a(rtld-memchr.os)
 .debug_frame   0x00001964       0x38 /home/uidj7648/Workspace/toyota-1.19.3/package/opensource/eglibc/build/elf/rtld-libc.a(rtld-memcmp.os)
 .debug_frame   0x0000199c       0x7c /home/uidj7648/Workspace/toyota-1.19.3/package/opensource/eglibc/build/elf/rtld-libc.a(rtld-memmove.os)
 .debug_frame   0x00001a18       0x20 /home/uidj7648/Workspace/toyota-1.19.3/package/opensource/eglibc/build/elf/rtld-libc.a(rtld-memset.os)
 .debug_frame   0x00001a38       0x30 /home/uidj7648/Workspace/toyota-1.19.3/package/opensource/eglibc/build/elf/rtld-libc.a(rtld-mempcpy.os)
 .debug_frame   0x00001a68       0x20 /home/uidj7648/Workspace/toyota-1.19.3/package/opensource/eglibc/build/elf/rtld-libc.a(rtld-stpcpy.os)
 .debug_frame   0x00001a88       0x7c /home/uidj7648/Workspace/toyota-1.19.3/package/opensource/eglibc/build/elf/rtld-libc.a(rtld-memcpy.os)
 .debug_frame   0x00001b04       0x78 /home/uidj7648/Workspace/toyota-1.19.3/package/opensource/eglibc/build/elf/rtld-libc.a(rtld-wordcopy.os)
 .debug_frame   0x00001b7c       0x2c /home/uidj7648/Workspace/toyota-1.19.3/package/opensource/eglibc/build/elf/rtld-libc.a(rtld-rawmemchr.os)
 .debug_frame   0x00001ba8       0x28 /home/uidj7648/Workspace/toyota-1.19.3/package/opensource/eglibc/build/elf/rtld-libc.a(rtld-setitimer.os)
 .debug_frame   0x00001bd0       0x20 /home/uidj7648/Workspace/toyota-1.19.3/package/opensource/eglibc/build/elf/rtld-libc.a(rtld-sysdep.os)
 .debug_frame   0x00001bf0       0x20 /home/uidj7648/Workspace/toyota-1.19.3/release/fs/devel/usr/bin/../lib/gcc/arm-cas-linux-gnueabi/4.6.2/libgcc.a(_udivsi3.o)
 .debug_frame   0x00001c10       0x20 /home/uidj7648/Workspace/toyota-1.19.3/release/fs/devel/usr/bin/../lib/gcc/arm-cas-linux-gnueabi/4.6.2/libgcc.a(_divsi3.o)
 .debug_frame   0x00001c30       0x50 /home/uidj7648/Workspace/toyota-1.19.3/release/fs/devel/usr/bin/../lib/gcc/arm-cas-linux-gnueabi/4.6.2/libgcc.a(bpabi.o)
 .debug_frame   0x00001c80       0x38 /home/uidj7648/Workspace/toyota-1.19.3/release/fs/devel/usr/bin/../lib/gcc/arm-cas-linux-gnueabi/4.6.2/libgcc.a(_divdi3.o)
 .debug_frame   0x00001cb8       0x38 /home/uidj7648/Workspace/toyota-1.19.3/release/fs/devel/usr/bin/../lib/gcc/arm-cas-linux-gnueabi/4.6.2/libgcc.a(_udivdi3.o)
 .debug_frame   0x00001cf0       0x28 /home/uidj7648/Workspace/toyota-1.19.3/package/opensource/eglibc/build/elf/rtld-libc.a(rtld-raise.os)

.debug_str      0x00000000    0x29639
 *(.debug_str)
 .debug_str     0x00000000    0x239e2 /home/uidj7648/Workspace/toyota-1.19.3/package/opensource/eglibc/build/elf/dl-allobjs.os
 .debug_str     0x000239e2      0x298 /home/uidj7648/Workspace/toyota-1.19.3/package/opensource/eglibc/build/elf/rtld-libc.a(rtld-check_fds.os)
 .debug_str     0x00023c7a       0xf8 /home/uidj7648/Workspace/toyota-1.19.3/package/opensource/eglibc/build/elf/rtld-libc.a(rtld-errno.os)
 .debug_str     0x00023d72      0x4e0 /home/uidj7648/Workspace/toyota-1.19.3/package/opensource/eglibc/build/elf/rtld-libc.a(rtld-profil.os)
 .debug_str     0x00024252      0xeff /home/uidj7648/Workspace/toyota-1.19.3/package/opensource/eglibc/build/elf/rtld-libc.a(rtld-prof-freq.os)
 .debug_str     0x00025151      0x267 /home/uidj7648/Workspace/toyota-1.19.3/package/opensource/eglibc/build/elf/rtld-libc.a(rtld-xstat64.os)
 .debug_str     0x000253b8      0x264 /home/uidj7648/Workspace/toyota-1.19.3/package/opensource/eglibc/build/elf/rtld-libc.a(rtld-fxstat64.os)
 .debug_str     0x0002561c      0x1ff /home/uidj7648/Workspace/toyota-1.19.3/package/opensource/eglibc/build/elf/rtld-libc.a(rtld-fcntl.os)
 .debug_str     0x0002581b      0x169 /home/uidj7648/Workspace/toyota-1.19.3/package/opensource/eglibc/build/elf/rtld-libc.a(rtld-getcwd.os)
 .debug_str     0x00025984      0xf0f /home/uidj7648/Workspace/toyota-1.19.3/package/opensource/eglibc/build/elf/rtld-libc.a(rtld-getpagesize.os)
 .debug_str     0x00026893      0x135 /home/uidj7648/Workspace/toyota-1.19.3/package/opensource/eglibc/build/elf/rtld-libc.a(rtld-_exit.os)
 .debug_str     0x000269c8      0x12e /home/uidj7648/Workspace/toyota-1.19.3/package/opensource/eglibc/build/elf/rtld-libc.a(rtld-getpid.os)
 .debug_str     0x00026af6      0x106 /home/uidj7648/Workspace/toyota-1.19.3/package/opensource/eglibc/build/elf/rtld-libc.a(rtld-environ.os)
 .debug_str     0x00026bfc     0x117e /home/uidj7648/Workspace/toyota-1.19.3/package/opensource/eglibc/build/elf/rtld-libc.a(rtld-sigaction.os)
 .debug_str     0x00027d7a      0x12a /home/uidj7648/Workspace/toyota-1.19.3/package/opensource/eglibc/build/elf/rtld-libc.a(rtld-strchr.os)
 .debug_str     0x00027ea4       0xf2 /home/uidj7648/Workspace/toyota-1.19.3/package/opensource/eglibc/build/elf/rtld-libc.a(rtld-strcmp.os)
 .debug_str     0x00027f96      0x146 /home/uidj7648/Workspace/toyota-1.19.3/package/opensource/eglibc/build/elf/rtld-libc.a(rtld-strnlen.os)
 .debug_str     0x000280dc      0x133 /home/uidj7648/Workspace/toyota-1.19.3/package/opensource/eglibc/build/elf/rtld-libc.a(rtld-memchr.os)
 .debug_str     0x0002820f      0x14b /home/uidj7648/Workspace/toyota-1.19.3/package/opensource/eglibc/build/elf/rtld-libc.a(rtld-memcmp.os)
 .debug_str     0x0002835a      0x121 /home/uidj7648/Workspace/toyota-1.19.3/package/opensource/eglibc/build/elf/rtld-libc.a(rtld-mempcpy.os)
 .debug_str     0x0002847b       0xf9 /home/uidj7648/Workspace/toyota-1.19.3/package/opensource/eglibc/build/elf/rtld-libc.a(rtld-stpcpy.os)
 .debug_str     0x00028574      0x117 /home/uidj7648/Workspace/toyota-1.19.3/package/opensource/eglibc/build/elf/rtld-libc.a(rtld-wordcopy.os)
 .debug_str     0x0002868b      0x132 /home/uidj7648/Workspace/toyota-1.19.3/package/opensource/eglibc/build/elf/rtld-libc.a(rtld-rawmemchr.os)
 .debug_str     0x000287bd      0x101 /home/uidj7648/Workspace/toyota-1.19.3/release/fs/devel/usr/bin/../lib/gcc/arm-cas-linux-gnueabi/4.6.2/libgcc.a(bpabi.o)
 .debug_str     0x000288be      0x1b6 /home/uidj7648/Workspace/toyota-1.19.3/release/fs/devel/usr/bin/../lib/gcc/arm-cas-linux-gnueabi/4.6.2/libgcc.a(_divdi3.o)
 .debug_str     0x00028a74      0x1b7 /home/uidj7648/Workspace/toyota-1.19.3/release/fs/devel/usr/bin/../lib/gcc/arm-cas-linux-gnueabi/4.6.2/libgcc.a(_udivdi3.o)
 .debug_str     0x00028c2b      0xa0e /home/uidj7648/Workspace/toyota-1.19.3/package/opensource/eglibc/build/elf/rtld-libc.a(rtld-raise.os)

.debug_loc      0x00000000    0x17358
 *(.debug_loc)
 .debug_loc     0x00000000    0x131d8 /home/uidj7648/Workspace/toyota-1.19.3/package/opensource/eglibc/build/elf/dl-allobjs.os
 .debug_loc     0x000131d8      0x19f /home/uidj7648/Workspace/toyota-1.19.3/package/opensource/eglibc/build/elf/rtld-libc.a(rtld-check_fds.os)
 .debug_loc     0x00013377      0x12c /home/uidj7648/Workspace/toyota-1.19.3/package/opensource/eglibc/build/elf/rtld-libc.a(rtld-profil.os)
 .debug_loc     0x000134a3      0x107 /home/uidj7648/Workspace/toyota-1.19.3/package/opensource/eglibc/build/elf/rtld-libc.a(rtld-xstat64.os)
 .debug_loc     0x000135aa      0x107 /home/uidj7648/Workspace/toyota-1.19.3/package/opensource/eglibc/build/elf/rtld-libc.a(rtld-fxstat64.os)
 .debug_loc     0x000136b1       0xd0 /home/uidj7648/Workspace/toyota-1.19.3/package/opensource/eglibc/build/elf/rtld-libc.a(rtld-fcntl.os)
 .debug_loc     0x00013781      0x14f /home/uidj7648/Workspace/toyota-1.19.3/package/opensource/eglibc/build/elf/rtld-libc.a(rtld-getcwd.os)
 .debug_loc     0x000138d0       0x20 /home/uidj7648/Workspace/toyota-1.19.3/package/opensource/eglibc/build/elf/rtld-libc.a(rtld-getpagesize.os)
 .debug_loc     0x000138f0       0xbb /home/uidj7648/Workspace/toyota-1.19.3/package/opensource/eglibc/build/elf/rtld-libc.a(rtld-_exit.os)
 .debug_loc     0x000139ab       0x46 /home/uidj7648/Workspace/toyota-1.19.3/package/opensource/eglibc/build/elf/rtld-libc.a(rtld-getpid.os)
 .debug_loc     0x000139f1      0x289 /home/uidj7648/Workspace/toyota-1.19.3/package/opensource/eglibc/build/elf/rtld-libc.a(rtld-sigaction.os)
 .debug_loc     0x00013c7a      0x18b /home/uidj7648/Workspace/toyota-1.19.3/package/opensource/eglibc/build/elf/rtld-libc.a(rtld-strchr.os)
 .debug_loc     0x00013e05       0x1e /home/uidj7648/Workspace/toyota-1.19.3/package/opensource/eglibc/build/elf/rtld-libc.a(rtld-strcmp.os)
 .debug_loc     0x00013e23      0x187 /home/uidj7648/Workspace/toyota-1.19.3/package/opensource/eglibc/build/elf/rtld-libc.a(rtld-strnlen.os)
 .debug_loc     0x00013faa      0x206 /home/uidj7648/Workspace/toyota-1.19.3/package/opensource/eglibc/build/elf/rtld-libc.a(rtld-memchr.os)
 .debug_loc     0x000141b0      0xe72 /home/uidj7648/Workspace/toyota-1.19.3/package/opensource/eglibc/build/elf/rtld-libc.a(rtld-memcmp.os)
 .debug_loc     0x00015022      0x148 /home/uidj7648/Workspace/toyota-1.19.3/package/opensource/eglibc/build/elf/rtld-libc.a(rtld-mempcpy.os)
 .debug_loc     0x0001516a       0x5a /home/uidj7648/Workspace/toyota-1.19.3/package/opensource/eglibc/build/elf/rtld-libc.a(rtld-stpcpy.os)
 .debug_loc     0x000151c4      0x9ec /home/uidj7648/Workspace/toyota-1.19.3/package/opensource/eglibc/build/elf/rtld-libc.a(rtld-wordcopy.os)
 .debug_loc     0x00015bb0      0x15a /home/uidj7648/Workspace/toyota-1.19.3/package/opensource/eglibc/build/elf/rtld-libc.a(rtld-rawmemchr.os)
 .debug_loc     0x00015d0a       0xa0 /home/uidj7648/Workspace/toyota-1.19.3/release/fs/devel/usr/bin/../lib/gcc/arm-cas-linux-gnueabi/4.6.2/libgcc.a(bpabi.o)
 .debug_loc     0x00015daa      0x96c /home/uidj7648/Workspace/toyota-1.19.3/release/fs/devel/usr/bin/../lib/gcc/arm-cas-linux-gnueabi/4.6.2/libgcc.a(_divdi3.o)
 .debug_loc     0x00016716      0x9a9 /home/uidj7648/Workspace/toyota-1.19.3/release/fs/devel/usr/bin/../lib/gcc/arm-cas-linux-gnueabi/4.6.2/libgcc.a(_udivdi3.o)
 .debug_loc     0x000170bf      0x299 /home/uidj7648/Workspace/toyota-1.19.3/package/opensource/eglibc/build/elf/rtld-libc.a(rtld-raise.os)

.debug_macinfo
 *(.debug_macinfo)

.debug_weaknames
 *(.debug_weaknames)

.debug_funcnames
 *(.debug_funcnames)

.debug_typenames
 *(.debug_typenames)

.debug_varnames
 *(.debug_varnames)

.debug_pubtypes
 *(.debug_pubtypes)

.debug_ranges   0x00000000     0x4c70
 *(.debug_ranges)
 .debug_ranges  0x00000000     0x4588 /home/uidj7648/Workspace/toyota-1.19.3/package/opensource/eglibc/build/elf/dl-allobjs.os
 .debug_ranges  0x00004588       0x18 /home/uidj7648/Workspace/toyota-1.19.3/package/opensource/eglibc/build/elf/rtld-libc.a(rtld-check_fds.os)
 .debug_ranges  0x000045a0       0x18 /home/uidj7648/Workspace/toyota-1.19.3/package/opensource/eglibc/build/elf/rtld-libc.a(rtld-profil.os)
 .debug_ranges  0x000045b8       0x18 /home/uidj7648/Workspace/toyota-1.19.3/package/opensource/eglibc/build/elf/rtld-libc.a(rtld-xstat64.os)
 .debug_ranges  0x000045d0       0x18 /home/uidj7648/Workspace/toyota-1.19.3/package/opensource/eglibc/build/elf/rtld-libc.a(rtld-fxstat64.os)
 .debug_ranges  0x000045e8       0x38 /home/uidj7648/Workspace/toyota-1.19.3/package/opensource/eglibc/build/elf/rtld-libc.a(rtld-fcntl.os)