Archive member included because of file (symbol)

/home/uidj7648/Workspace/toyota-1.19.3/package/opensource/eglibc/build/libc_pic.a(check_fds.os)
                              /home/uidj7648/Workspace/toyota-1.19.3/package/opensource/eglibc/build/elf/dl-allobjs.os (__libc_check_standard_fds)
/home/uidj7648/Workspace/toyota-1.19.3/package/opensource/eglibc/build/libc_pic.a(errno.os)
                              /home/uidj7648/Workspace/toyota-1.19.3/package/opensource/eglibc/build/libc_pic.a(check_fds.os) (__libc_errno)
/home/uidj7648/Workspace/toyota-1.19.3/package/opensource/eglibc/build/libc_pic.a(divdi3.os)
                              /home/uidj7648/Workspace/toyota-1.19.3/package/opensource/eglibc/build/libc_pic.a(check_fds.os) (__divdi3_internal)
/home/uidj7648/Workspace/toyota-1.19.3/package/opensource/eglibc/build/libc_pic.a(setjmp.os)
                              /home/uidj7648/Workspace/toyota-1.19.3/package/opensource/eglibc/build/elf/dl-allobjs.os (__sigsetjmp)
/home/uidj7648/Workspace/toyota-1.19.3/package/opensource/eglibc/build/libc_pic.a(__longjmp.os)
                              /home/uidj7648/Workspace/toyota-1.19.3/package/opensource/eglibc/build/elf/dl-allobjs.os (__longjmp)
/home/uidj7648/Workspace/toyota-1.19.3/package/opensource/eglibc/build/libc_pic.a(strchr.os)
                              /home/uidj7648/Workspace/toyota-1.19.3/package/opensource/eglibc/build/elf/dl-allobjs.os (strchr)
/home/uidj7648/Workspace/toyota-1.19.3/package/opensource/eglibc/build/libc_pic.a(strcmp.os)
                              /home/uidj7648/Workspace/toyota-1.19.3/package/opensource/eglibc/build/elf/dl-allobjs.os (strcmp)
/home/uidj7648/Workspace/toyota-1.19.3/package/opensource/eglibc/build/libc_pic.a(strlen.os)
                              /home/uidj7648/Workspace/toyota-1.19.3/package/opensource/eglibc/build/elf/dl-allobjs.os (strlen)
/home/uidj7648/Workspace/toyota-1.19.3/package/opensource/eglibc/build/libc_pic.a(strnlen.os)
                              /home/uidj7648/Workspace/toyota-1.19.3/package/opensource/eglibc/build/elf/dl-allobjs.os (strnlen)
/home/uidj7648/Workspace/toyota-1.19.3/package/opensource/eglibc/build/libc_pic.a(memchr.os)
                              /home/uidj7648/Workspace/toyota-1.19.3/package/opensource/eglibc/build/elf/dl-allobjs.os (memchr)
/home/uidj7648/Workspace/toyota-1.19.3/package/opensource/eglibc/build/libc_pic.a(memcmp.os)
                              /home/uidj7648/Workspace/toyota-1.19.3/package/opensource/eglibc/build/elf/dl-allobjs.os (memcmp)
/home/uidj7648/Workspace/toyota-1.19.3/package/opensource/eglibc/build/libc_pic.a(memmove.os)
                              /home/uidj7648/Workspace/toyota-1.19.3/package/opensource/eglibc/build/elf/dl-allobjs.os (memmove)
/home/uidj7648/Workspace/toyota-1.19.3/package/opensource/eglibc/build/libc_pic.a(memset.os)
                              /home/uidj7648/Workspace/toyota-1.19.3/package/opensource/eglibc/build/elf/dl-allobjs.os (memset)
/home/uidj7648/Workspace/toyota-1.19.3/package/opensource/eglibc/build/libc_pic.a(mempcpy.os)
                              /home/uidj7648/Workspace/toyota-1.19.3/package/opensource/eglibc/build/elf/dl-allobjs.os (__mempcpy)
/home/uidj7648/Workspace/toyota-1.19.3/package/opensource/eglibc/build/libc_pic.a(stpcpy.os)
                              /home/uidj7648/Workspace/toyota-1.19.3/package/opensource/eglibc/build/elf/dl-allobjs.os (__stpcpy)
/home/uidj7648/Workspace/toyota-1.19.3/package/opensource/eglibc/build/libc_pic.a(memcpy.os)
                              /home/uidj7648/Workspace/toyota-1.19.3/package/opensource/eglibc/build/elf/dl-allobjs.os (memcpy)
/home/uidj7648/Workspace/toyota-1.19.3/package/opensource/eglibc/build/libc_pic.a(wordcopy.os)
                              /home/uidj7648/Workspace/toyota-1.19.3/package/opensource/eglibc/build/libc_pic.a(mempcpy.os) (_wordcopy_fwd_aligned)
/home/uidj7648/Workspace/toyota-1.19.3/package/opensource/eglibc/build/libc_pic.a(rawmemchr.os)
                              /home/uidj7648/Workspace/toyota-1.19.3/package/opensource/eglibc/build/elf/dl-allobjs.os (rawmemchr)
/home/uidj7648/Workspace/toyota-1.19.3/package/opensource/eglibc/build/libc_pic.a(uname.os)
                              /home/uidj7648/Workspace/toyota-1.19.3/package/opensource/eglibc/build/elf/dl-allobjs.os (__uname)
/home/uidj7648/Workspace/toyota-1.19.3/package/opensource/eglibc/build/libc_pic.a(_exit.os)
                              /home/uidj7648/Workspace/toyota-1.19.3/package/opensource/eglibc/build/elf/dl-allobjs.os (_exit)
/home/uidj7648/Workspace/toyota-1.19.3/package/opensource/eglibc/build/libc_pic.a(getpid.os)
                              /home/uidj7648/Workspace/toyota-1.19.3/package/opensource/eglibc/build/elf/dl-allobjs.os (__getpid)
/home/uidj7648/Workspace/toyota-1.19.3/package/opensource/eglibc/build/libc_pic.a(environ.os)
[...]
Memory Configuration

Name             Origin             Length             Attributes
*default*        0x00000000         0xffffffff

Linker script and memory map

START GROUP
LOAD /home/uidj7648/Workspace/toyota-1.19.3/package/opensource/eglibc/build/elf/dl-allobjs.os
LOAD /home/uidj7648/Workspace/toyota-1.19.3/package/opensource/eglibc/build/libc_pic.a
LOAD /home/uidj7648/Workspace/toyota-1.19.3/release/fs/devel/usr/bin/../lib/gcc/arm-cas-linux-gnueabi/4.6.2/libgcc.a
END GROUP

.interp
 *(.interp)

.note.gnu.build-id
 *(.note.gnu.build-id)

.hash
 *(.hash)

.gnu.hash
 *(.gnu.hash)

.dynsym
 *(.dynsym)

.dynstr
 *(.dynstr)

.gnu.version
 *(.gnu.version)

.gnu.version_d
 *(.gnu.version_d)

.gnu.version_r
 *(.gnu.version_r)

.rel.init
 *(.rel.init)

.rela.init
 *(.rela.init)

.rel.text
 *(.rel.text)

.rela.text
 *(.rela.text)

.rel.fini
 *(.rel.fini)

.rela.fini
 *(.rela.fini)

.rel.rodata
 *(.rel.rodata)

.rela.rodata
 *(.rela.rodata)

.rel.data.rel.ro
 *(.rel.data.rel.ro)

.rela.data.rel.ro
 *(.rela.data.rel.ro)

.rel.data
 *(.rel.data)

.rela.data
 *(.rela.data)

.rel.tdata
 *(.rel.tdata)

.rela.tdata
 *(.rela.tdata)

.rel.tbss
 *(.rel.tbss)

.rela.tbss
 *(.rela.tbss)

.rel.ctors
 *(.rel.ctors)

.rela.ctors
 *(.rela.ctors)

.rel.dtors
 *(.rel.dtors)

.rela.dtors
 *(.rela.dtors)

.rel.got
 *(.rel.got)

.rela.got
 *(.rela.got)

.rel.bss
 *(.rel.bss)

.rela.bss
 *(.rela.bss)

.rel.iplt
 *(.rel.iplt)

.rela.iplt
 *(.rela.iplt)

.rel.plt
 *(.rel.plt)

.rela.plt
 *(.rela.plt)

.init
 *(.init)

.plt
 *(.plt)

.iplt
 *(.iplt)

.text           0x00000000    0x188e8
 *(.text .stub)
 .text          0x00000000    0x14e78 /home/uidj7648/Workspace/toyota-1.19.3/package/opensource/eglibc/build/elf/dl-allobjs.os
                0x00000000                _start
                0x00000010                _dl_start_user
                0x000000b0                _dl_initial_error_catch_tsd
                0x00006814                _dl_dst_count
                0x000068e4                _dl_dst_substitute
                0x00006de0                _dl_init_paths
                0x000072f4                _dl_map_object
                0x00007c18                _dl_rtld_di_serinfo
                0x00007dcc                _dl_cache_libcmp
                0x00007ef8                _dl_load_cache_lookup
                0x000085c4                _dl_unload_cache
                0x00008f20                _dl_lookup_symbol_x
                0x00009f80                _dl_setup_hash
                0x0000a030                _dl_add_to_namespace_list
                0x0000a0e8                _dl_new_object
                0x0000a490                _dl_try_allocate_static_tls
                0x0000a570                _dl_allocate_static_tls
                0x0000a5ac                _dl_nothread_init_static_tls
                0x0000a634                _dl_protect_relro
                0x0000a6ac                _dl_reloc_bad_type
                0x0000a714                _dl_relocate_object
                0x0000bfac                _dl_map_object_deps
                0x0000d094                _dl_fixup
                0x0000d274                _dl_profile_fixup
                0x0000d7d4                _dl_call_pltexit
                0x0000d8d4                _dl_signal_error
                0x0000dab0                _dl_signal_cerror
                0x0000db68                _dl_catch_error
                0x0000dc40                _dl_receive_error
                0x0000ddc0                _dl_init_internal
                0x0000ddc0                _dl_init
                0x0000decc                _dl_sort_fini
                0x0000e0ac                _dl_fini
                0x0000e5d8                _dl_debug_state
                0x0000e5d8                __GI__dl_debug_state
                0x0000e5dc                _dl_debug_initialize
                0x0000eaa4                _dl_sysdep_read_whole_file
                0x0000eb28                _dl_debug_printf
                0x0000eb6c                _dl_debug_printf_c
                0x0000ebb0                _dl_dprintf
                0x0000ebe4                _dl_name_match_p
                0x0000ec44                _dl_higher_prime_number
                0x0000f074                _dl_check_map_versions
                0x0000f49c                _dl_check_all_versions
                0x0000f514                _dl_start_profile
                0x0000fbbc                _dl_mcount_internal
                0x0000fbbc                _dl_mcount
                0x0000ffdc                _dl_resolve_conflicts
                0x00010310                _dl_next_tls_modid
                0x00010430                _dl_determine_tlsoffset
                0x00010658                __GI__dl_tls_setup
                0x00010658                _dl_tls_setup
                0x00010718                _dl_get_tls_static_info
                0x00010738                _dl_allocate_tls_storage
                0x000107bc                __GI__dl_allocate_tls_init
                0x000107bc                _dl_allocate_tls_init
                0x000109ac                __GI__dl_allocate_tls
                0x000109ac                _dl_allocate_tls
                0x000109cc                _dl_deallocate_tls
                0x000109cc                __GI__dl_deallocate_tls
                0x00010a78                _dl_update_slotinfo
                0x00010d78                __tls_get_addr
                0x00010de4                _dl_tls_get_addr_soft
                0x00010e78                _dl_add_to_slotinfo
                0x00010f84                _dl_get_origin
                0x00011134                _dl_scope_free
                0x00011218                _dl_make_stack_executable
                0x00011218                __GI__dl_make_stack_executable
                0x000112c4                _dl_check_caller
                0x000116c8                _dl_open
                0x00011a70                _dl_addr_inside_object
                0x0001245c                _dl_close_worker
                0x0001337c                _dl_close
                0x00013440                _dl_runtime_resolve
                0x00013464                _dl_runtime_profile
                0x00013528                _dl_sysdep_start
                0x000138d8                _dl_sysdep_start_cleanup
                0x000138dc                _dl_show_auxv
                0x00013af8                _dl_important_hwcaps
                0x000142e8                _dl_discover_osversion
                0x000144e0                _dl_next_ld_env_entry
                0x00014538                unsetenv
                0x000145d0                __libc_memalign
                0x00014720                malloc
                0x0001472c                calloc
                0x0001477c                free
                0x000147b4                __sigjmp_save
                0x000147c8                __GI___assert_fail
                0x000147c8                __assert_fail
                0x0001482c                realloc
                0x000148b0                __strtoul_internal
                0x00014a48                _itoa
                0x00014af0                __strerror_r
                0x00014c10                __GI___assert_perror_fail
                0x00014c10                __assert_perror_fail
                0x00014c80                __strsep
                0x00014c80                strsep
                0x00014c80                __strsep_g
                0x00014d28                __GI___chk_fail
                0x00014d28                __chk_fail
                0x00014d40                __aeabi_read_tp
                0x00014d50                __brk
                0x00014d50                brk
                0x00014dd8                sbrk
                0x00014dd8                __sbrk
                0x00014e6c                __aeabi_unwind_cpp_pr0
                0x00014e70                __aeabi_unwind_cpp_pr1
                0x00014e74                __aeabi_unwind_cpp_pr2
 .text          0x00014e78      0x118 /home/uidj7648/Workspace/toyota-1.19.3/package/opensource/eglibc/build/libc_pic.a(check_fds.os)
                0x00014f64                __libc_check_standard_fds
 .text          0x00014f90        0x0 /home/uidj7648/Workspace/toyota-1.19.3/package/opensource/eglibc/build/libc_pic.a(errno.os)
 .text          0x00014f90      0x638 /home/uidj7648/Workspace/toyota-1.19.3/package/opensource/eglibc/build/libc_pic.a(divdi3.os)
                0x00015480                __divdi3@GLIBC_2.4
                0x00015480                __divdi3_internal
                0x00015500                __moddi3@GLIBC_2.4
                0x00015500                __moddi3_internal
                0x00015588                __udivdi3@GLIBC_2.4
                0x00015588                __udivdi3_internal
                0x000155a4                __umoddi3_internal
                0x000155a4                __umoddi3@GLIBC_2.4
 *fill*         0x000155c8        0x8 00000000
 .text          0x000155d0       0x60 /home/uidj7648/Workspace/toyota-1.19.3/package/opensource/eglibc/build/libc_pic.a(setjmp.os)
                0x000155d0                __sigsetjmp
                0x000155d0                __GI___sigsetjmp
 .text          0x00015630       0x70 /home/uidj7648/Workspace/toyota-1.19.3/package/opensource/eglibc/build/libc_pic.a(__longjmp.os)
                0x00015630                __longjmp
 .text          0x000156a0      0x130 /home/uidj7648/Workspace/toyota-1.19.3/package/opensource/eglibc/build/libc_pic.a(strchr.os)
                0x000156a0                __GI_strchr
                0x000156a0                index
                0x000156a0                strchr
 .text          0x000157d0       0x28 /home/uidj7648/Workspace/toyota-1.19.3/package/opensource/eglibc/build/libc_pic.a(strcmp.os)
                0x000157d0                __GI_strcmp
                0x000157d0                strcmp
 *fill*         0x000157f8        0x8 00000000
 .text          0x00015800       0x60 /home/uidj7648/Workspace/toyota-1.19.3/package/opensource/eglibc/build/libc_pic.a(strlen.os)
                0x00015800                strlen
                0x00015800                __GI_strlen
 .text          0x00015860       0xfc /home/uidj7648/Workspace/toyota-1.19.3/package/opensource/eglibc/build/libc_pic.a(strnlen.os)
                0x00015860                __strnlen
                0x00015860                strnlen
                0x00015860                __GI_strnlen
 .text          0x0001595c      0x140 /home/uidj7648/Workspace/toyota-1.19.3/package/opensource/eglibc/build/libc_pic.a(memchr.os)
                0x0001595c                __GI_memchr
                0x0001595c                memchr
                0x0001595c                __memchr
 .text          0x00015a9c      0x404 /home/uidj7648/Workspace/toyota-1.19.3/package/opensource/eglibc/build/libc_pic.a(memcmp.os)
                0x00015a9c                bcmp
                0x00015a9c                __GI_memcmp
                0x00015a9c                memcmp
 .text          0x00015ea0      0x340 /home/uidj7648/Workspace/toyota-1.19.3/package/opensource/eglibc/build/libc_pic.a(memmove.os)
                0x00015ea0                memmove
                0x00015ea0                __GI_memmove
 .text          0x000161e0       0x80 /home/uidj7648/Workspace/toyota-1.19.3/package/opensource/eglibc/build/libc_pic.a(memset.os)
                0x000161e0                __GI_memset
                0x000161e0                memset
 .text          0x00016260       0xa8 /home/uidj7648/Workspace/toyota-1.19.3/package/opensource/eglibc/build/libc_pic.a(mempcpy.os)
                0x00016260                mempcpy
                0x00016260                __GI_mempcpy
                0x00016260                __mempcpy
                0x00016260                __GI___mempcpy
 .text          0x00016308       0x24 /home/uidj7648/Workspace/toyota-1.19.3/package/opensource/eglibc/build/libc_pic.a(stpcpy.os)
                0x00016308                stpcpy
                0x00016308                __GI_stpcpy
                0x00016308                __stpcpy
                0x00016308                __GI___stpcpy
 *fill*         0x0001632c        0x4 00000000
 .text          0x00016330      0x330 /home/uidj7648/Workspace/toyota-1.19.3/package/opensource/eglibc/build/libc_pic.a(memcpy.os)
                0x00016330                memcpy
                0x00016330                __GI_memcpy
 .text          0x00016660      0x448 /home/uidj7648/Workspace/toyota-1.19.3/package/opensource/eglibc/build/libc_pic.a(wordcopy.os)
                0x00016660                _wordcopy_fwd_aligned
                0x00016788                _wordcopy_fwd_dest_aligned
                0x00016888                _wordcopy_bwd_aligned
                0x000169b0                _wordcopy_bwd_dest_aligned
 .text          0x00016aa8       0xe0 /home/uidj7648/Workspace/toyota-1.19.3/package/opensource/eglibc/build/libc_pic.a(rawmemchr.os)
                0x00016aa8                __GI___rawmemchr
                0x00016aa8                __rawmemchr
                0x00016aa8                rawmemchr
 *fill*         0x00016b88        0x8 00000000
 .text          0x00016b90       0x20 /home/uidj7648/Workspace/toyota-1.19.3/package/opensource/eglibc/build/libc_pic.a(uname.os)
                0x00016b90                uname
                0x00016b90                __GI_uname
                0x00016b90                __uname
                0x00016b90                __GI___uname
 .text          0x00016bb0       0x5c /home/uidj7648/Workspace/toyota-1.19.3/package/opensource/eglibc/build/libc_pic.a(_exit.os)
                0x00016bb0                _Exit
                0x00016bb0                __GI__exit
                0x00016bb0                _exit
 .text          0x00016c0c       0x4c /home/uidj7648/Workspace/toyota-1.19.3/package/opensource/eglibc/build/libc_pic.a(getpid.os)
                0x00016c0c                __getpid
                0x00016c0c                getpid
                0x00016c0c                __GI_getpid
                0x00016c0c                __GI___getpid
 .text          0x00016c58        0x0 /home/uidj7648/Workspace/toyota-1.19.3/package/opensource/eglibc/build/libc_pic.a(environ.os)
 .text          0x00016c58       0x44 /home/uidj7648/Workspace/toyota-1.19.3/package/opensource/eglibc/build/libc_pic.a(xstat64.os)
                0x00016c58                ___xstat64
                0x00016c58                __xstat64
                0x00016c58                __GI___xstat64
 .text          0x00016c9c       0x44 /home/uidj7648/Workspace/toyota-1.19.3/package/opensource/eglibc/build/libc_pic.a(fxstat64.os)
                0x00016c9c                ___fxstat64
                0x00016c9c                __GI___fxstat64
                0x00016c9c                __fxstat64
 .text          0x00016ce0       0x90 /home/uidj7648/Workspace/toyota-1.19.3/package/opensource/eglibc/build/libc_pic.a(open.os)
                0x00016ce4                __open_nocancel
                0x00016d00                __open
                0x00016d00                __GI_open
                0x00016d00                __GI___open
                0x00016d00                __libc_open
                0x00016d00                __GI___libc_open
                0x00016d00                open
 .text          0x00016d70       0x90 /home/uidj7648/Workspace/toyota-1.19.3/package/opensource/eglibc/build/libc_pic.a(close.os)
                0x00016d74                __close_nocancel
                0x00016d90                __GI_close
                0x00016d90                __GI___libc_close
                0x00016d90                __libc_close
                0x00016d90                __close
                0x00016d90                __GI___close
                0x00016d90                close
 .text          0x00016e00       0x90 /home/uidj7648/Workspace/toyota-1.19.3/package/opensource/eglibc/build/libc_pic.a(read.os)
                0x00016e04                __read_nocancel
                0x00016e20                __read
                0x00016e20                __GI_read
                0x00016e20                __libc_read
                0x00016e20                __GI___read
                0x00016e20                read
                0x00016e20                __GI___libc_read
 .text          0x00016e90       0x90 /home/uidj7648/Workspace/toyota-1.19.3/package/opensource/eglibc/build/libc_pic.a(write.os)
                0x00016e94                __write_nocancel
                0x00016eb0                __write
                0x00016eb0                __GI_write
                0x00016eb0                write
                0x00016eb0                __GI___libc_write
                0x00016eb0                __GI___write
                0x00016eb0                __libc_write
 .text          0x00016f20       0x20 /home/uidj7648/Workspace/toyota-1.19.3/package/opensource/eglibc/build/libc_pic.a(lseek.os)
                0x00016f20                __GI___lseek
                0x00016f20                lseek
                0x00016f20                __GI___libc_lseek
                0x00016f20                __lseek
                0x00016f20                __libc_lseek
                0x00016f20                __GI_lseek
 .text          0x00016f40       0x20 /home/uidj7648/Workspace/toyota-1.19.3/package/opensource/eglibc/build/libc_pic.a(access.os)
                0x00016f40                __GI_access
                0x00016f40                __GI___access
                0x00016f40                access
                0x00016f40                __access
 .text          0x00016f60      0x13c /home/uidj7648/Workspace/toyota-1.19.3/package/opensource/eglibc/build/libc_pic.a(fcntl.os)
                0x00016f60                __fcntl_nocancel
                0x00016fbc                __libc_fcntl
                0x00016fbc                __GI___libc_fcntl
                0x00016fbc                __GI___fcntl
                0x00016fbc                __fcntl
                0x00016fbc                fcntl
 .text          0x0001709c      0x168 /home/uidj7648/Workspace/toyota-1.19.3/package/opensource/eglibc/build/libc_pic.a(getcwd.os)
                0x0001709c                __getcwd
                0x0001709c                getcwd
 .text          0x00017204       0x54 /home/uidj7648/Workspace/toyota-1.19.3/package/opensource/eglibc/build/libc_pic.a(getpagesize.os)
                0x00017204                getpagesize
                0x00017204                __GI___getpagesize
                0x00017204                __getpagesize
 *fill*         0x00017258        0x8 00000000
 .text          0x00017260       0x50 /home/uidj7648/Workspace/toyota-1.19.3/package/opensource/eglibc/build/libc_pic.a(mmap.os)
                0x00017260                __mmap
                0x00017260                mmap
 .text          0x000172b0       0x20 /home/uidj7648/Workspace/toyota-1.19.3/package/opensource/eglibc/build/libc_pic.a(munmap.os)
                0x000172b0                munmap
                0x000172b0                __GI___munmap
                0x000172b0                __GI_munmap
                0x000172b0                __munmap
 .text          0x000172d0       0x20 /home/uidj7648/Workspace/toyota-1.19.3/package/opensource/eglibc/build/libc_pic.a(mprotect.os)
                0x000172d0                __mprotect
                0x000172d0                __GI___mprotect
                0x000172d0                __GI_mprotect
                0x000172d0                mprotect
 .text          0x000172f0      0x1d0 /home/uidj7648/Workspace/toyota-1.19.3/package/opensource/eglibc/build/libc_pic.a(profil.os)
                0x0001733c                __profil
                0x0001733c                profil
 .text          0x000174c0       0x20 /home/uidj7648/Workspace/toyota-1.19.3/package/opensource/eglibc/build/libc_pic.a(prof-freq.os)
                0x000174c0                __GI___profile_frequency
                0x000174c0                __profile_frequency
 .text          0x000174e0      0x134 /home/uidj7648/Workspace/toyota-1.19.3/package/opensource/eglibc/build/libc_pic.a(libc-cancellation.os)
                0x000174e0                __libc_enable_asynccancel
                0x00017584                __libc_disable_asynccancel
 .text          0x00017614        0x0 /home/uidj7648/Workspace/toyota-1.19.3/package/opensource/eglibc/build/libc_pic.a(libc_multiple_threads.os)
 *fill*         0x00017614        0xc 00000000
 .text          0x00017620       0x30 /home/uidj7648/Workspace/toyota-1.19.3/package/opensource/eglibc/build/libc_pic.a(sysdep.os)
                0x00017620                __syscall_error
 .text          0x00017650      0x1ac /home/uidj7648/Workspace/toyota-1.19.3/package/opensource/eglibc/build/libc_pic.a(sigaction.os)
                0x00017650                __libc_sigaction
                0x00017650                __GI___libc_sigaction
                0x000177cc                sigaction
                0x000177cc                __GI___sigaction
                0x000177cc                __sigaction
 *fill*         0x000177fc        0x4 00000000
 .text          0x00017800       0x50 /home/uidj7648/Workspace/toyota-1.19.3/package/opensource/eglibc/build/libc_pic.a(sigrestorer.os)
                0x00017810                __default_sa_restorer_v1
                0x00017820                __default_sa_restorer_v2
                0x00017830                __default_rt_sa_restorer_v1
                0x00017840                __default_rt_sa_restorer_v2
 .text          0x00017850       0x20 /home/uidj7648/Workspace/toyota-1.19.3/package/opensource/eglibc/build/libc_pic.a(setitimer.os)
                0x00017850                setitimer
                0x00017850                __setitimer
                0x00017850                __GI_setitimer
                0x00017850                __GI___setitimer
 .text          0x00017870      0x6bc /home/uidj7648/Workspace/toyota-1.19.3/package/opensource/eglibc/build/libc_pic.a(forward.os)
                0x00017870                pthread_equal
                0x000178a8                pthread_attr_destroy
                0x000178dc                pthread_attr_init@@GLIBC_2.4
                0x000178dc                __pthread_attr_init_2_1
                0x00017914                pthread_attr_getdetachstate
                0x0001794c                pthread_attr_setdetachstate
                0x00017984                pthread_attr_getinheritsched
                0x000179bc                pthread_attr_setinheritsched
                0x000179f4                pthread_attr_getschedparam
                0x00017a2c                pthread_attr_setschedparam
                0x00017a64                pthread_attr_getschedpolicy
                0x00017a9c                pthread_attr_setschedpolicy
                0x00017ad4                pthread_attr_getscope
                0x00017b0c                pthread_attr_setscope
                0x00017b44                pthread_condattr_destroy
                0x00017b7c                pthread_condattr_init
                0x00017bb4                pthread_cond_broadcast@@GLIBC_2.4
                0x00017bb4                __pthread_cond_broadcast
                0x00017bec                __pthread_cond_destroy
                0x00017bec                pthread_cond_destroy@@GLIBC_2.4
                0x00017c24                pthread_cond_init@@GLIBC_2.4
                0x00017c24                __pthread_cond_init
                0x00017c5c                pthread_cond_signal@@GLIBC_2.4
                0x00017c5c                __pthread_cond_signal
                0x00017c94                pthread_cond_wait@@GLIBC_2.4
                0x00017c94                __pthread_cond_wait
                0x00017ccc                pthread_cond_timedwait@@GLIBC_2.4
                0x00017ccc                __pthread_cond_timedwait
                0x00017d04                pthread_exit
                0x00017d04                __pthread_exit
                0x00017d3c                pthread_getschedparam
                0x00017d74                pthread_setschedparam
                0x00017dac                pthread_mutex_destroy
                0x00017de4                pthread_mutex_init
                0x00017e1c                pthread_mutex_lock
                0x00017e54                pthread_mutex_unlock
                0x00017e8c                pthread_self
                0x00017ebc                pthread_setcancelstate
                0x00017ef4                pthread_setcanceltype
 .text          0x00017f2c      0x100 /home/uidj7648/Workspace/toyota-1.19.3/package/opensource/eglibc/build/libc_pic.a(exit.os)
                0x00017f2c                __run_exit_handlers
                0x00018014                __GI_exit
                0x00018014                exit
 .text          0x0001802c      0x25c /home/uidj7648/Workspace/toyota-1.19.3/package/opensource/eglibc/build/libc_pic.a(cxa_atexit.os)
                0x0001802c                __new_exitfn
                0x00018238                __internal_atexit
                0x00018278                __cxa_atexit_internal
                0x00018278                __cxa_atexit
 .text          0x00018288       0x98 /home/uidj7648/Workspace/toyota-1.19.3/package/opensource/eglibc/build/libc_pic.a(libc-lowlevellock.os)
                0x00018288                __lll_lock_wait_private
 .text          0x00018320      0x20c /home/uidj7648/Workspace/toyota-1.19.3/release/fs/devel/usr/bin/../lib/gcc/arm-cas-linux-gnueabi/4.6.2/libgcc.a(_udivsi3.o)
                0x00018320                __udivsi3
                0x00018320                __aeabi_uidiv
                0x0001850c                __aeabi_uidivmod
 .text          0x0001852c      0x240 /home/uidj7648/Workspace/toyota-1.19.3/release/fs/devel/usr/bin/../lib/gcc/arm-cas-linux-gnueabi/4.6.2/libgcc.a(_divsi3.o)
                0x0001852c                __aeabi_idiv
                0x0001852c                __divsi3
                0x0001874c                __aeabi_idivmod
 .text          0x0001876c       0x3c /home/uidj7648/Workspace/toyota-1.19.3/release/fs/devel/usr/bin/../lib/gcc/arm-cas-linux-gnueabi/4.6.2/libgcc.a(_aeabi_uldivmod.o)
                0x0001876c                __aeabi_uldivmod
 .text          0x000187a8       0x10 /home/uidj7648/Workspace/toyota-1.19.3/release/fs/devel/usr/bin/../lib/gcc/arm-cas-linux-gnueabi/4.6.2/libgcc.a(_dvmd_lnx.o)
                0x000187a8                __aeabi_ldiv0
                0x000187a8                __aeabi_idiv0
 .text          0x000187b8       0x78 /home/uidj7648/Workspace/toyota-1.19.3/release/fs/devel/usr/bin/../lib/gcc/arm-cas-linux-gnueabi/4.6.2/libgcc.a(bpabi.o)
                0x000187b8                __gnu_ldivmod_helper
                0x000187f4                __gnu_uldivmod_helper
 .text          0x00018830       0xb8 /home/uidj7648/Workspace/toyota-1.19.3/package/opensource/eglibc/build/libc_pic.a(raise.os)
                0x00018830                gsignal
                0x00018830                __GI_raise
                0x00018830                raise
 *(.gnu.warning)

.text.unlikely  0x00000000      0x5b8
 .text.unlikely
                0x00000000      0x5b8 /home/uidj7648/Workspace/toyota-1.19.3/package/opensource/eglibc/build/elf/dl-allobjs.os

.text.compat    0x00000000       0x40
 .text.compat   0x00000000       0x40 /home/uidj7648/Workspace/toyota-1.19.3/package/opensource/eglibc/build/libc_pic.a(forward.os)
                0x00000000                __pthread_unwind

.fini
 *(.fini)

.rodata         0x00000000      0x758
 *(.rodata)
 .rodata        0x00000000      0x758 /home/uidj7648/Workspace/toyota-1.19.3/package/opensource/eglibc/build/elf/dl-allobjs.os
                0x00000748                _itoa_lower_digits_internal

.rodata.str1.4  0x00000000     0x3478
 .rodata.str1.4
                0x00000000     0x3364 /home/uidj7648/Workspace/toyota-1.19.3/package/opensource/eglibc/build/elf/dl-allobjs.os
 .rodata.str1.4
                0x00003364       0x18 /home/uidj7648/Workspace/toyota-1.19.3/package/opensource/eglibc/build/libc_pic.a(check_fds.os)
 .rodata.str1.4
                0x0000337c       0x68 /home/uidj7648/Workspace/toyota-1.19.3/package/opensource/eglibc/build/libc_pic.a(getcwd.os)
 .rodata.str1.4
                0x000033e4       0x60 /home/uidj7648/Workspace/toyota-1.19.3/package/opensource/eglibc/build/libc_pic.a(getpagesize.os)
 .rodata.str1.4
                0x00003444       0x34 /home/uidj7648/Workspace/toyota-1.19.3/package/opensource/eglibc/build/libc_pic.a(cxa_atexit.os)

.rodata.cst4    0x00000000        0x4
 .rodata.cst4   0x00000000        0x4 /home/uidj7648/Workspace/toyota-1.19.3/package/opensource/eglibc/build/elf/dl-allobjs.os

.ARM.extab.text.compat
                0x00000000        0x0
 .ARM.extab.text.compat
                0x00000000        0x0 /home/uidj7648/Workspace/toyota-1.19.3/package/opensource/eglibc/build/libc_pic.a(forward.os)

.ARM.exidx.text.compat
                0x00000000        0x8
 .ARM.exidx.text.compat
                0x00000000        0x8 /home/uidj7648/Workspace/toyota-1.19.3/package/opensource/eglibc/build/libc_pic.a(forward.os)

.rodata1
 *(.rodata1)

.ARM.extab      0x00000000       0xcc
 *(.ARM.extab)
 .ARM.extab     0x00000000        0xc /home/uidj7648/Workspace/toyota-1.19.3/package/opensource/eglibc/build/elf/dl-allobjs.os
 .ARM.extab     0x0000000c        0x0 /home/uidj7648/Workspace/toyota-1.19.3/package/opensource/eglibc/build/libc_pic.a(open.os)
 .ARM.extab     0x0000000c        0x0 /home/uidj7648/Workspace/toyota-1.19.3/package/opensource/eglibc/build/libc_pic.a(close.os)
 .ARM.extab     0x0000000c        0x0 /home/uidj7648/Workspace/toyota-1.19.3/package/opensource/eglibc/build/libc_pic.a(read.os)
 .ARM.extab     0x0000000c        0x0 /home/uidj7648/Workspace/toyota-1.19.3/package/opensource/eglibc/build/libc_pic.a(write.os)
 .ARM.extab     0x0000000c       0x18 /home/uidj7648/Workspace/toyota-1.19.3/package/opensource/eglibc/build/libc_pic.a(fcntl.os)
 .ARM.extab     0x00000024        0x0 /home/uidj7648/Workspace/toyota-1.19.3/package/opensource/eglibc/build/libc_pic.a(libc-cancellation.os)
 .ARM.extab     0x00000024       0x30 /home/uidj7648/Workspace/toyota-1.19.3/package/opensource/eglibc/build/libc_pic.a(sigrestorer.os)
 .ARM.extab     0x00000054       0x78 /home/uidj7648/Workspace/toyota-1.19.3/package/opensource/eglibc/build/libc_pic.a(forward.os)
 .ARM.extab     0x000000cc        0x0 /home/uidj7648/Workspace/toyota-1.19.3/release/fs/devel/usr/bin/../lib/gcc/arm-cas-linux-gnueabi/4.6.2/libgcc.a(bpabi.o)

.ARM.exidx      0x00000000      0x1c8
 *(.ARM.exidx)
 .ARM.exidx     0x00000000       0x40 /home/uidj7648/Workspace/toyota-1.19.3/package/opensource/eglibc/build/elf/dl-allobjs.os
 .ARM.exidx     0x00000040       0x10 /home/uidj7648/Workspace/toyota-1.19.3/package/opensource/eglibc/build/libc_pic.a(open.os)
 .ARM.exidx     0x00000050       0x10 /home/uidj7648/Workspace/toyota-1.19.3/package/opensource/eglibc/build/libc_pic.a(close.os)
 .ARM.exidx     0x00000060       0x10 /home/uidj7648/Workspace/toyota-1.19.3/package/opensource/eglibc/build/libc_pic.a(read.os)
 .ARM.exidx     0x00000070       0x10 /home/uidj7648/Workspace/toyota-1.19.3/package/opensource/eglibc/build/libc_pic.a(write.os)
 .ARM.exidx     0x00000080       0x10 /home/uidj7648/Workspace/toyota-1.19.3/package/opensource/eglibc/build/libc_pic.a(fcntl.os)
 .ARM.exidx     0x00000090       0x10 /home/uidj7648/Workspace/toyota-1.19.3/package/opensource/eglibc/build/libc_pic.a(libc-cancellation.os)
 .ARM.exidx     0x000000a0       0x20 /home/uidj7648/Workspace/toyota-1.19.3/package/opensource/eglibc/build/libc_pic.a(sigrestorer.os)
 .ARM.exidx     0x000000c0       0xf8 /home/uidj7648/Workspace/toyota-1.19.3/package/opensource/eglibc/build/libc_pic.a(forward.os)
 .ARM.exidx     0x000001b8       0x10 /home/uidj7648/Workspace/toyota-1.19.3/release/fs/devel/usr/bin/../lib/gcc/arm-cas-linux-gnueabi/4.6.2/libgcc.a(bpabi.o)

.eh_frame_hdr
 *(.eh_frame_hdr)

.eh_frame
 *(.eh_frame)

.gcc_except_table
 *(.gcc_except_table .gcc_except_table.*)

.eh_frame
 *(.eh_frame)

.gcc_except_table
 *(.gcc_except_table .gcc_except_table.*)

.tdata
 *(.tdata)

.tbss           0x00000000        0x4
 *(.tbss)
 .tbss          0x00000000        0x4 /home/uidj7648/Workspace/toyota-1.19.3/package/opensource/eglibc/build/libc_pic.a(errno.os)
                0x00000000                errno
                0x00000000                __libc_errno

.preinit_array
 *(.preinit_array)

.jcr
 *(.jcr)

.dynamic
 *(.dynamic)

.got
 *(.got.plt)
 *(.igot.plt)
 *(.got)
 *(.igot)

.data           0x00000000      0x828
 *(.data)
 .data          0x00000000      0x828 /home/uidj7648/Workspace/toyota-1.19.3/package/opensource/eglibc/build/elf/dl-allobjs.os
                0x00000000                _rtld_global
                0x00000000                _rtld_local
 .data          0x00000828        0x0 /home/uidj7648/Workspace/toyota-1.19.3/package/opensource/eglibc/build/libc_pic.a(check_fds.os)
 .data          0x00000828        0x0 /home/uidj7648/Workspace/toyota-1.19.3/package/opensource/eglibc/build/libc_pic.a(errno.os)
 .data          0x00000828        0x0 /home/uidj7648/Workspace/toyota-1.19.3/package/opensource/eglibc/build/libc_pic.a(divdi3.os)
 .data          0x00000828        0x0 /home/uidj7648/Workspace/toyota-1.19.3/package/opensource/eglibc/build/libc_pic.a(setjmp.os)
 .data          0x00000828        0x0 /home/uidj7648/Workspace/toyota-1.19.3/package/opensource/eglibc/build/libc_pic.a(__longjmp.os)
 .data          0x00000828        0x0 /home/uidj7648/Workspace/toyota-1.19.3/package/opensource/eglibc/build/libc_pic.a(strchr.os)
 .data          0x00000828        0x0 /home/uidj7648/Workspace/toyota-1.19.3/package/opensource/eglibc/build/libc_pic.a(strcmp.os)
 .data          0x00000828        0x0 /home/uidj7648/Workspace/toyota-1.19.3/package/opensource/eglibc/build/libc_pic.a(strlen.os)
 .data          0x00000828        0x0 /home/uidj7648/Workspace/toyota-1.19.3/package/opensource/eglibc/build/libc_pic.a(strnlen.os)
 .data          0x00000828        0x0 /home/uidj7648/Workspace/toyota-1.19.3/package/opensource/eglibc/build/libc_pic.a(memchr.os)
 .data          0x00000828        0x0 /home/uidj7648/Workspace/toyota-1.19.3/package/opensource/eglibc/build/libc_pic.a(memcmp.os)
 .data          0x00000828        0x0 /home/uidj7648/Workspace/toyota-1.19.3/package/opensource/eglibc/build/libc_pic.a(memmove.os)
 .data          0x00000828        0x0 /home/uidj7648/Workspace/toyota-1.19.3/package/opensource/eglibc/build/libc_pic.a(memset.os)
 .data          0x00000828        0x0 /home/uidj7648/Workspace/toyota-1.19.3/package/opensource/eglibc/build/libc_pic.a(mempcpy.os)
 .data          0x00000828        0x0 /home/uidj7648/Workspace/toyota-1.19.3/package/opensource/eglibc/build/libc_pic.a(stpcpy.os)
 .data          0x00000828        0x0 /home/uidj7648/Workspace/toyota-1.19.3/package/opensource/eglibc/build/libc_pic.a(memcpy.os)
 .data          0x00000828        0x0 /home/uidj7648/Workspace/toyota-1.19.3/package/opensource/eglibc/build/libc_pic.a(wordcopy.os)
 .data          0x00000828        0x0 /home/uidj7648/Workspace/toyota-1.19.3/package/opensource/eglibc/build/libc_pic.a(rawmemchr.os)
 .data          0x00000828        0x0 /home/uidj7648/Workspace/toyota-1.19.3/package/opensource/eglibc/build/libc_pic.a(uname.os)
 .data          0x00000828        0x0 /home/uidj7648/Workspace/toyota-1.19.3/package/opensource/eglibc/build/libc_pic.a(_exit.os)
 .data          0x00000828        0x0 /home/uidj7648/Workspace/toyota-1.19.3/package/opensource/eglibc/build/libc_pic.a(getpid.os)
 .data          0x00000828        0x0 /home/uidj7648/Workspace/toyota-1.19.3/package/opensource/eglibc/build/libc_pic.a(environ.os)
 .data          0x00000828        0x0 /home/uidj7648/Workspace/toyota-1.19.3/package/opensource/eglibc/build/libc_pic.a(xstat64.os)
 .data          0x00000828        0x0 /home/uidj7648/Workspace/toyota-1.19.3/package/opensource/eglibc/build/libc_pic.a(fxstat64.os)
 .data          0x00000828        0x0 /home/uidj7648/Workspace/toyota-1.19.3/package/opensource/eglibc/build/libc_pic.a(open.os)
 .data          0x00000828        0x0 /home/uidj7648/Workspace/toyota-1.19.3/package/opensource/eglibc/build/libc_pic.a(close.os)
 .data          0x00000828        0x0 /home/uidj7648/Workspace/toyota-1.19.3/package/opensource/eglibc/build/libc_pic.a(read.os)
 .data          0x00000828        0x0 /home/uidj7648/Workspace/toyota-1.19.3/package/opensource/eglibc/build/libc_pic.a(write.os)
 .data          0x00000828        0x0 /home/uidj7648/Workspace/toyota-1.19.3/package/opensource/eglibc/build/libc_pic.a(lseek.os)
 .data          0x00000828        0x0 /home/uidj7648/Workspace/toyota-1.19.3/package/opensource/eglibc/build/libc_pic.a(access.os)
 .data          0x00000828        0x0 /home/uidj7648/Workspace/toyota-1.19.3/package/opensource/eglibc/build/libc_pic.a(fcntl.os)
 .data          0x00000828        0x0 /home/uidj7648/Workspace/toyota-1.19.3/package/opensource/eglibc/build/libc_pic.a(getcwd.os)
 .data          0x00000828        0x0 /home/uidj7648/Workspace/toyota-1.19.3/package/opensource/eglibc/build/libc_pic.a(getpagesize.os)
 .data          0x00000828        0x0 /home/uidj7648/Workspace/toyota-1.19.3/package/opensource/eglibc/build/libc_pic.a(mmap.os)
 .data          0x00000828        0x0 /home/uidj7648/Workspace/toyota-1.19.3/package/opensource/eglibc/build/libc_pic.a(munmap.os)
 .data          0x00000828        0x0 /home/uidj7648/Workspace/toyota-1.19.3/package/opensource/eglibc/build/libc_pic.a(mprotect.os)
 .data          0x00000828        0x0 /home/uidj7648/Workspace/toyota-1.19.3/package/opensource/eglibc/build/libc_pic.a(profil.os)
 .data          0x00000828        0x0 /home/uidj7648/Workspace/toyota-1.19.3/package/opensource/eglibc/build/libc_pic.a(prof-freq.os)
 .data          0x00000828        0x0 /home/uidj7648/Workspace/toyota-1.19.3/package/opensource/eglibc/build/libc_pic.a(libc-cancellation.os)
 .data          0x00000828        0x0 /home/uidj7648/Workspace/toyota-1.19.3/package/opensource/eglibc/build/libc_pic.a(libc_multiple_threads.os)
 .data          0x00000828        0x0 /home/uidj7648/Workspace/toyota-1.19.3/package/opensource/eglibc/build/libc_pic.a(sysdep.os)
 .data          0x00000828        0x0 /home/uidj7648/Workspace/toyota-1.19.3/package/opensource/eglibc/build/libc_pic.a(sigaction.os)
 .data          0x00000828        0x0 /home/uidj7648/Workspace/toyota-1.19.3/package/opensource/eglibc/build/libc_pic.a(sigrestorer.os)
 .data          0x00000828        0x0 /home/uidj7648/Workspace/toyota-1.19.3/package/opensource/eglibc/build/libc_pic.a(setitimer.os)
 .data          0x00000828        0x0 /home/uidj7648/Workspace/toyota-1.19.3/package/opensource/eglibc/build/libc_pic.a(forward.os)
 .data          0x00000828        0x0 /home/uidj7648/Workspace/toyota-1.19.3/package/opensource/eglibc/build/libc_pic.a(exit.os)
 .data          0x00000828        0x0 /home/uidj7648/Workspace/toyota-1.19.3/package/opensource/eglibc/build/libc_pic.a(cxa_atexit.os)
 .data          0x00000828        0x0 /home/uidj7648/Workspace/toyota-1.19.3/package/opensource/eglibc/build/libc_pic.a(libc-lowlevellock.os)
 .data          0x00000828        0x0 /home/uidj7648/Workspace/toyota-1.19.3/release/fs/devel/usr/bin/../lib/gcc/arm-cas-linux-gnueabi/4.6.2/libgcc.a(_udivsi3.o)
 .data          0x00000828        0x0 /home/uidj7648/Workspace/toyota-1.19.3/release/fs/devel/usr/bin/../lib/gcc/arm-cas-linux-gnueabi/4.6.2/libgcc.a(_divsi3.o)
 .data          0x00000828        0x0 /home/uidj7648/Workspace/toyota-1.19.3/release/fs/devel/usr/bin/../lib/gcc/arm-cas-linux-gnueabi/4.6.2/libgcc.a(_aeabi_uldivmod.o)
 .data          0x00000828        0x0 /home/uidj7648/Workspace/toyota-1.19.3/release/fs/devel/usr/bin/../lib/gcc/arm-cas-linux-gnueabi/4.6.2/libgcc.a(_dvmd_lnx.o)
 .data          0x00000828        0x0 /home/uidj7648/Workspace/toyota-1.19.3/release/fs/devel/usr/bin/../lib/gcc/arm-cas-linux-gnueabi/4.6.2/libgcc.a(bpabi.o)
 .data          0x00000828        0x0 /home/uidj7648/Workspace/toyota-1.19.3/package/opensource/eglibc/build/libc_pic.a(raise.os)

.data.rel.ro    0x00000000      0x1d8
 .data.rel.ro   0x00000000      0x1d8 /home/uidj7648/Workspace/toyota-1.19.3/package/opensource/eglibc/build/elf/dl-allobjs.os
                0x00000000                _dl_argc
                0x00000004                __pointer_chk_guard
                0x00000004                __pointer_chk_guard_local
                0x00000058                _rtld_global_ro
                0x00000058                _rtld_local_ro
                0x000001a0                __stack_chk_guard
                0x000001bc                __stack_prot
                0x000001c8                __libc_stack_end
                0x000001c8                __GI___libc_stack_end
                0x000001d0                _dl_random
                0x000001d4                __libc_enable_secure_internal
                0x000001d4                __libc_enable_secure

.data.rel.local
                0x00000000        0x4
 .data.rel.local
                0x00000000        0x4 /home/uidj7648/Workspace/toyota-1.19.3/package/opensource/eglibc/build/libc_pic.a(cxa_atexit.os)
                0x00000000                __exit_funcs

.data1
 *(.data1)

.bss            0x00000000      0x36c
 *(.dynbss)
 *(.bss)
 .bss           0x00000000       0xb0 /home/uidj7648/Workspace/toyota-1.19.3/package/opensource/eglibc/build/elf/dl-allobjs.os
                0x0000003c                _dl_argv_internal
                0x0000003c                _dl_argv
                0x0000009c                __libc_multiple_libcs
                0x000000ac                __curbrk
 .bss           0x000000b0        0x0 /home/uidj7648/Workspace/toyota-1.19.3/package/opensource/eglibc/build/libc_pic.a(check_fds.os)
 .bss           0x000000b0        0x0 /home/uidj7648/Workspace/toyota-1.19.3/package/opensource/eglibc/build/libc_pic.a(errno.os)
 .bss           0x000000b0        0x0 /home/uidj7648/Workspace/toyota-1.19.3/package/opensource/eglibc/build/libc_pic.a(divdi3.os)
 .bss           0x000000b0        0x0 /home/uidj7648/Workspace/toyota-1.19.3/package/opensource/eglibc/build/libc_pic.a(setjmp.os)
 .bss           0x000000b0        0x0 /home/uidj7648/Workspace/toyota-1.19.3/package/opensource/eglibc/build/libc_pic.a(__longjmp.os)
 .bss           0x000000b0        0x0 /home/uidj7648/Workspace/toyota-1.19.3/package/opensource/eglibc/build/libc_pic.a(strchr.os)
 .bss           0x000000b0        0x0 /home/uidj7648/Workspace/toyota-1.19.3/package/opensource/eglibc/build/libc_pic.a(strcmp.os)
 .bss           0x000000b0        0x0 /home/uidj7648/Workspace/toyota-1.19.3/package/opensource/eglibc/build/libc_pic.a(strlen.os)
 .bss           0x000000b0        0x0 /home/uidj7648/Workspace/toyota-1.19.3/package/opensource/eglibc/build/libc_pic.a(strnlen.os)
 .bss           0x000000b0        0x0 /home/uidj7648/Workspace/toyota-1.19.3/package/opensource/eglibc/build/libc_pic.a(memchr.os)
 .bss           0x000000b0        0x0 /home/uidj7648/Workspace/toyota-1.19.3/package/opensource/eglibc/build/libc_pic.a(memcmp.os)
 .bss           0x000000b0        0x0 /home/uidj7648/Workspace/toyota-1.19.3/package/opensource/eglibc/build/libc_pic.a(memmove.os)
 .bss           0x000000b0        0x0 /home/uidj7648/Workspace/toyota-1.19.3/package/opensource/eglibc/build/libc_pic.a(memset.os)
 .bss           0x000000b0        0x0 /home/uidj7648/Workspace/toyota-1.19.3/package/opensource/eglibc/build/libc_pic.a(mempcpy.os)
 .bss           0x000000b0        0x0 /home/uidj7648/Workspace/toyota-1.19.3/package/opensource/eglibc/build/libc_pic.a(stpcpy.os)
 .bss           0x000000b0        0x0 /home/uidj7648/Workspace/toyota-1.19.3/package/opensource/eglibc/build/libc_pic.a(memcpy.os)
 .bss           0x000000b0        0x0 /home/uidj7648/Workspace/toyota-1.19.3/package/opensource/eglibc/build/libc_pic.a(wordcopy.os)
 .bss           0x000000b0        0x0 /home/uidj7648/Workspace/toyota-1.19.3/package/opensource/eglibc/build/libc_pic.a(rawmemchr.os)
 .bss           0x000000b0        0x0 /home/uidj7648/Workspace/toyota-1.19.3/package/opensource/eglibc/build/libc_pic.a(uname.os)
 .bss           0x000000b0        0x0 /home/uidj7648/Workspace/toyota-1.19.3/package/opensource/eglibc/build/libc_pic.a(_exit.os)
 .bss           0x000000b0        0x0 /home/uidj7648/Workspace/toyota-1.19.3/package/opensource/eglibc/build/libc_pic.a(getpid.os)
 .bss           0x000000b0        0x4 /home/uidj7648/Workspace/toyota-1.19.3/package/opensource/eglibc/build/libc_pic.a(environ.os)
                0x000000b0                _environ
                0x000000b0                __environ
                0x000000b0                environ
 .bss           0x000000b4        0x0 /home/uidj7648/Workspace/toyota-1.19.3/package/opensource/eglibc/build/libc_pic.a(xstat64.os)
 .bss           0x000000b4        0x0 /home/uidj7648/Workspace/toyota-1.19.3/package/opensource/eglibc/build/libc_pic.a(fxstat64.os)
 .bss           0x000000b4        0x0 /home/uidj7648/Workspace/toyota-1.19.3/package/opensource/eglibc/build/libc_pic.a(open.os)
 .bss           0x000000b4        0x0 /home/uidj7648/Workspace/toyota-1.19.3/package/opensource/eglibc/build/libc_pic.a(close.os)
 .bss           0x000000b4        0x0 /home/uidj7648/Workspace/toyota-1.19.3/package/opensource/eglibc/build/libc_pic.a(read.os)
 .bss           0x000000b4        0x0 /home/uidj7648/Workspace/toyota-1.19.3/package/opensource/eglibc/build/libc_pic.a(write.os)
 .bss           0x000000b4        0x0 /home/uidj7648/Workspace/toyota-1.19.3/package/opensource/eglibc/build/libc_pic.a(lseek.os)
 .bss           0x000000b4        0x0 /home/uidj7648/Workspace/toyota-1.19.3/package/opensource/eglibc/build/libc_pic.a(access.os)
 .bss           0x000000b4        0x0 /home/uidj7648/Workspace/toyota-1.19.3/package/opensource/eglibc/build/libc_pic.a(fcntl.os)
 .bss           0x000000b4        0x0 /home/uidj7648/Workspace/toyota-1.19.3/package/opensource/eglibc/build/libc_pic.a(getcwd.os)
 .bss           0x000000b4        0x0 /home/uidj7648/Workspace/toyota-1.19.3/package/opensource/eglibc/build/libc_pic.a(getpagesize.os)
 .bss           0x000000b4        0x0 /home/uidj7648/Workspace/toyota-1.19.3/package/opensource/eglibc/build/libc_pic.a(mmap.os)
 .bss           0x000000b4        0x0 /home/uidj7648/Workspace/toyota-1.19.3/package/opensource/eglibc/build/libc_pic.a(munmap.os)
 .bss           0x000000b4        0x0 /home/uidj7648/Workspace/toyota-1.19.3/package/opensource/eglibc/build/libc_pic.a(mprotect.os)
 .bss           0x000000b4       0xac /home/uidj7648/Workspace/toyota-1.19.3/package/opensource/eglibc/build/libc_pic.a(profil.os)
 .bss           0x00000160        0x0 /home/uidj7648/Workspace/toyota-1.19.3/package/opensource/eglibc/build/libc_pic.a(prof-freq.os)
 .bss           0x00000160        0x0 /home/uidj7648/Workspace/toyota-1.19.3/package/opensource/eglibc/build/libc_pic.a(libc-cancellation.os)
 .bss           0x00000160        0x0 /home/uidj7648/Workspace/toyota-1.19.3/package/opensource/eglibc/build/libc_pic.a(libc_multiple_threads.os)
 .bss           0x00000160        0x0 /home/uidj7648/Workspace/toyota-1.19.3/package/opensource/eglibc/build/libc_pic.a(sysdep.os)
 .bss           0x00000160        0x0 /home/uidj7648/Workspace/toyota-1.19.3/package/opensource/eglibc/build/libc_pic.a(sigaction.os)
 .bss           0x00000160        0x0 /home/uidj7648/Workspace/toyota-1.19.3/package/opensource/eglibc/build/libc_pic.a(sigrestorer.os)
 .bss           0x00000160        0x0 /home/uidj7648/Workspace/toyota-1.19.3/package/opensource/eglibc/build/libc_pic.a(setitimer.os)
 .bss           0x00000160        0x0 /home/uidj7648/Workspace/toyota-1.19.3/package/opensource/eglibc/build/libc_pic.a(forward.os)
 .bss           0x00000160        0x0 /home/uidj7648/Workspace/toyota-1.19.3/package/opensource/eglibc/build/libc_pic.a(exit.os)
 .bss           0x00000160      0x20c /home/uidj7648/Workspace/toyota-1.19.3/package/opensource/eglibc/build/libc_pic.a(cxa_atexit.os)
 .bss           0x0000036c        0x0 /home/uidj7648/Workspace/toyota-1.19.3/package/opensource/eglibc/build/libc_pic.a(libc-lowlevellock.os)
 .bss           0x0000036c        0x0 /home/uidj7648/Workspace/toyota-1.19.3/release/fs/devel/usr/bin/../lib/gcc/arm-cas-linux-gnueabi/4.6.2/libgcc.a(_udivsi3.o)
 .bss           0x0000036c        0x0 /home/uidj7648/Workspace/toyota-1.19.3/release/fs/devel/usr/bin/../lib/gcc/arm-cas-linux-gnueabi/4.6.2/libgcc.a(_divsi3.o)
 .bss           0x0000036c        0x0 /home/uidj7648/Workspace/toyota-1.19.3/release/fs/devel/usr/bin/../lib/gcc/arm-cas-linux-gnueabi/4.6.2/libgcc.a(_aeabi_uldivmod.o)
 .bss           0x0000036c        0x0 /home/uidj7648/Workspace/toyota-1.19.3/release/fs/devel/usr/bin/../lib/gcc/arm-cas-linux-gnueabi/4.6.2/libgcc.a(_dvmd_lnx.o)
 .bss           0x0000036c        0x0 /home/uidj7648/Workspace/toyota-1.19.3/release/fs/devel/usr/bin/../lib/gcc/arm-cas-linux-gnueabi/4.6.2/libgcc.a(bpabi.o)
 .bss           0x0000036c        0x0 /home/uidj7648/Workspace/toyota-1.19.3/package/opensource/eglibc/build/libc_pic.a(raise.os)
 *(COMMON)
 COMMON         0x0000036c        0x0 /home/uidj7648/Workspace/toyota-1.19.3/package/opensource/eglibc/build/elf/dl-allobjs.os
 COMMON         0x0000036c        0x0 /home/uidj7648/Workspace/toyota-1.19.3/package/opensource/eglibc/build/libc_pic.a(libc_multiple_threads.os)
 COMMON         0x0000036c        0x0 /home/uidj7648/Workspace/toyota-1.19.3/package/opensource/eglibc/build/libc_pic.a(sigaction.os)
 COMMON         0x0000036c        0x0 /home/uidj7648/Workspace/toyota-1.19.3/package/opensource/eglibc/build/libc_pic.a(forward.os)
 COMMON         0x0000036c        0x0 /home/uidj7648/Workspace/toyota-1.19.3/package/opensource/eglibc/build/libc_pic.a(cxa_atexit.os)

.stab
 *(.stab)

.stabstr
 *(.stabstr)

.stab.excl
 *(.stab.excl)

.stab.exclstr
 *(.stab.exclstr)

.stab.index
 *(.stab.index)

.stab.indexstr
 *(.stab.indexstr)

.comment        0x00000000      0x438
 *(.comment)
 .comment       0x00000000      0x20a /home/uidj7648/Workspace/toyota-1.19.3/package/opensource/eglibc/build/elf/dl-allobjs.os
 .comment       0x0000020a       0x12 /home/uidj7648/Workspace/toyota-1.19.3/package/opensource/eglibc/build/libc_pic.a(check_fds.os)
 .comment       0x0000021c       0x12 /home/uidj7648/Workspace/toyota-1.19.3/package/opensource/eglibc/build/libc_pic.a(errno.os)
 .comment       0x0000022e       0x12 /home/uidj7648/Workspace/toyota-1.19.3/package/opensource/eglibc/build/libc_pic.a(divdi3.os)
 .comment       0x00000240       0x12 /home/uidj7648/Workspace/toyota-1.19.3/package/opensource/eglibc/build/libc_pic.a(strchr.os)
 .comment       0x00000252       0x12 /home/uidj7648/Workspace/toyota-1.19.3/package/opensource/eglibc/build/libc_pic.a(strcmp.os)
 .comment       0x00000264       0x12 /home/uidj7648/Workspace/toyota-1.19.3/package/opensource/eglibc/build/libc_pic.a(strnlen.os)
 .comment       0x00000276       0x12 /home/uidj7648/Workspace/toyota-1.19.3/package/opensource/eglibc/build/libc_pic.a(memchr.os)
 .comment       0x00000288       0x12 /home/uidj7648/Workspace/toyota-1.19.3/package/opensource/eglibc/build/libc_pic.a(memcmp.os)
 .comment       0x0000029a       0x12 /home/uidj7648/Workspace/toyota-1.19.3/package/opensource/eglibc/build/libc_pic.a(mempcpy.os)
 .comment       0x000002ac       0x12 /home/uidj7648/Workspace/toyota-1.19.3/package/opensource/eglibc/build/libc_pic.a(stpcpy.os)
 .comment       0x000002be       0x12 /home/uidj7648/Workspace/toyota-1.19.3/package/opensource/eglibc/build/libc_pic.a(wordcopy.os)
 .comment       0x000002d0       0x12 /home/uidj7648/Workspace/toyota-1.19.3/package/opensource/eglibc/build/libc_pic.a(rawmemchr.os)
 .comment       0x000002e2       0x12 /home/uidj7648/Workspace/toyota-1.19.3/package/opensource/eglibc/build/libc_pic.a(_exit.os)
 .comment       0x000002f4       0x12 /home/uidj7648/Workspace/toyota-1.19.3/package/opensource/eglibc/build/libc_pic.a(getpid.os)
 .comment       0x00000306       0x12 /home/uidj7648/Workspace/toyota-1.19.3/package/opensource/eglibc/build/libc_pic.a(environ.os)
 .comment       0x00000318       0x12 /home/uidj7648/Workspace/toyota-1.19.3/package/opensource/eglibc/build/libc_pic.a(xstat64.os)
 .comment       0x0000032a       0x12 /home/uidj7648/Workspace/toyota-1.19.3/package/opensource/eglibc/build/libc_pic.a(fxstat64.os)
 .comment       0x0000033c       0x12 /home/uidj7648/Workspace/toyota-1.19.3/package/opensource/eglibc/build/libc_pic.a(fcntl.os)
 .comment       0x0000034e       0x12 /home/uidj7648/Workspace/toyota-1.19.3/package/opensource/eglibc/build/libc_pic.a(getcwd.os)
 .comment       0x00000360       0x12 /home/uidj7648/Workspace/toyota-1.19.3/package/opensource/eglibc/build/libc_pic.a(getpagesize.os)
 .comment       0x00000372       0x12 /home/uidj7648/Workspace/toyota-1.19.3/package/opensource/eglibc/build/libc_pic.a(profil.os)
 .comment       0x00000384       0x12 /home/uidj7648/Workspace/toyota-1.19.3/package/opensource/eglibc/build/libc_pic.a(prof-freq.os)
 .comment       0x00000396       0x12 /home/uidj7648/Workspace/toyota-1.19.3/package/opensource/eglibc/build/libc_pic.a(libc-cancellation.os)
 .comment       0x000003a8       0x12 /home/uidj7648/Workspace/toyota-1.19.3/package/opensource/eglibc/build/libc_pic.a(libc_multiple_threads.os)
 .comment       0x000003ba       0x12 /home/uidj7648/Workspace/toyota-1.19.3/package/opensource/eglibc/build/libc_pic.a(sigaction.os)
 .comment       0x000003cc       0x12 /home/uidj7648/Workspace/toyota-1.19.3/package/opensource/eglibc/build/libc_pic.a(forward.os)
 .comment       0x000003de       0x12 /home/uidj7648/Workspace/toyota-1.19.3/package/opensource/eglibc/build/libc_pic.a(exit.os)
 .comment       0x000003f0       0x12 /home/uidj7648/Workspace/toyota-1.19.3/package/opensource/eglibc/build/libc_pic.a(cxa_atexit.os)
 .comment       0x00000402       0x12 /home/uidj7648/Workspace/toyota-1.19.3/package/opensource/eglibc/build/libc_pic.a(libc-lowlevellock.os)
 .comment       0x00000414       0x12 /home/uidj7648/Workspace/toyota-1.19.3/release/fs/devel/usr/bin/../lib/gcc/arm-cas-linux-gnueabi/4.6.2/libgcc.a(bpabi.o)
 .comment       0x00000426       0x12 /home/uidj7648/Workspace/toyota-1.19.3/package/opensource/eglibc/build/libc_pic.a(raise.os)

.note.GNU-stack
                0x00000000        0x0
 .note.GNU-stack
                0x00000000        0x0 /home/uidj7648/Workspace/toyota-1.19.3/package/opensource/eglibc/build/elf/dl-allobjs.os
 .note.GNU-stack
                0x00000000        0x0 /home/uidj7648/Workspace/toyota-1.19.3/package/opensource/eglibc/build/libc_pic.a(check_fds.os)
 .note.GNU-stack
                0x00000000        0x0 /home/uidj7648/Workspace/toyota-1.19.3/package/opensource/eglibc/build/libc_pic.a(errno.os)
 .note.GNU-stack
                0x00000000        0x0 /home/uidj7648/Workspace/toyota-1.19.3/package/opensource/eglibc/build/libc_pic.a(divdi3.os)
 .note.GNU-stack
                0x00000000        0x0 /home/uidj7648/Workspace/toyota-1.19.3/package/opensource/eglibc/build/libc_pic.a(setjmp.os)
 .note.GNU-stack
                0x00000000        0x0 /home/uidj7648/Workspace/toyota-1.19.3/package/opensource/eglibc/build/libc_pic.a(__longjmp.os)
 .note.GNU-stack
                0x00000000        0x0 /home/uidj7648/Workspace/toyota-1.19.3/package/opensource/eglibc/build/libc_pic.a(strchr.os)
 .note.GNU-stack
                0x00000000        0x0 /home/uidj7648/Workspace/toyota-1.19.3/package/opensource/eglibc/build/libc_pic.a(strcmp.os)
 .note.GNU-stack
                0x00000000        0x0 /home/uidj7648/Workspace/toyota-1.19.3/package/opensource/eglibc/build/libc_pic.a(strlen.os)
 .note.GNU-stack
                0x00000000        0x0 /home/uidj7648/Workspace/toyota-1.19.3/package/opensource/eglibc/build/libc_pic.a(strnlen.os)
 .note.GNU-stack
                0x00000000        0x0 /home/uidj7648/Workspace/toyota-1.19.3/package/opensource/eglibc/build/libc_pic.a(memchr.os)
 .note.GNU-stack
                0x00000000        0x0 /home/uidj7648/Workspace/toyota-1.19.3/package/opensource/eglibc/build/libc_pic.a(memcmp.os)
 .note.GNU-stack
                0x00000000        0x0 /home/uidj7648/Workspace/toyota-1.19.3/package/opensource/eglibc/build/libc_pic.a(memmove.os)
 .note.GNU-stack
                0x00000000        0x0 /home/uidj7648/Workspace/toyota-1.19.3/package/opensource/eglibc/build/libc_pic.a(memset.os)
 .note.GNU-stack
                0x00000000        0x0 /home/uidj7648/Workspace/toyota-1.19.3/package/opensource/eglibc/build/libc_pic.a(mempcpy.os)
 .note.GNU-stack
                0x00000000        0x0 /home/uidj7648/Workspace/toyota-1.19.3/package/opensource/eglibc/build/libc_pic.a(stpcpy.os)
 .note.GNU-stack
                0x00000000        0x0 /home/uidj7648/Workspace/toyota-1.19.3/package/opensource/eglibc/build/libc_pic.a(memcpy.os)
 .note.GNU-stack
                0x00000000        0x0 /home/uidj7648/Workspace/toyota-1.19.3/package/opensource/eglibc/build/libc_pic.a(wordcopy.os)
 .note.GNU-stack
                0x00000000        0x0 /home/uidj7648/Workspace/toyota-1.19.3/package/opensource/eglibc/build/libc_pic.a(rawmemchr.os)
 .note.GNU-stack
                0x00000000        0x0 /home/uidj7648/Workspace/toyota-1.19.3/package/opensource/eglibc/build/libc_pic.a(uname.os)
 .note.GNU-stack
                0x00000000        0x0 /home/uidj7648/Workspace/toyota-1.19.3/package/opensource/eglibc/build/libc_pic.a(_exit.os)
 .note.GNU-stack
                0x00000000        0x0 /home/uidj7648/Workspace/toyota-1.19.3/package/opensource/eglibc/build/libc_pic.a(getpid.os)
 .note.GNU-stack
                0x00000000        0x0 /home/uidj7648/Workspace/toyota-1.19.3/package/opensource/eglibc/build/libc_pic.a(environ.os)
 .note.GNU-stack
                0x00000000        0x0 /home/uidj7648/Workspace/toyota-1.19.3/package/opensource/eglibc/build/libc_pic.a(xstat64.os)
 .note.GNU-stack
                0x00000000        0x0 /home/uidj7648/Workspace/toyota-1.19.3/package/opensource/eglibc/build/libc_pic.a(fxstat64.os)
 .note.GNU-stack
                0x00000000        0x0 /home/uidj7648/Workspace/toyota-1.19.3/package/opensource/eglibc/build/libc_pic.a(open.os)
 .note.GNU-stack
                0x00000000        0x0 /home/uidj7648/Workspace/toyota-1.19.3/package/opensource/eglibc/build/libc_pic.a(close.os)
 .note.GNU-stack
                0x00000000        0x0 /home/uidj7648/Workspace/toyota-1.19.3/package/opensource/eglibc/build/libc_pic.a(read.os)
 .note.GNU-stack
                0x00000000        0x0 /home/uidj7648/Workspace/toyota-1.19.3/package/opensource/eglibc/build/libc_pic.a(write.os)
 .note.GNU-stack
                0x00000000        0x0 /home/uidj7648/Workspace/toyota-1.19.3/package/opensource/eglibc/build/libc_pic.a(lseek.os)
 .note.GNU-stack
                0x00000000        0x0 /home/uidj7648/Workspace/toyota-1.19.3/package/opensource/eglibc/build/libc_pic.a(access.os)
 .note.GNU-stack
                0x00000000        0x0 /home/uidj7648/Workspace/toyota-1.19.3/package/opensource/eglibc/build/libc_pic.a(fcntl.os)
 .note.GNU-stack
                0x00000000        0x0 /home/uidj7648/Workspace/toyota-1.19.3/package/opensource/eglibc/build/libc_pic.a(getcwd.os)
 .note.GNU-stack
                0x00000000        0x0 /home/uidj7648/Workspace/toyota-1.19.3/package/opensource/eglibc/build/libc_pic.a(getpagesize.os)
 .note.GNU-stack
                0x00000000        0x0 /home/uidj7648/Workspace/toyota-1.19.3/package/opensource/eglibc/build/libc_pic.a(mmap.os)
 .note.GNU-stack
                0x00000000        0x0 /home/uidj7648/Workspace/toyota-1.19.3/package/opensource/eglibc/build/libc_pic.a(munmap.os)
 .note.GNU-stack
                0x00000000        0x0 /home/uidj7648/Workspace/toyota-1.19.3/package/opensource/eglibc/build/libc_pic.a(mprotect.os)
 .note.GNU-stack
                0x00000000        0x0 /home/uidj7648/Workspace/toyota-1.19.3/package/opensource/eglibc/build/libc_pic.a(profil.os)
 .note.GNU-stack
                0x00000000        0x0 /home/uidj7648/Workspace/toyota-1.19.3/package/opensource/eglibc/build/libc_pic.a(prof-freq.os)
 .note.GNU-stack
                0x00000000        0x0 /home/uidj7648/Workspace/toyota-1.19.3/package/opensource/eglibc/build/libc_pic.a(libc-cancellation.os)
 .note.GNU-stack
                0x00000000        0x0 /home/uidj7648/Workspace/toyota-1.19.3/package/opensource/eglibc/build/libc_pic.a(libc_multiple_threads.os)
 .note.GNU-stack
                0x00000000        0x0 /home/uidj7648/Workspace/toyota-1.19.3/package/opensource/eglibc/build/libc_pic.a(sysdep.os)
 .note.GNU-stack
                0x00000000        0x0 /home/uidj7648/Workspace/toyota-1.19.3/package/opensource/eglibc/build/libc_pic.a(sigaction.os)
 .note.GNU-stack
                0x00000000        0x0 /home/uidj7648/Workspace/toyota-1.19.3/package/opensource/eglibc/build/libc_pic.a(sigrestorer.os)
 .note.GNU-stack
                0x00000000        0x0 /home/uidj7648/Workspace/toyota-1.19.3/package/opensource/eglibc/build/libc_pic.a(setitimer.os)
 .note.GNU-stack
                0x00000000        0x0 /home/uidj7648/Workspace/toyota-1.19.3/package/opensource/eglibc/build/libc_pic.a(forward.os)
 .note.GNU-stack
                0x00000000        0x0 /home/uidj7648/Workspace/toyota-1.19.3/package/opensource/eglibc/build/libc_pic.a(exit.os)
 .note.GNU-stack
                0x00000000        0x0 /home/uidj7648/Workspace/toyota-1.19.3/package/opensource/eglibc/build/libc_pic.a(cxa_atexit.os)
 .note.GNU-stack
                0x00000000        0x0 /home/uidj7648/Workspace/toyota-1.19.3/package/opensource/eglibc/build/libc_pic.a(libc-lowlevellock.os)
 .note.GNU-stack
                0x00000000        0x0 /home/uidj7648/Workspace/toyota-1.19.3/release/fs/devel/usr/bin/../lib/gcc/arm-cas-linux-gnueabi/4.6.2/libgcc.a(_udivsi3.o)
 .note.GNU-stack
                0x00000000        0x0 /home/uidj7648/Workspace/toyota-1.19.3/release/fs/devel/usr/bin/../lib/gcc/arm-cas-linux-gnueabi/4.6.2/libgcc.a(_divsi3.o)
 .note.GNU-stack
                0x00000000        0x0 /home/uidj7648/Workspace/toyota-1.19.3/release/fs/devel/usr/bin/../lib/gcc/arm-cas-linux-gnueabi/4.6.2/libgcc.a(_aeabi_uldivmod.o)
 .note.GNU-stack
                0x00000000        0x0 /home/uidj7648/Workspace/toyota-1.19.3/release/fs/devel/usr/bin/../lib/gcc/arm-cas-linux-gnueabi/4.6.2/libgcc.a(_dvmd_lnx.o)
 .note.GNU-stack
                0x00000000        0x0 /home/uidj7648/Workspace/toyota-1.19.3/release/fs/devel/usr/bin/../lib/gcc/arm-cas-linux-gnueabi/4.6.2/libgcc.a(bpabi.o)
 .note.GNU-stack
                0x00000000        0x0 /home/uidj7648/Workspace/toyota-1.19.3/package/opensource/eglibc/build/libc_pic.a(raise.os)

.ARM.attributes
                0x00000000       0x41
 .ARM.attributes
                0x00000000       0x41 /home/uidj7648/Workspace/toyota-1.19.3/package/opensource/eglibc/build/elf/dl-allobjs.os
 .ARM.attributes
                0x00000041       0x41 /home/uidj7648/Workspace/toyota-1.19.3/package/opensource/eglibc/build/libc_pic.a(check_fds.os)
 .ARM.attributes
                0x00000082       0x41 /home/uidj7648/Workspace/toyota-1.19.3/package/opensource/eglibc/build/libc_pic.a(errno.os)
 .ARM.attributes
                0x000000c3       0x41 /home/uidj7648/Workspace/toyota-1.19.3/package/opensource/eglibc/build/libc_pic.a(divdi3.os)
 .ARM.attributes
                0x00000104       0x31 /home/uidj7648/Workspace/toyota-1.19.3/package/opensource/eglibc/build/libc_pic.a(setjmp.os)
 .ARM.attributes
                0x00000135       0x31 /home/uidj7648/Workspace/toyota-1.19.3/package/opensource/eglibc/build/libc_pic.a(__longjmp.os)
 .ARM.attributes
                0x00000166       0x41 /home/uidj7648/Workspace/toyota-1.19.3/package/opensource/eglibc/build/libc_pic.a(strchr.os)
 .ARM.attributes
                0x000001a7       0x41 /home/uidj7648/Workspace/toyota-1.19.3/package/opensource/eglibc/build/libc_pic.a(strcmp.os)
 .ARM.attributes
                0x000001e8       0x31 /home/uidj7648/Workspace/toyota-1.19.3/package/opensource/eglibc/build/libc_pic.a(strlen.os)
 .ARM.attributes
                0x00000219       0x41 /home/uidj7648/Workspace/toyota-1.19.3/package/opensource/eglibc/build/libc_pic.a(strnlen.os)
 .ARM.attributes
                0x0000025a       0x41 /home/uidj7648/Workspace/toyota-1.19.3/package/opensource/eglibc/build/libc_pic.a(memchr.os)
 .ARM.attributes
                0x0000029b       0x41 /home/uidj7648/Workspace/toyota-1.19.3/package/opensource/eglibc/build/libc_pic.a(memcmp.os)
 .ARM.attributes
                0x000002dc       0x31 /home/uidj7648/Workspace/toyota-1.19.3/package/opensource/eglibc/build/libc_pic.a(memmove.os)
 .ARM.attributes
                0x0000030d       0x31 /home/uidj7648/Workspace/toyota-1.19.3/package/opensource/eglibc/build/libc_pic.a(memset.os)
 .ARM.attributes
                0x0000033e       0x41 /home/uidj7648/Workspace/toyota-1.19.3/package/opensource/eglibc/build/libc_pic.a(mempcpy.os)
 .ARM.attributes
                0x0000037f       0x41 /home/uidj7648/Workspace/toyota-1.19.3/package/opensource/eglibc/build/libc_pic.a(stpcpy.os)
 .ARM.attributes
                0x000003c0       0x31 /home/uidj7648/Workspace/toyota-1.19.3/package/opensource/eglibc/build/libc_pic.a(memcpy.os)
 .ARM.attributes
                0x000003f1       0x41 /home/uidj7648/Workspace/toyota-1.19.3/package/opensource/eglibc/build/libc_pic.a(wordcopy.os)
 .ARM.attributes
                0x00000432       0x41 /home/uidj7648/Workspace/toyota-1.19.3/package/opensource/eglibc/build/libc_pic.a(rawmemchr.os)
 .ARM.attributes
                0x00000473       0x31 /home/uidj7648/Workspace/toyota-1.19.3/package/opensource/eglibc/build/libc_pic.a(uname.os)
 .ARM.attributes
                0x000004a4       0x41 /home/uidj7648/Workspace/toyota-1.19.3/package/opensource/eglibc/build/libc_pic.a(_exit.os)
 .ARM.attributes
                0x000004e5       0x41 /home/uidj7648/Workspace/toyota-1.19.3/package/opensource/eglibc/build/libc_pic.a(getpid.os)
 .ARM.attributes
                0x00000526       0x41 /home/uidj7648/Workspace/toyota-1.19.3/package/opensource/eglibc/build/libc_pic.a(environ.os)
 .ARM.attributes
                0x00000567       0x41 /home/uidj7648/Workspace/toyota-1.19.3/package/opensource/eglibc/build/libc_pic.a(xstat64.os)
 .ARM.attributes
                0x000005a8       0x41 /home/uidj7648/Workspace/toyota-1.19.3/package/opensource/eglibc/build/libc_pic.a(fxstat64.os)
 .ARM.attributes
                0x000005e9       0x31 /home/uidj7648/Workspace/toyota-1.19.3/package/opensource/eglibc/build/libc_pic.a(open.os)
 .ARM.attributes
                0x0000061a       0x31 /home/uidj7648/Workspace/toyota-1.19.3/package/opensource/eglibc/build/libc_pic.a(close.os)
 .ARM.attributes
                0x0000064b       0x31 /home/uidj7648/Workspace/toyota-1.19.3/package/opensource/eglibc/build/libc_pic.a(read.os)
 .ARM.attributes
                0x0000067c       0x31 /home/uidj7648/Workspace/toyota-1.19.3/package/opensource/eglibc/build/libc_pic.a(write.os)
 .ARM.attributes
                0x000006ad       0x31 /home/uidj7648/Workspace/toyota-1.19.3/package/opensource/eglibc/build/libc_pic.a(lseek.os)
 .ARM.attributes
                0x000006de       0x31 /home/uidj7648/Workspace/toyota-1.19.3/package/opensource/eglibc/build/libc_pic.a(access.os)
 .ARM.attributes
                0x0000070f       0x41 /home/uidj7648/Workspace/toyota-1.19.3/package/opensource/eglibc/build/libc_pic.a(fcntl.os)
 .ARM.attributes
                0x00000750       0x41 /home/uidj7648/Workspace/toyota-1.19.3/package/opensource/eglibc/build/libc_pic.a(getcwd.os)
 .ARM.attributes
                0x00000791       0x41 /home/uidj7648/Workspace/toyota-1.19.3/package/opensource/eglibc/build/libc_pic.a(getpagesize.os)
 .ARM.attributes
                0x000007d2       0x31 /home/uidj7648/Workspace/toyota-1.19.3/package/opensource/eglibc/build/libc_pic.a(mmap.os)
 .ARM.attributes
                0x00000803       0x31 /home/uidj7648/Workspace/toyota-1.19.3/package/opensource/eglibc/build/libc_pic.a(munmap.os)
 .ARM.attributes
                0x00000834       0x31 /home/uidj7648/Workspace/toyota-1.19.3/package/opensource/eglibc/build/libc_pic.a(mprotect.os)
 .ARM.attributes
                0x00000865       0x41 /home/uidj7648/Workspace/toyota-1.19.3/package/opensource/eglibc/build/libc_pic.a(profil.os)
 .ARM.attributes
                0x000008a6       0x41 /home/uidj7648/Workspace/toyota-1.19.3/package/opensource/eglibc/build/libc_pic.a(prof-freq.os)
 .ARM.attributes
                0x000008e7       0x41 /home/uidj7648/Workspace/toyota-1.19.3/package/opensource/eglibc/build/libc_pic.a(libc-cancellation.os)
 .ARM.attributes
                0x00000928       0x41 /home/uidj7648/Workspace/toyota-1.19.3/package/opensource/eglibc/build/libc_pic.a(libc_multiple_threads.os)
 .ARM.attributes
                0x00000969       0x31 /home/uidj7648/Workspace/toyota-1.19.3/package/opensource/eglibc/build/libc_pic.a(sysdep.os)
 .ARM.attributes
                0x0000099a       0x41 /home/uidj7648/Workspace/toyota-1.19.3/package/opensource/eglibc/build/libc_pic.a(sigaction.os)
 .ARM.attributes
                0x000009db       0x31 /home/uidj7648/Workspace/toyota-1.19.3/package/opensource/eglibc/build/libc_pic.a(sigrestorer.os)
 .ARM.attributes
                0x00000a0c       0x31 /home/uidj7648/Workspace/toyota-1.19.3/package/opensource/eglibc/build/libc_pic.a(setitimer.os)
 .ARM.attributes
                0x00000a3d       0x41 /home/uidj7648/Workspace/toyota-1.19.3/package/opensource/eglibc/build/libc_pic.a(forward.os)
 .ARM.attributes
                0x00000a7e       0x41 /home/uidj7648/Workspace/toyota-1.19.3/package/opensource/eglibc/build/libc_pic.a(exit.os)
 .ARM.attributes
                0x00000abf       0x41 /home/uidj7648/Workspace/toyota-1.19.3/package/opensource/eglibc/build/libc_pic.a(cxa_atexit.os)
 .ARM.attributes
                0x00000b00       0x41 /home/uidj7648/Workspace/toyota-1.19.3/package/opensource/eglibc/build/libc_pic.a(libc-lowlevellock.os)
 .ARM.attributes
                0x00000b41       0x2f /home/uidj7648/Workspace/toyota-1.19.3/release/fs/devel/usr/bin/../lib/gcc/arm-cas-linux-gnueabi/4.6.2/libgcc.a(_udivsi3.o)
 .ARM.attributes
                0x00000b70       0x2f /home/uidj7648/Workspace/toyota-1.19.3/release/fs/devel/usr/bin/../lib/gcc/arm-cas-linux-gnueabi/4.6.2/libgcc.a(_divsi3.o)
 .ARM.attributes
                0x00000b9f       0x2f /home/uidj7648/Workspace/toyota-1.19.3/release/fs/devel/usr/bin/../lib/gcc/arm-cas-linux-gnueabi/4.6.2/libgcc.a(_aeabi_uldivmod.o)
 .ARM.attributes
                0x00000bce       0x2f /home/uidj7648/Workspace/toyota-1.19.3/release/fs/devel/usr/bin/../lib/gcc/arm-cas-linux-gnueabi/4.6.2/libgcc.a(_dvmd_lnx.o)
 .ARM.attributes
                0x00000bfd       0x41 /home/uidj7648/Workspace/toyota-1.19.3/release/fs/devel/usr/bin/../lib/gcc/arm-cas-linux-gnueabi/4.6.2/libgcc.a(bpabi.o)
 .ARM.attributes
                0x00000c3e       0x41 /home/uidj7648/Workspace/toyota-1.19.3/package/opensource/eglibc/build/libc_pic.a(raise.os)

.debug
 *(.debug)

.line
 *(.line)

.debug_srcinfo
 *(.debug_srcinfo)

.debug_sfnames
 *(.debug_sfnames)

.debug_aranges  0x00000000      0x7d8
 *(.debug_aranges)
 .debug_aranges
                0x00000000      0x3d0 /home/uidj7648/Workspace/toyota-1.19.3/package/opensource/eglibc/build/elf/dl-allobjs.os
 .debug_aranges
                0x000003d0       0x20 /home/uidj7648/Workspace/toyota-1.19.3/package/opensource/eglibc/build/libc_pic.a(check_fds.os)
 .debug_aranges
                0x000003f0       0x20 /home/uidj7648/Workspace/toyota-1.19.3/package/opensource/eglibc/build/libc_pic.a(divdi3.os)
 .debug_aranges
                0x00000410       0x20 /home/uidj7648/Workspace/toyota-1.19.3/package/opensource/eglibc/build/libc_pic.a(strchr.os)
 .debug_aranges
                0x00000430       0x20 /home/uidj7648/Workspace/toyota-1.19.3/package/opensource/eglibc/build/libc_pic.a(strcmp.os)
 .debug_aranges
                0x00000450       0x20 /home/uidj7648/Workspace/toyota-1.19.3/package/opensource/eglibc/build/libc_pic.a(strnlen.os)
 .debug_aranges
                0x00000470       0x20 /home/uidj7648/Workspace/toyota-1.19.3/package/opensource/eglibc/build/libc_pic.a(memchr.os)
 .debug_aranges
                0x00000490       0x20 /home/uidj7648/Workspace/toyota-1.19.3/package/opensource/eglibc/build/libc_pic.a(memcmp.os)
 .debug_aranges
                0x000004b0       0x20 /home/uidj7648/Workspace/toyota-1.19.3/package/opensource/eglibc/build/libc_pic.a(mempcpy.os)
 .debug_aranges
                0x000004d0       0x20 /home/uidj7648/Workspace/toyota-1.19.3/package/opensource/eglibc/build/libc_pic.a(stpcpy.os)
 .debug_aranges
                0x000004f0       0x20 /home/uidj7648/Workspace/toyota-1.19.3/package/opensource/eglibc/build/libc_pic.a(wordcopy.os)
 .debug_aranges
                0x00000510       0x20 /home/uidj7648/Workspace/toyota-1.19.3/package/opensource/eglibc/build/libc_pic.a(rawmemchr.os)
 .debug_aranges
                0x00000530       0x20 /home/uidj7648/Workspace/toyota-1.19.3/package/opensource/eglibc/build/libc_pic.a(_exit.os)
 .debug_aranges
                0x00000550       0x20 /home/uidj7648/Workspace/toyota-1.19.3/package/opensource/eglibc/build/libc_pic.a(getpid.os)
 .debug_aranges
                0x00000570       0x20 /home/uidj7648/Workspace/toyota-1.19.3/package/opensource/eglibc/build/libc_pic.a(xstat64.os)
 .debug_aranges
                0x00000590       0x20 /home/uidj7648/Workspace/toyota-1.19.3/package/opensource/eglibc/build/libc_pic.a(fxstat64.os)
 .debug_aranges
                0x000005b0       0x20 /home/uidj7648/Workspace/toyota-1.19.3/package/opensource/eglibc/build/libc_pic.a(fcntl.os)
 .debug_aranges
                0x000005d0       0x20 /home/uidj7648/Workspace/toyota-1.19.3/package/opensource/eglibc/build/libc_pic.a(getcwd.os)
 .debug_aranges
                0x000005f0       0x20 /home/uidj7648/Workspace/toyota-1.19.3/package/opensource/eglibc/build/libc_pic.a(getpagesize.os)
 .debug_aranges
                0x00000610       0x20 /home/uidj7648/Workspace/toyota-1.19.3/package/opensource/eglibc/build/libc_pic.a(profil.os)
 .debug_aranges
                0x00000630       0x20 /home/uidj7648/Workspace/toyota-1.19.3/package/opensource/eglibc/build/libc_pic.a(prof-freq.os)
 .debug_aranges
                0x00000650       0x20 /home/uidj7648/Workspace/toyota-1.19.3/package/opensource/eglibc/build/libc_pic.a(libc-cancellation.os)
 .debug_aranges
                0x00000670       0x20 /home/uidj7648/Workspace/toyota-1.19.3/package/opensource/eglibc/build/libc_pic.a(sigaction.os)
 .debug_aranges
                0x00000690       0x28 /home/uidj7648/Workspace/toyota-1.19.3/package/opensource/eglibc/build/libc_pic.a(forward.os)
 .debug_aranges
                0x000006b8       0x20 /home/uidj7648/Workspace/toyota-1.19.3/package/opensource/eglibc/build/libc_pic.a(exit.os)
 .debug_aranges
                0x000006d8       0x20 /home/uidj7648/Workspace/toyota-1.19.3/package/opensource/eglibc/build/libc_pic.a(cxa_atexit.os)
 .debug_aranges
                0x000006f8       0x20 /home/uidj7648/Workspace/toyota-1.19.3/package/opensource/eglibc/build/libc_pic.a(libc-lowlevellock.os)
 .debug_aranges
                0x00000718       0x20 /home/uidj7648/Workspace/toyota-1.19.3/release/fs/devel/usr/bin/../lib/gcc/arm-cas-linux-gnueabi/4.6.2/libgcc.a(_udivsi3.o)
 .debug_aranges
                0x00000738       0x20 /home/uidj7648/Workspace/toyota-1.19.3/release/fs/devel/usr/bin/../lib/gcc/arm-cas-linux-gnueabi/4.6.2/libgcc.a(_divsi3.o)
 .debug_aranges
                0x00000758       0x20 /home/uidj7648/Workspace/toyota-1.19.3/release/fs/devel/usr/bin/../lib/gcc/arm-cas-linux-gnueabi/4.6.2/libgcc.a(_aeabi_uldivmod.o)
 .debug_aranges
                0x00000778       0x20 /home/uidj7648/Workspace/toyota-1.19.3/release/fs/devel/usr/bin/../lib/gcc/arm-cas-linux-gnueabi/4.6.2/libgcc.a(_dvmd_lnx.o)
 .debug_aranges
                0x00000798       0x20 /home/uidj7648/Workspace/toyota-1.19.3/release/fs/devel/usr/bin/../lib/gcc/arm-cas-linux-gnueabi/4.6.2/libgcc.a(bpabi.o)
 .debug_aranges
                0x000007b8       0x20 /home/uidj7648/Workspace/toyota-1.19.3/package/opensource/eglibc/build/libc_pic.a(raise.os)

.debug_pubnames
 *(.debug_pubnames)

.debug_info     0x00000000    0x53d3d
 *(.debug_info)
 .debug_info    0x00000000    0x42652 /home/uidj7648/Workspace/toyota-1.19.3/package/opensource/eglibc/build/elf/dl-allobjs.os
 .debug_info    0x00042652      0x510 /home/uidj7648/Workspace/toyota-1.19.3/package/opensource/eglibc/build/libc_pic.a(check_fds.os)
 .debug_info    0x00042b62      0x1b4 /home/uidj7648/Workspace/toyota-1.19.3/package/opensource/eglibc/build/libc_pic.a(errno.os)
 .debug_info    0x00042d16      0x555 /home/uidj7648/Workspace/toyota-1.19.3/package/opensource/eglibc/build/libc_pic.a(divdi3.os)
 .debug_info    0x0004326b      0x164 /home/uidj7648/Workspace/toyota-1.19.3/package/opensource/eglibc/build/libc_pic.a(strchr.os)
 .debug_info    0x000433cf      0x11c /home/uidj7648/Workspace/toyota-1.19.3/package/opensource/eglibc/build/libc_pic.a(strcmp.os)
 .debug_info    0x000434eb      0x169 /home/uidj7648/Workspace/toyota-1.19.3/package/opensource/eglibc/build/libc_pic.a(strnlen.os)
 .debug_info    0x00043654      0x174 /home/uidj7648/Workspace/toyota-1.19.3/package/opensource/eglibc/build/libc_pic.a(memchr.os)
 .debug_info    0x000437c8      0x704 /home/uidj7648/Workspace/toyota-1.19.3/package/opensource/eglibc/build/libc_pic.a(memcmp.os)
 .debug_info    0x00043ecc      0x183 /home/uidj7648/Workspace/toyota-1.19.3/package/opensource/eglibc/build/libc_pic.a(mempcpy.os)
 .debug_info    0x0004404f       0xfb /home/uidj7648/Workspace/toyota-1.19.3/package/opensource/eglibc/build/libc_pic.a(stpcpy.os)
 .debug_info    0x0004414a      0x39b /home/uidj7648/Workspace/toyota-1.19.3/package/opensource/eglibc/build/libc_pic.a(wordcopy.os)
 .debug_info    0x000444e5      0x162 /home/uidj7648/Workspace/toyota-1.19.3/package/opensource/eglibc/build/libc_pic.a(rawmemchr.os)
 .debug_info    0x00044647      0x25c /home/uidj7648/Workspace/toyota-1.19.3/package/opensource/eglibc/build/libc_pic.a(_exit.os)
 .debug_info    0x000448a3      0xf55 /home/uidj7648/Workspace/toyota-1.19.3/package/opensource/eglibc/build/libc_pic.a(getpid.os)
 .debug_info    0x000457f8       0xde /home/uidj7648/Workspace/toyota-1.19.3/package/opensource/eglibc/build/libc_pic.a(environ.os)
 .debug_info    0x000458d6      0x415 /home/uidj7648/Workspace/toyota-1.19.3/package/opensource/eglibc/build/libc_pic.a(xstat64.os)
 .debug_info    0x00045ceb      0x409 /home/uidj7648/Workspace/toyota-1.19.3/package/opensource/eglibc/build/libc_pic.a(fxstat64.os)
 .debug_info    0x000460f4      0x519 /home/uidj7648/Workspace/toyota-1.19.3/package/opensource/eglibc/build/libc_pic.a(fcntl.os)
 .debug_info    0x0004660d      0x2b4 /home/uidj7648/Workspace/toyota-1.19.3/package/opensource/eglibc/build/libc_pic.a(getcwd.os)
 .debug_info    0x000468c1     0x1bcd /home/uidj7648/Workspace/toyota-1.19.3/package/opensource/eglibc/build/libc_pic.a(getpagesize.os)
 .debug_info    0x0004848e      0x8f0 /home/uidj7648/Workspace/toyota-1.19.3/package/opensource/eglibc/build/libc_pic.a(profil.os)
 .debug_info    0x00048d7e     0x1ba2 /home/uidj7648/Workspace/toyota-1.19.3/package/opensource/eglibc/build/libc_pic.a(prof-freq.os)
 .debug_info    0x0004a920     0x11d0 /home/uidj7648/Workspace/toyota-1.19.3/package/opensource/eglibc/build/libc_pic.a(libc-cancellation.os)
 .debug_info    0x0004baf0      0x2a9 /home/uidj7648/Workspace/toyota-1.19.3/package/opensource/eglibc/build/libc_pic.a(libc_multiple_threads.os)
 .debug_info    0x0004bd99     0x2137 /home/uidj7648/Workspace/toyota-1.19.3/package/opensource/eglibc/build/libc_pic.a(sigaction.os)
 .debug_info    0x0004ded0     0x18ac /home/uidj7648/Workspace/toyota-1.19.3/package/opensource/eglibc/build/libc_pic.a(forward.os)
 .debug_info    0x0004f77c      0xe2b /home/uidj7648/Workspace/toyota-1.19.3/package/opensource/eglibc/build/libc_pic.a(exit.os)
 .debug_info    0x000505a7     0x12d6 /home/uidj7648/Workspace/toyota-1.19.3/package/opensource/eglibc/build/libc_pic.a(cxa_atexit.os)
 .debug_info    0x0005187d     0x1037 /home/uidj7648/Workspace/toyota-1.19.3/package/opensource/eglibc/build/libc_pic.a(libc-lowlevellock.os)
 .debug_info    0x000528b4       0xc0 /home/uidj7648/Workspace/toyota-1.19.3/release/fs/devel/usr/bin/../lib/gcc/arm-cas-linux-gnueabi/4.6.2/libgcc.a(_udivsi3.o)
 .debug_info    0x00052974       0xc0 /home/uidj7648/Workspace/toyota-1.19.3/release/fs/devel/usr/bin/../lib/gcc/arm-cas-linux-gnueabi/4.6.2/libgcc.a(_divsi3.o)
 .debug_info    0x00052a34       0xba /home/uidj7648/Workspace/toyota-1.19.3/release/fs/devel/usr/bin/../lib/gcc/arm-cas-linux-gnueabi/4.6.2/libgcc.a(_aeabi_uldivmod.o)
 .debug_info    0x00052aee       0xc0 /home/uidj7648/Workspace/toyota-1.19.3/release/fs/devel/usr/bin/../lib/gcc/arm-cas-linux-gnueabi/4.6.2/libgcc.a(_dvmd_lnx.o)
 .debug_info    0x00052bae       0xf0 /home/uidj7648/Workspace/toyota-1.19.3/release/fs/devel/usr/bin/../lib/gcc/arm-cas-linux-gnueabi/4.6.2/libgcc.a(bpabi.o)
 .debug_info    0x00052c9e     0x109f /home/uidj7648/Workspace/toyota-1.19.3/package/opensource/eglibc/build/libc_pic.a(raise.os)

.debug_abbrev   0x00000000     0x82bc
 *(.debug_abbrev)
 .debug_abbrev  0x00000000     0x5703 /home/uidj7648/Workspace/toyota-1.19.3/package/opensource/eglibc/build/elf/dl-allobjs.os
 .debug_abbrev  0x00005703      0x175 /home/uidj7648/Workspace/toyota-1.19.3/package/opensource/eglibc/build/libc_pic.a(check_fds.os)
 .debug_abbrev  0x00005878       0xc7 /home/uidj7648/Workspace/toyota-1.19.3/package/opensource/eglibc/build/libc_pic.a(errno.os)
 .debug_abbrev  0x0000593f      0x163 /home/uidj7648/Workspace/toyota-1.19.3/package/opensource/eglibc/build/libc_pic.a(divdi3.os)
 .debug_abbrev  0x00005aa2       0xbc /home/uidj7648/Workspace/toyota-1.19.3/package/opensource/eglibc/build/libc_pic.a(strchr.os)
 .debug_abbrev  0x00005b5e       0x97 /home/uidj7648/Workspace/toyota-1.19.3/package/opensource/eglibc/build/libc_pic.a(strcmp.os)
 .debug_abbrev  0x00005bf5       0xc4 /home/uidj7648/Workspace/toyota-1.19.3/package/opensource/eglibc/build/libc_pic.a(strnlen.os)
 .debug_abbrev  0x00005cb9       0xf0 /home/uidj7648/Workspace/toyota-1.19.3/package/opensource/eglibc/build/libc_pic.a(memchr.os)
 .debug_abbrev  0x00005da9      0x171 /home/uidj7648/Workspace/toyota-1.19.3/package/opensource/eglibc/build/libc_pic.a(memcmp.os)
 .debug_abbrev  0x00005f1a       0xd1 /home/uidj7648/Workspace/toyota-1.19.3/package/opensource/eglibc/build/libc_pic.a(mempcpy.os)
 .debug_abbrev  0x00005feb       0xa4 /home/uidj7648/Workspace/toyota-1.19.3/package/opensource/eglibc/build/libc_pic.a(stpcpy.os)
 .debug_abbrev  0x0000608f      0x10c /home/uidj7648/Workspace/toyota-1.19.3/package/opensource/eglibc/build/libc_pic.a(wordcopy.os)
 .debug_abbrev  0x0000619b       0xc8 /home/uidj7648/Workspace/toyota-1.19.3/package/opensource/eglibc/build/libc_pic.a(rawmemchr.os)
 .debug_abbrev  0x00006263      0x125 /home/uidj7648/Workspace/toyota-1.19.3/package/opensource/eglibc/build/libc_pic.a(_exit.os)
 .debug_abbrev  0x00006388      0x244 /home/uidj7648/Workspace/toyota-1.19.3/package/opensource/eglibc/build/libc_pic.a(getpid.os)
 .debug_abbrev  0x000065cc       0x66 /home/uidj7648/Workspace/toyota-1.19.3/package/opensource/eglibc/build/libc_pic.a(environ.os)
 .debug_abbrev  0x00006632      0x11b /home/uidj7648/Workspace/toyota-1.19.3/package/opensource/eglibc/build/libc_pic.a(xstat64.os)
 .debug_abbrev  0x0000674d      0x11b /home/uidj7648/Workspace/toyota-1.19.3/package/opensource/eglibc/build/libc_pic.a(fxstat64.os)
 .debug_abbrev  0x00006868      0x1ac /home/uidj7648/Workspace/toyota-1.19.3/package/opensource/eglibc/build/libc_pic.a(fcntl.os)
 .debug_abbrev  0x00006a14      0x139 /home/uidj7648/Workspace/toyota-1.19.3/package/opensource/eglibc/build/libc_pic.a(getcwd.os)
 .debug_abbrev  0x00006b4d      0x202 /home/uidj7648/Workspace/toyota-1.19.3/package/opensource/eglibc/build/libc_pic.a(getpagesize.os)
 .debug_abbrev  0x00006d4f      0x1f5 /home/uidj7648/Workspace/toyota-1.19.3/package/opensource/eglibc/build/libc_pic.a(profil.os)
 .debug_abbrev  0x00006f44      0x1f3 /home/uidj7648/Workspace/toyota-1.19.3/package/opensource/eglibc/build/libc_pic.a(prof-freq.os)
 .debug_abbrev  0x00007137      0x280 /home/uidj7648/Workspace/toyota-1.19.3/package/opensource/eglibc/build/libc_pic.a(libc-cancellation.os)
 .debug_abbrev  0x000073b7       0xfb /home/uidj7648/Workspace/toyota-1.19.3/package/opensource/eglibc/build/libc_pic.a(libc_multiple_threads.os)
 .debug_abbrev  0x000074b2      0x2b1 /home/uidj7648/Workspace/toyota-1.19.3/package/opensource/eglibc/build/libc_pic.a(sigaction.os)
 .debug_abbrev  0x00007763      0x1f4 /home/uidj7648/Workspace/toyota-1.19.3/package/opensource/eglibc/build/libc_pic.a(forward.os)
 .debug_abbrev  0x00007957      0x20b /home/uidj7648/Workspace/toyota-1.19.3/package/opensource/eglibc/build/libc_pic.a(exit.os)
 .debug_abbrev  0x00007b62      0x265 /home/uidj7648/Workspace/toyota-1.19.3/package/opensource/eglibc/build/libc_pic.a(cxa_atexit.os)
 .debug_abbrev  0x00007dc7      0x209 /home/uidj7648/Workspace/toyota-1.19.3/package/opensource/eglibc/build/libc_pic.a(libc-lowlevellock.os)
 .debug_abbrev  0x00007fd0       0x14 /home/uidj7648/Workspace/toyota-1.19.3/release/fs/devel/usr/bin/../lib/gcc/arm-cas-linux-gnueabi/4.6.2/libgcc.a(_udivsi3.o)
 .debug_abbrev  0x00007fe4       0x14 /home/uidj7648/Workspace/toyota-1.19.3/release/fs/devel/usr/bin/../lib/gcc/arm-cas-linux-gnueabi/4.6.2/libgcc.a(_divsi3.o)
 .debug_abbrev  0x00007ff8       0x14 /home/uidj7648/Workspace/toyota-1.19.3/release/fs/devel/usr/bin/../lib/gcc/arm-cas-linux-gnueabi/4.6.2/libgcc.a(_aeabi_uldivmod.o)
 .debug_abbrev  0x0000800c       0x14 /home/uidj7648/Workspace/toyota-1.19.3/release/fs/devel/usr/bin/../lib/gcc/arm-cas-linux-gnueabi/4.6.2/libgcc.a(_dvmd_lnx.o)
 .debug_abbrev  0x00008020       0x6e /home/uidj7648/Workspace/toyota-1.19.3/release/fs/devel/usr/bin/../lib/gcc/arm-cas-linux-gnueabi/4.6.2/libgcc.a(bpabi.o)
 .debug_abbrev  0x0000808e      0x22e /home/uidj7648/Workspace/toyota-1.19.3/package/opensource/eglibc/build/libc_pic.a(raise.os)

.debug_line     0x00000000     0xcf69
 *(.debug_line)
 .debug_line    0x00000000     0x9759 /home/uidj7648/Workspace/toyota-1.19.3/package/opensource/eglibc/build/elf/dl-allobjs.os
 .debug_line    0x00009759      0x168 /home/uidj7648/Workspace/toyota-1.19.3/package/opensource/eglibc/build/libc_pic.a(check_fds.os)
 .debug_line    0x000098c1       0x9c /home/uidj7648/Workspace/toyota-1.19.3/package/opensource/eglibc/build/libc_pic.a(errno.os)
 .debug_line    0x0000995d      0x1a6 /home/uidj7648/Workspace/toyota-1.19.3/package/opensource/eglibc/build/libc_pic.a(divdi3.os)
 .debug_line    0x00009b03       0xa8 /home/uidj7648/Workspace/toyota-1.19.3/package/opensource/eglibc/build/libc_pic.a(strchr.os)
 .debug_line    0x00009bab       0x56 /home/uidj7648/Workspace/toyota-1.19.3/package/opensource/eglibc/build/libc_pic.a(strcmp.os)
 .debug_line    0x00009c01      0x123 /home/uidj7648/Workspace/toyota-1.19.3/package/opensource/eglibc/build/libc_pic.a(strnlen.os)
 .debug_line    0x00009d24      0x131 /home/uidj7648/Workspace/toyota-1.19.3/package/opensource/eglibc/build/libc_pic.a(memchr.os)
 .debug_line    0x00009e55      0x25e /home/uidj7648/Workspace/toyota-1.19.3/package/opensource/eglibc/build/libc_pic.a(memcmp.os)
 .debug_line    0x0000a0b3      0x122 /home/uidj7648/Workspace/toyota-1.19.3/package/opensource/eglibc/build/libc_pic.a(mempcpy.os)
 .debug_line    0x0000a1d5       0x5d /home/uidj7648/Workspace/toyota-1.19.3/package/opensource/eglibc/build/libc_pic.a(stpcpy.os)
 .debug_line    0x0000a232      0x1f4 /home/uidj7648/Workspace/toyota-1.19.3/package/opensource/eglibc/build/libc_pic.a(wordcopy.os)
 .debug_line    0x0000a426       0x8b /home/uidj7648/Workspace/toyota-1.19.3/package/opensource/eglibc/build/libc_pic.a(rawmemchr.os)
 .debug_line    0x0000a4b1       0xcb /home/uidj7648/Workspace/toyota-1.19.3/package/opensource/eglibc/build/libc_pic.a(_exit.os)
 .debug_line    0x0000a57c      0x2e4 /home/uidj7648/Workspace/toyota-1.19.3/package/opensource/eglibc/build/libc_pic.a(getpid.os)
 .debug_line    0x0000a860       0x3f /home/uidj7648/Workspace/toyota-1.19.3/package/opensource/eglibc/build/libc_pic.a(environ.os)
 .debug_line    0x0000a89f      0x126 /home/uidj7648/Workspace/toyota-1.19.3/package/opensource/eglibc/build/libc_pic.a(xstat64.os)
 .debug_line    0x0000a9c5      0x127 /home/uidj7648/Workspace/toyota-1.19.3/package/opensource/eglibc/build/libc_pic.a(fxstat64.os)
 .debug_line    0x0000aaec      0x256 /home/uidj7648/Workspace/toyota-1.19.3/package/opensource/eglibc/build/libc_pic.a(fcntl.os)
 .debug_line    0x0000ad42      0x18c /home/uidj7648/Workspace/toyota-1.19.3/package/opensource/eglibc/build/libc_pic.a(getcwd.os)
 .debug_line    0x0000aece      0x24d /home/uidj7648/Workspace/toyota-1.19.3/package/opensource/eglibc/build/libc_pic.a(getpagesize.os)
 .debug_line    0x0000b11b      0x318 /home/uidj7648/Workspace/toyota-1.19.3/package/opensource/eglibc/build/libc_pic.a(profil.os)
 .debug_line    0x0000b433      0x248 /home/uidj7648/Workspace/toyota-1.19.3/package/opensource/eglibc/build/libc_pic.a(prof-freq.os)
 .debug_line    0x0000b67b      0x331 /home/uidj7648/Workspace/toyota-1.19.3/package/opensource/eglibc/build/libc_pic.a(libc-cancellation.os)
 .debug_line    0x0000b9ac      0x119 /home/uidj7648/Workspace/toyota-1.19.3/package/opensource/eglibc/build/libc_pic.a(libc_multiple_threads.os)
 .debug_line    0x0000bac5      0x3b7 /home/uidj7648/Workspace/toyota-1.19.3/package/opensource/eglibc/build/libc_pic.a(sigaction.os)
 .debug_line    0x0000be7c      0x33e /home/uidj7648/Workspace/toyota-1.19.3/package/opensource/eglibc/build/libc_pic.a(forward.os)
 .debug_line    0x0000c1ba      0x1e8 /home/uidj7648/Workspace/toyota-1.19.3/package/opensource/eglibc/build/libc_pic.a(exit.os)
 .debug_line    0x0000c3a2      0x362 /home/uidj7648/Workspace/toyota-1.19.3/package/opensource/eglibc/build/libc_pic.a(cxa_atexit.os)
 .debug_line    0x0000c704      0x303 /home/uidj7648/Workspace/toyota-1.19.3/package/opensource/eglibc/build/libc_pic.a(libc-lowlevellock.os)
 .debug_line    0x0000ca07       0x83 /home/uidj7648/Workspace/toyota-1.19.3/release/fs/devel/usr/bin/../lib/gcc/arm-cas-linux-gnueabi/4.6.2/libgcc.a(_udivsi3.o)
 .debug_line    0x0000ca8a       0x8f /home/uidj7648/Workspace/toyota-1.19.3/release/fs/devel/usr/bin/../lib/gcc/arm-cas-linux-gnueabi/4.6.2/libgcc.a(_divsi3.o)
 .debug_line    0x0000cb19       0x63 /home/uidj7648/Workspace/toyota-1.19.3/release/fs/devel/usr/bin/../lib/gcc/arm-cas-linux-gnueabi/4.6.2/libgcc.a(_aeabi_uldivmod.o)
 .debug_line    0x0000cb7c       0x66 /home/uidj7648/Workspace/toyota-1.19.3/release/fs/devel/usr/bin/../lib/gcc/arm-cas-linux-gnueabi/4.6.2/libgcc.a(_dvmd_lnx.o)
 .debug_line    0x0000cbe2       0x62 /home/uidj7648/Workspace/toyota-1.19.3/release/fs/devel/usr/bin/../lib/gcc/arm-cas-linux-gnueabi/4.6.2/libgcc.a(bpabi.o)
 .debug_line    0x0000cc44      0x325 /home/uidj7648/Workspace/toyota-1.19.3/package/opensource/eglibc/build/libc_pic.a(raise.os)

.debug_frame    0x00000000     0x224c
 *(.debug_frame)
 .debug_frame   0x00000000     0x1348 /home/uidj7648/Workspace/toyota-1.19.3/package/opensource/eglibc/build/elf/dl-allobjs.os
 .debug_frame   0x00001348       0x4c /home/uidj7648/Workspace/toyota-1.19.3/package/opensource/eglibc/build/libc_pic.a(check_fds.os)
 .debug_frame   0x00001394       0xa4 /home/uidj7648/Workspace/toyota-1.19.3/package/opensource/eglibc/build/libc_pic.a(divdi3.os)
 .debug_frame   0x00001438       0x20 /home/uidj7648/Workspace/toyota-1.19.3/package/opensource/eglibc/build/libc_pic.a(setjmp.os)
 .debug_frame   0x00001458       0x2c /home/uidj7648/Workspace/toyota-1.19.3/package/opensource/eglibc/build/libc_pic.a(__longjmp.os)
 .debug_frame   0x00001484       0x30 /home/uidj7648/Workspace/toyota-1.19.3/package/opensource/eglibc/build/libc_pic.a(strchr.os)
 .debug_frame   0x000014b4       0x20 /home/uidj7648/Workspace/toyota-1.19.3/package/opensource/eglibc/build/libc_pic.a(strcmp.os)
 .debug_frame   0x000014d4       0x20 /home/uidj7648/Workspace/toyota-1.19.3/package/opensource/eglibc/build/libc_pic.a(strlen.os)
 .debug_frame   0x000014f4       0x2c /home/uidj7648/Workspace/toyota-1.19.3/package/opensource/eglibc/build/libc_pic.a(strnlen.os)
 .debug_frame   0x00001520       0x2c /home/uidj7648/Workspace/toyota-1.19.3/package/opensource/eglibc/build/libc_pic.a(memchr.os)
 .debug_frame   0x0000154c       0x38 /home/uidj7648/Workspace/toyota-1.19.3/package/opensource/eglibc/build/libc_pic.a(memcmp.os)
 .debug_frame   0x00001584       0x7c /home/uidj7648/Workspace/toyota-1.19.3/package/opensource/eglibc/build/libc_pic.a(memmove.os)
 .debug_frame   0x00001600       0x20 /home/uidj7648/Workspace/toyota-1.19.3/package/opensource/eglibc/build/libc_pic.a(memset.os)
 .debug_frame   0x00001620       0x30 /home/uidj7648/Workspace/toyota-1.19.3/package/opensource/eglibc/build/libc_pic.a(mempcpy.os)
 .debug_frame   0x00001650       0x20 /home/uidj7648/Workspace/toyota-1.19.3/package/opensource/eglibc/build/libc_pic.a(stpcpy.os)
 .debug_frame   0x00001670       0x7c /home/uidj7648/Workspace/toyota-1.19.3/package/opensource/eglibc/build/libc_pic.a(memcpy.os)
 .debug_frame   0x000016ec       0x78 /home/uidj7648/Workspace/toyota-1.19.3/package/opensource/eglibc/build/libc_pic.a(wordcopy.os)
 .debug_frame   0x00001764       0x2c /home/uidj7648/Workspace/toyota-1.19.3/package/opensource/eglibc/build/libc_pic.a(rawmemchr.os)
 .debug_frame   0x00001790       0x28 /home/uidj7648/Workspace/toyota-1.19.3/package/opensource/eglibc/build/libc_pic.a(uname.os)
 .debug_frame   0x000017b8       0x28 /home/uidj7648/Workspace/toyota-1.19.3/package/opensource/eglibc/build/libc_pic.a(_exit.os)
 .debug_frame   0x000017e0       0x28 /home/uidj7648/Workspace/toyota-1.19.3/package/opensource/eglibc/build/libc_pic.a(getpid.os)
 .debug_frame   0x00001808       0x28 /home/uidj7648/Workspace/toyota-1.19.3/package/opensource/eglibc/build/libc_pic.a(xstat64.os)